Component: ARM Compiler 5.06 update 6 (build 750) Tool: armlink [4d35ed]

==============================================================================

Section Cross References

    tuya_ble_app_demo.o(i.tuya_ble_app_data_process) refers to tuya_ble_api.o(i.tuya_ble_connected_handler) for tuya_ble_connected_handler
    tuya_ble_app_demo.o(i.tuya_ble_app_data_process) refers to tuya_ble_app_ota.o(i.app_ota_disconn_handler) for app_ota_disconn_handler
    tuya_ble_app_demo.o(i.tuya_ble_app_data_process) refers to tuya_ble_api.o(i.tuya_ble_disconnected_handler) for tuya_ble_disconnected_handler
    tuya_ble_app_demo.o(i.tuya_ble_app_data_process) refers to tuya_ble_mem.o(i.tuya_ble_free) for tuya_ble_free
    tuya_ble_app_demo.o(i.tuya_ble_app_evt_send) refers to tuya_ble_main.o(i.tuya_ble_custom_event_send) for tuya_ble_custom_event_send
    tuya_ble_app_demo.o(i.tuya_ble_app_evt_send) refers to tuya_ble_app_demo.o(i.tuya_ble_app_data_process) for tuya_ble_app_data_process
    tuya_ble_app_demo.o(i.tuya_ble_app_evt_send_with_data) refers to tuya_ble_mem.o(i.tuya_ble_malloc) for tuya_ble_malloc
    tuya_ble_app_demo.o(i.tuya_ble_app_evt_send_with_data) refers to uwrite4.o(.text) for __aeabi_uwrite4
    tuya_ble_app_demo.o(i.tuya_ble_app_evt_send_with_data) refers to tuya_ble_main.o(i.tuya_ble_custom_event_send) for tuya_ble_custom_event_send
    tuya_ble_app_demo.o(i.tuya_ble_app_evt_send_with_data) refers to elog.o(i.elog_output) for elog_output
    tuya_ble_app_demo.o(i.tuya_ble_app_evt_send_with_data) refers to tuya_ble_app_demo.o(i.tuya_ble_app_data_process) for tuya_ble_app_data_process
    tuya_ble_app_demo.o(i.tuya_ble_app_evt_send_with_data) refers to tuya_ble_app_demo.o(.constdata) for .constdata
    tuya_ble_app_demo.o(i.tuya_ble_app_evt_send_with_data) refers to tuya_ble_app_demo.o(.conststring) for .conststring
    tuya_ble_app_demo.o(i.tuya_ble_app_init) refers to tuya_ble_api.o(i.tuya_ble_sdk_init) for tuya_ble_sdk_init
    tuya_ble_app_demo.o(i.tuya_ble_app_init) refers to tuya_ble_api.o(i.tuya_ble_callback_queue_register) for tuya_ble_callback_queue_register
    tuya_ble_app_demo.o(i.tuya_ble_app_init) refers to tuya_ble_app_ota.o(i.app_ota_init) for app_ota_init
    tuya_ble_app_demo.o(i.tuya_ble_app_init) refers to tuya_ble_app_demo.o(.data) for .data
    tuya_ble_app_demo.o(i.tuya_ble_app_init) refers to tuya_ble_app_demo.o(.constdata) for .constdata
    tuya_ble_app_demo.o(i.tuya_ble_app_init) refers to tuya_ble_app_demo.o(i.tuya_ble_sdk_callback) for tuya_ble_sdk_callback
    tuya_ble_app_demo.o(i.tuya_ble_sdk_callback) refers to elog.o(i.elog_output) for elog_output
    tuya_ble_app_demo.o(i.tuya_ble_sdk_callback) refers to suble_common.o(i.suble_log_hexdump_for_tuya_ble_sdk) for suble_log_hexdump_for_tuya_ble_sdk
    tuya_ble_app_demo.o(i.tuya_ble_sdk_callback) refers to tuya_ble_api.o(i.tuya_ble_dp_data_report) for tuya_ble_dp_data_report
    tuya_ble_app_demo.o(i.tuya_ble_sdk_callback) refers to tuya_ble_app_ota.o(i.app_ota_handler) for app_ota_handler
    tuya_ble_app_demo.o(i.tuya_ble_sdk_callback) refers to tuya_ble_app_demo.o(.bss) for .bss
    tuya_ble_app_demo.o(i.tuya_ble_sdk_callback) refers to tuya_ble_app_demo.o(.constdata) for .constdata
    tuya_ble_app_demo.o(i.tuya_ble_sdk_callback) refers to tuya_ble_app_demo.o(.conststring) for .conststring
    tuya_ble_app_ota.o(i.app_ota_data_handler) refers to elog.o(i.elog_output) for elog_output
    tuya_ble_app_ota.o(i.app_ota_data_handler) refers to tuya_ble_app_ota.o(i.app_ota_rsp) for app_ota_rsp
    tuya_ble_app_ota.o(i.app_ota_data_handler) refers to tuya_ble_app_ota.o(i.app_ota_exit) for app_ota_exit
    tuya_ble_app_ota.o(i.app_ota_data_handler) refers to suble_util.o(i.suble_util_reverse_byte) for suble_util_reverse_byte
    tuya_ble_app_ota.o(i.app_ota_data_handler) refers to suble_util.o(i.suble_util_crc16) for suble_util_crc16
    tuya_ble_app_ota.o(i.app_ota_data_handler) refers to suble_flash.o(i.suble_flash_write) for suble_flash_write
    tuya_ble_app_ota.o(i.app_ota_data_handler) refers to uread4.o(.text) for __aeabi_uread4
    tuya_ble_app_ota.o(i.app_ota_data_handler) refers to suble_util.o(i.suble_util_crc32) for suble_util_crc32
    tuya_ble_app_ota.o(i.app_ota_data_handler) refers to tuya_ble_app_ota.o(.data) for .data
    tuya_ble_app_ota.o(i.app_ota_data_handler) refers to tuya_ble_app_ota.o(.constdata) for .constdata
    tuya_ble_app_ota.o(i.app_ota_data_handler) refers to tuya_ble_app_ota.o(.conststring) for .conststring
    tuya_ble_app_ota.o(i.app_ota_data_handler) refers to tuya_ble_app_ota.o(.bss) for .bss
    tuya_ble_app_ota.o(i.app_ota_disconn_handler) refers to tuya_ble_app_ota.o(i.app_ota_exit) for app_ota_exit
    tuya_ble_app_ota.o(i.app_ota_disconn_handler) refers to tuya_ble_app_ota.o(.data) for .data
    tuya_ble_app_ota.o(i.app_ota_end_handler) refers to elog.o(i.elog_output) for elog_output
[...]
    tuya_ble_handle_ota_response_evt         0x00027ef3   Thumb Code    76  tuya_ble_event_handler.o(i.tuya_ble_handle_ota_response_evt)
    tuya_ble_handle_time_request_evt         0x00028061   Thumb Code    46  tuya_ble_event_handler.o(i.tuya_ble_handle_time_request_evt)
    tuya_ble_handle_uart_cmd_evt             0x00028095   Thumb Code    78  tuya_ble_event_handler.o(i.tuya_ble_handle_uart_cmd_evt)
    tuya_ble_handle_unbound_response_evt     0x000280e3   Thumb Code     2  tuya_ble_event_handler.o(i.tuya_ble_handle_unbound_response_evt)
    tuya_ble_inter_event_response            0x000281f1   Thumb Code    42  tuya_ble_main.o(i.tuya_ble_inter_event_response)
    tuya_ble_internal_production_test_with_ble_flag_clear 0x0002821d   Thumb Code     8  tuya_ble_app_production_test.o(i.tuya_ble_internal_production_test_with_ble_flag_clear)
    tuya_ble_is_word_aligned_tuya            0x00028229   Thumb Code    12  tuya_ble_utils.o(i.tuya_ble_is_word_aligned_tuya)
    tuya_ble_main_tasks_exec                 0x0002852d   Thumb Code     8  tuya_ble_main.o(i.tuya_ble_main_tasks_exec)
    tuya_ble_malloc                          0x00028535   Thumb Code    22  tuya_ble_mem.o(i.tuya_ble_malloc)
    tuya_ble_md5_crypt                       0x0002854b   Thumb Code    52  tuya_ble_port_bk3431q.o(i.tuya_ble_md5_crypt)
    tuya_ble_message_send                    0x00028581   Thumb Code    12  tuya_ble_event.o(i.tuya_ble_message_send)
    tuya_ble_mytime_2_utc_sec                0x00028591   Thumb Code   116  tuya_ble_unix_time.o(i.tuya_ble_mytime_2_utc_sec)
    tuya_ble_nv_erase                        0x0002860d   Thumb Code    20  tuya_ble_port_bk3431q.o(i.tuya_ble_nv_erase)
    tuya_ble_nv_init                         0x00028621   Thumb Code     4  tuya_ble_port_bk3431q.o(i.tuya_ble_nv_init)
    tuya_ble_nv_read                         0x00028625   Thumb Code    10  tuya_ble_port_bk3431q.o(i.tuya_ble_nv_read)
    tuya_ble_nv_write                        0x0002862f   Thumb Code    10  tuya_ble_port_bk3431q.o(i.tuya_ble_nv_write)
    tuya_ble_ota_response                    0x00028639   Thumb Code    86  tuya_ble_api.o(i.tuya_ble_ota_response)
    tuya_ble_pair_rand_clear                 0x00028695   Thumb Code    24  tuya_ble_data_handler.o(i.tuya_ble_pair_rand_clear)
    tuya_ble_pair_rand_valid_get             0x000286b1   Thumb Code     6  tuya_ble_data_handler.o(i.tuya_ble_pair_rand_valid_get)
    tuya_ble_prod_beacon_get_rssi_avg        0x00028749   Thumb Code    10  tuya_ble_app_product_test.o(i.tuya_ble_prod_beacon_get_rssi_avg)
    tuya_ble_prod_beacon_scan_start          0x00028753   Thumb Code     4  tuya_ble_app_product_test.o(i.tuya_ble_prod_beacon_scan_start)
    tuya_ble_prod_beacon_scan_stop           0x00028757   Thumb Code     4  tuya_ble_app_product_test.o(i.tuya_ble_prod_beacon_scan_stop)
    tuya_ble_prod_gpio_test                  0x0002875b   Thumb Code     4  tuya_ble_app_product_test.o(i.tuya_ble_prod_gpio_test)
    tuya_ble_queue_decrease                  0x0002875f   Thumb Code    28  tuya_ble_queue.o(i.tuya_ble_queue_decrease)
    tuya_ble_queue_flush                     0x0002877b   Thumb Code    10  tuya_ble_queue.o(i.tuya_ble_queue_flush)
    tuya_ble_queue_get                       0x00028785   Thumb Code    34  tuya_ble_queue.o(i.tuya_ble_queue_get)
    tuya_ble_queue_init                      0x000287a7   Thumb Code    30  tuya_ble_queue.o(i.tuya_ble_queue_init)
    tuya_ble_rand_generator                  0x000287c5   Thumb Code    58  tuya_ble_port_bk3431q.o(i.tuya_ble_rand_generator)
    tuya_ble_register_key_generate           0x00028800   ARM Code      56  tuya_ble_secure.o(i.tuya_ble_register_key_generate)
    tuya_ble_reset_ble_sn                    0x0002883d   Thumb Code    22  tuya_ble_data_handler.o(i.tuya_ble_reset_ble_sn)
    tuya_ble_rtc_set_timestamp               0x00028859   Thumb Code     4  tuya_ble_port_bk3431q.o(i.tuya_ble_rtc_set_timestamp)
    tuya_ble_sched_init                      0x000288c1   Thumb Code    38  tuya_ble_event.o(i.tuya_ble_sched_init)
    tuya_ble_sdk_init                        0x00028be5   Thumb Code   208  tuya_ble_api.o(i.tuya_ble_sdk_init)
    tuya_ble_set_device_version              0x00028cc9   Thumb Code     8  tuya_ble_data_handler.o(i.tuya_ble_set_device_version)
    tuya_ble_set_external_mcu_version        0x00028cd5   Thumb Code    22  tuya_ble_data_handler.o(i.tuya_ble_set_external_mcu_version)
    tuya_ble_storage_init                    0x00028cf1   Thumb Code    92  tuya_ble_storage.o(i.tuya_ble_storage_init)
    tuya_ble_storage_load_settings           0x00028d51   Thumb Code   370  tuya_ble_storage.o(i.tuya_ble_storage_load_settings)
    tuya_ble_storage_save_auth_settings      0x00028ecd   Thumb Code    86  tuya_ble_storage.o(i.tuya_ble_storage_save_auth_settings)
    tuya_ble_storage_save_sys_settings       0x00028f29   Thumb Code    92  tuya_ble_storage.o(i.tuya_ble_storage_save_sys_settings)
    tuya_ble_storage_write_auth_key_device_id_mac 0x00028f89   Thumb Code   172  tuya_ble_storage.o(i.tuya_ble_storage_write_auth_key_device_id_mac)
    tuya_ble_storage_write_hid               0x00029039   Thumb Code    52  tuya_ble_storage.o(i.tuya_ble_storage_write_hid)
    tuya_ble_timer_create                    0x00029071   Thumb Code    10  tuya_ble_port_bk3431q.o(i.tuya_ble_timer_create)
    tuya_ble_timer_start                     0x0002907b   Thumb Code    10  tuya_ble_port_bk3431q.o(i.tuya_ble_timer_start)
    tuya_ble_timer_stop                      0x00029085   Thumb Code    10  tuya_ble_port_bk3431q.o(i.tuya_ble_timer_stop)
    tuya_ble_uart_common_mcu_ota_data_from_ble_handler 0x00029091   Thumb Code   224  tuya_ble_app_uart_common_handler.o(i.tuya_ble_uart_common_mcu_ota_data_from_ble_handler)
    tuya_ble_uart_common_process             0x00029225   Thumb Code    44  tuya_ble_app_uart_common_handler.o(i.tuya_ble_uart_common_process)
    tuya_sched_execute                       0x000292c9   Thumb Code    60  tuya_ble_event.o(i.tuya_sched_execute)
    uart2_cb_register                        0x00029315   Thumb Code    10  uart.o(i.uart2_cb_register)
    uart2_init                               0x00029325   Thumb Code   156  uart.o(i.uart2_init)
    uart2_isr                                0x000293e9   Thumb Code   116  uart.o(i.uart2_isr)
    uart2_printf                             0x00029469   Thumb Code    46  uart.o(i.uart2_printf)
    uart2_putchar                            0x000294ad   Thumb Code    34  uart.o(i.uart2_putchar)
    uart_cb_register                         0x000294dd   Thumb Code    10  uart.o(i.uart_cb_register)
    uart_clear_rxfifo                        0x000294ed   Thumb Code    28  uart.o(i.uart_clear_rxfifo)
    uart_finish_transfers                    0x00029511   Thumb Code    24  uart.o(i.uart_finish_transfers)
    uart_flow_off                            0x0002952d   Thumb Code     4  uart.o(i.uart_flow_off)
    uart_flow_on                             0x00029531   Thumb Code     2  uart.o(i.uart_flow_on)
    uart_init                                0x00029535   Thumb Code   156  uart.o(i.uart_init)
    uart_isr                                 0x000295f9   Thumb Code   236  uart.o(i.uart_isr)
    uart_printf                              0x000296f9   Thumb Code    46  uart.o(i.uart_printf)
    uart_putchar                             0x0002973d   Thumb Code    34  uart.o(i.uart_putchar)
    uart_read                                0x00029765   Thumb Code     8  uart.o(i.uart_read)
    uart_send                                0x00029771   Thumb Code    26  uart.o(i.uart_send)
    uart_write                               0x00029791   Thumb Code    62  uart.o(i.uart_write)
    udi_exchange_fdata_to_adjoining_next_sector 0x000297d9   Thumb Code   102  flash.o(i.udi_exchange_fdata_to_adjoining_next_sector)
    udi_exchange_fdata_to_adjoining_previous_sector 0x00029845   Thumb Code   100  flash.o(i.udi_exchange_fdata_to_adjoining_previous_sector)
    vTuyaPortFree                            0x000298ad   Thumb Code    54  tuya_ble_heap.o(i.vTuyaPortFree)
    wdt_disable                              0x000298e9   Thumb Code    28  wdt.o(i.wdt_disable)
    wdt_enable                               0x0002990d   Thumb Code    36  wdt.o(i.wdt_enable)
    wdt_feed                                 0x00029939   Thumb Code    28  wdt.o(i.wdt_feed)
    fff0_att_db                              0x0002be6c   Data          48  fff0s.o(.constdata)
    fff0s_itf                                0x0002be9c   Data          16  fff0s.o(.constdata)
    fff0s_default_state                      0x0002beac   Data          40  fff0s_task.o(.constdata)
    fff0s_default_handler                    0x0002bed4   Data           8  fff0s_task.o(.constdata)
    app_fff0_msg_handler_list                0x0002bf54   Data          32  app_fff0.o(.constdata)
    app_fff0_table_handler                   0x0002bf74   Data           8  app_fff0.o(.constdata)
    appm_default_state                       0x0002bf98   Data         264  app_task.o(.constdata)
    appm_default_handler                     0x0002c0a0   Data           8  app_task.o(.constdata)
    RF_CHANNEL_TABLE                         0x0002c18a   Data          80  rf_test.o(.constdata)
    __ctype_table                            0x0002c1da   Data         129  ctype_o.o(.constdata)
    Load$$RAM_DATA$$Base                     0x0002c354   Number         0  anon$$obj.o ABSOLUTE
    co_default_bdaddr                        0x00400024   Data           0  peripheral_stack_symbol.txt ABSOLUTE
    llc_env                                  0x0040002c   Data           0  peripheral_stack_symbol.txt ABSOLUTE
    llc_state                                0x00400030   Data           0  peripheral_stack_symbol.txt ABSOLUTE
    latency_disable_state                    0x00400031   Data           0  peripheral_stack_symbol.txt ABSOLUTE
    system_sleep_flag                        0x00400032   Data           0  peripheral_stack_symbol.txt ABSOLUTE
    lld_sleep_env                            0x00400034   Data           0  peripheral_stack_symbol.txt ABSOLUTE
    system_mode                              0x00400038   Data           0  peripheral_stack_symbol.txt ABSOLUTE
    llm_state                                0x00400039   Data           0  peripheral_stack_symbol.txt ABSOLUTE
    gapc_env                                 0x0040003c   Data           0  peripheral_stack_symbol.txt ABSOLUTE
    gapc_state                               0x00400040   Data           0  peripheral_stack_symbol.txt ABSOLUTE
    gapm_state                               0x00400041   Data           0  peripheral_stack_symbol.txt ABSOLUTE
    gattc_env                                0x00400044   Data           0  peripheral_stack_symbol.txt ABSOLUTE
    gattc_state                              0x00400048   Data           0  peripheral_stack_symbol.txt ABSOLUTE
    gattm_state                              0x00400049   Data           0  peripheral_stack_symbol.txt ABSOLUTE
    l2cc_env                                 0x0040004c   Data           0  peripheral_stack_symbol.txt ABSOLUTE
    l2cc_state                               0x00400050   Data           0  peripheral_stack_symbol.txt ABSOLUTE
    ahi_state                                0x00400051   Data           0  peripheral_stack_symbol.txt ABSOLUTE
    ke_env                                   0x0040007c   Data           0  peripheral_stack_symbol.txt ABSOLUTE
    rwip_rf                                  0x00400130   Data           0  peripheral_stack_symbol.txt ABSOLUTE
    rom_env                                  0x00400164   Data           0  peripheral_stack_symbol.txt ABSOLUTE
    em_buf_env                               0x004001b0   Data           0  peripheral_stack_symbol.txt ABSOLUTE
    lld_evt_env                              0x004004f8   Data           0  peripheral_stack_symbol.txt ABSOLUTE
    llm_le_env                               0x00400524   Data           0  peripheral_stack_symbol.txt ABSOLUTE
    gapm_env                                 0x004005a0   Data           0  peripheral_stack_symbol.txt ABSOLUTE
    gattm_env                                0x004005d8   Data           0  peripheral_stack_symbol.txt ABSOLUTE
    l2cm_env                                 0x004005f8   Data           0  peripheral_stack_symbol.txt ABSOLUTE
    hci_env                                  0x00400604   Data           0  peripheral_stack_symbol.txt ABSOLUTE
    hci_fc_env                               0x00400614   Data           0  peripheral_stack_symbol.txt ABSOLUTE
    ahi_env                                  0x00400664   Data           0  peripheral_stack_symbol.txt ABSOLUTE
    Image$$RAM_DATA$$Base                    0x00400800   Number         0  anon$$obj.o ABSOLUTE
    app_ota_timer                            0x00400880   Data           4  tuya_ble_app_ota.o(.data)
    tuya_ble_xtimer_connect_monitor          0x00400890   Data           4  tuya_ble_api.o(.data)
    m_cb_table                               0x004008b0   Data           4  tuya_ble_main.o(.data)
    tuya_ble_pair_rand_valid                 0x004008c0   Data           1  tuya_ble_data_handler.o(.data)
    tuya_ble_ota_status                      0x004008c1   Data           1  tuya_ble_data_handler.o(.data)
    tuya_ble_pair_rand                       0x004008e0   Data           6  tuya_ble_data_handler.o(.data)
    tuya_ble_xTimer_prod_monitor             0x004008fc   Data           4  tuya_ble_app_production_test.o(.data)
    g_system_sleep                           0x00400908   Data           1  suble_common.o(.data)
    g_adv_restart_glag                       0x00400914   Data           1  suble_scan_adv.o(.data)
    g_adv_data                               0x00400915   Data          35  suble_scan_adv.o(.data)
    g_scan_rsp                               0x00400938   Data          35  suble_scan_adv.o(.data)
    g_adv_param                              0x0040095b   Data          19  suble_scan_adv.o(.data)
    elog_assert_hook                         0x00400ad4   Data           4  elog.o(.data)
    rc_sleep_flag                            0x00400af0   Data           1  arch_main.o(.data)
    GPIO_CFG                                 0x00400af8   Data          20  gpio.o(.data)
    GPIO_DATA                                0x00400b0c   Data          20  gpio.o(.data)
    flash_enable_write_flag1                 0x00400b20   Data           1  flash.o(.data)
    flash_enable_write_flag2                 0x00400b21   Data           1  flash.o(.data)
    flash_enable_write_flag3                 0x00400b22   Data           1  flash.o(.data)
    flash_enable_write_flag4                 0x00400b23   Data           1  flash.o(.data)
    flash_enable_erase_flag1                 0x00400b24   Data           1  flash.o(.data)
    flash_enable_erase_flag2                 0x00400b25   Data           1  flash.o(.data)
    flash_mid                                0x00400b28   Data           4  flash.o(.data)
    uart_rx_done                             0x00400b2c   Data           1  uart.o(.data)
    cur_read_buf_idx                         0x00400b2d   Data           1  uart.o(.data)
    uart2_rx_done                            0x00400b2e   Data           1  uart.o(.data)
    uart_dut_reg_flag                        0x00400b2f   Data           1  uart.o(.data)
    uart_rx_index                            0x00400b34   Data           4  uart.o(.data)
    uart2_rx_index                           0x00400b38   Data           4  uart.o(.data)
    appm_state                               0x00400b4c   Data           1  app_task.o(.data)
    ch_status                                0x00400b4d   Data           1  rf_test.o(.data)
    freq                                     0x00400b4e   Data           1  rf_test.o(.data)
    powerlevel                               0x00400b4f   Data           1  rf_test.o(.data)
    p_mode                                   0x00400b50   Data           1  rf_test.o(.data)
    d_mode                                   0x00400b51   Data           1  rf_test.o(.data)
    hopping                                  0x00400b52   Data           1  rf_test.o(.data)
    freq_value                               0x00400b53   Data           1  rf_test.o(.data)
    temp                                     0x00400b54   Data           1  rf_test.o(.data)
    index                                    0x00400b55   Data           1  rf_test.o(.data)
    p_APB_XVER_ADDR                          0x00400b5c   Data           4  rf_pn9_test.o(.data)
    tx_rsp_buffer                            0x00400b60   Data           7  rf_pn9_test.o(.data)
    rx_rsp_buffer                            0x00400b67   Data           7  rf_pn9_test.o(.data)
    error_cmd_rsp                            0x00400b6e   Data           7  rf_pn9_test.o(.data)
    test_end_rsp_buffer                      0x00400b75   Data           9  rf_pn9_test.o(.data)
    Image$$RAM_BSS$$Base                     0x00400b84   Number         0  anon$$obj.o ABSOLUTE
    g_demo_cmd                               0x00400b84   Data         259  tuya_ble_app_demo.o(.bss)
    g_demo_rsp                               0x00400c87   Data         259  tuya_ble_app_demo.o(.bss)
    tuya_ble_current_para                    0x004014a8   Data         468  tuya_ble_main.o(.bss)
    uart_api                                 0x004024a0   Data          16  arch_main.o(.bss)
    flash_env                                0x004024c0   Data          12  flash.o(.bss)
    uart_rx_buf                              0x004024cc   Data         512  uart.o(.bss)
    uart2_rx_buf                             0x004026cc   Data         512  uart.o(.bss)
    uart_env                                 0x004028cc   Data          20  uart.o(.bss)
    uart_buff                                0x004028e0   Data         512  uart.o(.bss)
    uart2_env                                0x00402ae0   Data          20  uart.o(.bss)
    uart2_buff                               0x00402af4   Data         512  uart.o(.bss)
    XVR_ANALOG_REG_BAK                       0x00402cf4   Data          64  rf_xvr.o(.bss)
    prf_env                                  0x00402d34   Data         284  prf.o(.bss)
    app_env                                  0x00402e50   Data          40  app.o(.bss)
    Image$$RAM_STACK_UNUSED$$Base            0x0040b70c   Number         0  anon$$obj.o ABSOLUTE
    Image$$RAM_STACK_SVC$$Base               0x0040b72c   Number         0  anon$$obj.o ABSOLUTE
    Image$$RAM_STACK_IRQ$$Base               0x0040bc1c   Number         0  anon$$obj.o ABSOLUTE
    Image$$RAM_STACK_FIQ$$Base               0x0040be0c   Number         0  anon$$obj.o ABSOLUTE
    rwip_heap_env                            0x00815000   Data         708  rwip.o(ke_heap)
    rwip_heap_db                             0x008152c4   Data        1036  rwip.o(ke_heap)
    rwip_heap_msg                            0x008156d0   Data        1404  rwip.o(ke_heap)
    rwip_heap_non_ret                        0x00815c4c   Data        1548  rwip.o(ke_heap)



==============================================================================

Memory Map of the image

  Image Entry point : 0x0001e284

  Load Region SECTIONS (Base: 0x0001e200, Size: 0x0000e4d8, Max: 0xffffffff, ABSOLUTE)

    Execution Region ROM_SYS (Exec base: 0x0001e200, Load base: 0x0001e200, Size: 0x00000278, Max: 0xffffffff, ABSOLUTE)

    Exec Addr    Load Addr    Size         Type   Attr      Idx    E Section Name        Object

    0x0001e200   0x0001e200   0x0000005c   Code   RO         3804  * SYS_BOOT            boot_vectors.o
    0x0001e25c   0x0001e25c   0x000001f4   Code   RO         3800  * SYS_BOOT            boot_handlers.o
    0x0001e450   0x0001e450   0x00000008   Ven    RO         6078    Veneer$$Code        anon$$obj.o
    0x0001e458   0x0001e458   0x00000008   Ven    RO         6079    Veneer$$Code        anon$$obj.o
    0x0001e460   0x0001e460   0x00000008   Ven    RO         6080    Veneer$$Code        anon$$obj.o
    0x0001e468   0x0001e468   0x00000008   Ven    RO         6081    Veneer$$Code        anon$$obj.o
    0x0001e470   0x0001e470   0x00000008   Ven    RO         6082    Veneer$$Code        anon$$obj.o


    Execution Region FAST_CALL_SEG (Exec base: 0x0001e500, Load base: 0x0001e500, Size: 0x00000030, Max: 0xffffffff, ABSOLUTE, FIXED)

    Exec Addr    Load Addr    Size         Type   Attr      Idx    E Section Name        Object

    0x0001e500   0x0001e500   0x00000010   Code   RO         4513    sys_fiq_entry       intc.o
    0x0001e510   0x0001e510   0x00000010   PAD
    0x0001e520   0x0001e520   0x00000010   Code   RO         4514    sys_irq_entry       intc.o


    Execution Region ROM (Exec base: 0x0001e530, Load base: 0x0001e530, Size: 0x0000de24, Max: 0xffffffff, ABSOLUTE)

    Exec Addr    Load Addr    Size         Type   Attr      Idx    E Section Name        Object

    0x0001e530   0x0001e530   0x0000048c   Code   RO         5707    .text               bk3435_fcc_mode.lib(rf_test.o)
    0x0001e9bc   0x0001e9bc   0x000002fc   Code   RO         5711    .text               bk3435_pn9_mode.lib(rf_pn9_test.o)
    0x0001ecb8   0x0001ecb8   0x00000060   Code   RO         5716    .text               mc_5.l(uldiv.o)
    0x0001ed18   0x0001ed18   0x00000026   Code   RO         5720    .text               mc_5.l(memseta.o)
    0x0001ed3e   0x0001ed3e   0x00000028   Code   RO         5722    .text               mc_5.l(strstr.o)
    0x0001ed66   0x0001ed66   0x0000001a   Code   RO         5724    .text               mc_5.l(strncpy.o)
    0x0001ed80   0x0001ed80   0x0000000e   Code   RO         5726    .text               mc_5.l(strlen.o)
    0x0001ed8e   0x0001ed8e   0x0000001e   Code   RO         5730    .text               mc_5.l(strncmp.o)
    0x0001edac   0x0001edac   0x00000014   Code   RO         5993    .text               mc_5.l(uread4.o)
    0x0001edc0   0x0001edc0   0x0000001c   Code   RO         5995    .text               mc_5.l(uread8.o)
    0x0001eddc   0x0001eddc   0x00000012   Code   RO         5997    .text               mc_5.l(uwrite4.o)
    0x0001edee   0x0001edee   0x0000001a   Code   RO         5999    .text               mc_5.l(atoll.o)
    0x0001ee08   0x0001ee08   0x00000164   Code   RO         6001    .text               mf_5.l(dadd.o)
    0x0001ef6c   0x0001ef6c   0x000000d0   Code   RO         6003    .text               mf_5.l(dmul.o)
    0x0001f03c   0x0001f03c   0x000000f0   Code   RO         6005    .text               mf_5.l(ddiv.o)
    0x0001f12c   0x0001f12c   0x0000002c   Code   RO         6007    .text               mf_5.l(dscalb.o)
    0x0001f158   0x0001f158   0x0000001c   Code   RO         6009    .text               mf_5.l(dfltui.o)
    0x0001f174   0x0001f174   0x0000003c   Code   RO         6011    .text               mf_5.l(dfixui.o)
    0x0001f1b0   0x0001f1b0   0x00000020   Code   RO         6016    .text               mc_5.l(llshl.o)
    0x0001f1d0   0x0001f1d0   0x00000022   Code   RO         6018    .text               mc_5.l(llushr.o)
    0x0001f1f2   0x0001f1f2   0x00000026   Code   RO         6020    .text               mc_5.l(llsshr.o)
    0x0001f218   0x0001f218   0x0000008a   Code   RO         6029    .text               mc_5.l(__strtoll.o)
    0x0001f2a2   0x0001f2a2   0x00000002   PAD
    0x0001f2a4   0x0001f2a4   0x00000000   Code   RO         6031    .text               mc_5.l(iusefp.o)
    0x0001f2a4   0x0001f2a4   0x000000be   Code   RO         6032    .text               mf_5.l(depilogue.o)
    0x0001f362   0x0001f362   0x00000002   PAD
    0x0001f364   0x0001f364   0x00000040   Code   RO         6036    .text               mf_5.l(dfixul.o)
    0x0001f3a4   0x0001f3a4   0x00000028   Code   RO         6038    .text               mf_5.l(cdrcmple.o)
    0x0001f3cc   0x0001f3cc   0x00000008   Code   RO         6041    .text               mc_5.l(ctype_o.o)
    0x0001f3d4   0x0001f3d4   0x000000d8   Code   RO         6069    .text               mc_5.l(_strtoull.o)
    0x0001f4ac   0x0001f4ac   0x0000007e   Code   RO         6072    .text               mc_5.l(llmul.o)
    0x0001f52a   0x0001f52a   0x0000001e   Code   RO         6074    .text               mc_5.l(_chval.o)
    0x0001f548   0x0001f548   0x00000020   Code   RO         4895    i.Delay_ms          rf_xvr.o
    0x0001f568   0x0001f568   0x0000001c   Code   RO         4508    i.FIQ_Exception     intc.o
    0x0001f584   0x0001f584   0x00000060   Code   RO         4509    i.IRQ_Exception     intc.o
    0x0001f5e4   0x0001f5e4   0x00000018   Code   RO         4673    i.Read_Uart_Buf     uart.o
    0x0001f5fc   0x0001f5fc   0x00000134   Code   RO         3599    i.Stack_Integrity_Check  arch_main.o
    0x0001f730   0x0001f730   0x00000034   Code   RO         5966    i.__0snprintf       mc_5.l(printfa.o)
    0x0001f764   0x0001f764   0x00000028   Code   RO         5967    i.__0sprintf        mc_5.l(printfa.o)
    0x0001f78c   0x0001f78c   0x0000002c   Code   RO         5970    i.__0vsnprintf      mc_5.l(printfa.o)
    0x0001f7b8   0x0001f7b8   0x00000024   Code   RO         5971    i.__0vsprintf       mc_5.l(printfa.o)
    0x0001f7dc   0x0001f7dc   0x00000008   Code   RO         6022    i.__aeabi_errno_addr  mc_5.l(errno.o)
    0x0001f7e4   0x0001f7e4   0x00000174   Code   RO         5972    i._fp_digits        mc_5.l(printfa.o)
    0x0001f958   0x0001f958   0x000006f4   Code   RO         5973    i._printf_core      mc_5.l(printfa.o)
    0x0002004c   0x0002004c   0x00000020   Code   RO         5974    i._printf_post_padding  mc_5.l(printfa.o)
    0x0002006c   0x0002006c   0x0000002c   Code   RO         5975    i._printf_pre_padding  mc_5.l(printfa.o)
    0x00020098   0x00020098   0x00000016   Code   RO         5976    i._snputc           mc_5.l(printfa.o)
    0x000200ae   0x000200ae   0x0000000a   Code   RO         5977    i._sputc            mc_5.l(printfa.o)
    0x000200b8   0x000200b8   0x00000030   Code   RO         5361    i.app_fff0_add_fff0s  app_fff0.o
    0x000200e8   0x000200e8   0x0000001c   Code   RO         5363    i.app_fff0_msg_dflt_handler  app_fff0.o
    0x00020104   0x00020104   0x00000034   Code   RO         5364    i.app_fff1_send_lvl  app_fff0.o
    0x00020138   0x00020138   0x00000220   Code   RO          305    i.app_ota_data_handler  tuya_ble_app_ota.o
    0x00020358   0x00020358   0x00000014   Code   RO          306    i.app_ota_disconn_handler  tuya_ble_app_ota.o
    0x0002036c   0x0002036c   0x000001d4   Code   RO          307    i.app_ota_end_handler  tuya_ble_app_ota.o
    0x00020540   0x00020540   0x00000028   Code   RO          308    i.app_ota_exit      tuya_ble_app_ota.o
    0x00020568   0x00020568   0x00000204   Code   RO          309    i.app_ota_file_info_handler  tuya_ble_app_ota.o
    0x0002076c   0x0002076c   0x00000140   Code   RO          310    i.app_ota_file_offset_handler  tuya_ble_app_ota.o
    0x000208ac   0x000208ac   0x00000060   Code   RO          311    i.app_ota_get_crc32_in_flash  tuya_ble_app_ota.o
    0x0002090c   0x0002090c   0x000000b4   Code   RO          313    i.app_ota_handler   tuya_ble_app_ota.o
    0x000209c0   0x000209c0   0x00000004   Code   RO          314    i.app_ota_init      tuya_ble_app_ota.o
    0x000209c4   0x000209c4   0x00000148   Code   RO          315    i.app_ota_req_handler  tuya_ble_app_ota.o
    0x00020b0c   0x00020b0c   0x0000000c   Code   RO          316    i.app_ota_rsp       tuya_ble_app_ota.o
    0x00020b18   0x00020b18   0x00000028   Code   RO         1630    i.applib_dt_is_leap_year  tuya_ble_unix_time.o
    0x00020b40   0x00020b40   0x0000002c   Code   RO         1631    i.applib_dt_last_day_of_mon  tuya_ble_unix_time.o
    0x00020b6c   0x00020b6c   0x00000028   Code   RO         5267    i.appm_add_svc      app.o
    0x00020b94   0x00020b94   0x0000002c   Code   RO         5268    i.appm_disconnect   app.o
    0x00020bc0   0x00020bc0   0x00000014   Code   RO         5269    i.appm_get_dev_name  app.o
    0x00020bd4   0x00020bd4   0x0000005c   Code   RO         5270    i.appm_init         app.o
    0x00020c30   0x00020c30   0x00000058   Code   RO         5422    i.appm_msg_handler  app_task.o
    0x00020c88   0x00020c88   0x00000108   Code   RO         5271    i.appm_start_advertising  app.o
    0x00020d90   0x00020d90   0x00000058   Code   RO         5273    i.appm_update_adv_data  app.o
    0x00020de8   0x00020de8   0x00000044   Code   RO         5274    i.appm_update_param  app.o
    0x00020e2c   0x00020e2c   0x00000064   Code   RO         3600    i.assert_err        arch_main.o
    0x00020e90   0x00020e90   0x00000074   Code   RO         3601    i.assert_param      arch_main.o
    0x00020f04   0x00020f04   0x0000003a   Code   RO         1565    i.auth_settings_crc_ok  tuya_ble_storage.o
    0x00020f3e   0x00020f3e   0x00000002   PAD
    0x00020f40   0x00020f40   0x000000d8   Code   RO         1673    i.ble_data_unpack   tuya_ble_data_handler.o
    0x00021018   0x00021018   0x00000020   Code   RO         1674    i.buffer_value_is_all_x  tuya_ble_data_handler.o
    0x00021038   0x00021038   0x00000010   Code   RO         4675    i.check_uart_stop   uart.o
    0x00021048   0x00021048   0x00000064   Code   RO         4329    i.clr_flash_qwfr    flash.o
    0x000210ac   0x000210ac   0x00000008   Code   RO         4171    i.cpu_idle_sleep    icu.o
    0x000210b4   0x000210b4   0x00000054   Code   RO         4172    i.cpu_reduce_voltage_sleep  icu.o
    0x00021108   0x00021108   0x00000040   Code   RO         4173    i.cpu_wakeup        icu.o
    0x00021148   0x00021148   0x000000d4   Code   RO         1974    i.data_2_klvlist    tuya_ble_mutli_tsf_protocol.o
    0x0002121c   0x0002121c   0x00000180   Code   RO         3379    i.elog_hexdump      elog.o
    0x0002139c   0x0002139c   0x00000028   Code   RO         3380    i.elog_init         elog.o
    0x000213c4   0x000213c4   0x00000350   Code   RO         3381    i.elog_output       elog.o
    0x00021714   0x00021714   0x0000001c   Code   RO         3382    i.elog_output_lock  elog.o
    0x00021730   0x00021730   0x0000002c   Code   RO         3383    i.elog_output_lock_enabled  elog.o
    0x0002175c   0x0002175c   0x0000001c   Code   RO         3384    i.elog_output_unlock  elog.o
    0x00021778   0x00021778   0x00000010   Code   RO         3547    i.elog_port_get_p_info  elog_port.o
    0x00021788   0x00021788   0x0000000c   Code   RO         3548    i.elog_port_get_t_info  elog_port.o
    0x00021794   0x00021794   0x00000010   Code   RO         3549    i.elog_port_get_time  elog_port.o
    0x000217a4   0x000217a4   0x00000004   Code   RO         3550    i.elog_port_init    elog_port.o
    0x000217a8   0x000217a8   0x00000014   Code   RO         3551    i.elog_port_output  elog_port.o
    0x000217bc   0x000217bc   0x00000008   Code   RO         3552    i.elog_port_output_lock  elog_port.o
    0x000217c4   0x000217c4   0x00000008   Code   RO         3553    i.elog_port_output_unlock  elog_port.o
    0x000217cc   0x000217cc   0x000000cc   Code   RO         3388    i.elog_set_filter_lvl  elog.o
    0x00021898   0x00021898   0x000000a0   Code   RO         3392    i.elog_start        elog.o
    0x00021938   0x00021938   0x00000114   Code   RO         3524    i.elog_strcpy       elog_utils.o
    0x00021a4c   0x00021a4c   0x00000018   Code   RO         4466    i.emi_init          emi.o
    0x00021a64   0x00021a64   0x0000000e   Code   RO         5161    i.fff0s_cleanup     fff0s.o
    0x00021a72   0x00021a72   0x0000000e   Code   RO         5162    i.fff0s_create      fff0s.o
    0x00021a80   0x00021a80   0x0000001c   Code   RO         5163    i.fff0s_destroy     fff0s.o
    0x00021a9c   0x00021a9c   0x00000004   Code   RO         5365    i.fff0s_fff1_level_ntf_cfg_ind_handler  app_fff0.o
    0x00021aa0   0x00021aa0   0x00000038   Code   RO         5227    i.fff0s_fff1_level_upd_req_handler  fff0s_task.o
    0x00021ad8   0x00021ad8   0x00000032   Code   RO         5164    i.fff0s_get_att_handle  fff0s.o
    0x00021b0a   0x00021b0a   0x0000003e   Code   RO         5165    i.fff0s_get_att_idx  fff0s.o
    0x00021b48   0x00021b48   0x000000b0   Code   RO         5166    i.fff0s_init        fff0s.o
    0x00021bf8   0x00021bf8   0x00000040   Code   RO         5167    i.fff0s_notify_fff1_lvl  fff0s.o
    0x00021c38   0x00021c38   0x00000008   Code   RO         5168    i.fff0s_prf_itf_get  fff0s.o
    0x00021c40   0x00021c40   0x00000004   Code   RO         5366    i.fff1_level_upd_handler  app_fff0.o
    0x00021c44   0x00021c44   0x00000010   Code   RO         5367    i.fff2_writer_req_handler  app_fff0.o
    0x00021c54   0x00021c54   0x00000030   Code   RO         2996    i.find_timer_ms     suble_timer.o
    0x00021c84   0x00021c84   0x0000007c   Code   RO         4330    i.flash_advance_init  flash.o
    0x00021d00   0x00021d00   0x000000b8   Code   RO         4331    i.flash_erase       flash.o
    0x00021db8   0x00021db8   0x0000003c   Code   RO         4332    i.flash_erase_sector  flash.o
    0x00021df4   0x00021df4   0x0000002c   Code   RO         4333    i.flash_init        flash.o
    0x00021e20   0x00021e20   0x0000002e   Code   RO         4334    i.flash_read        flash.o
    0x00021e4e   0x00021e4e   0x00000002   PAD
    0x00021e50   0x00021e50   0x0000008c   Code   RO         4335    i.flash_read_data   flash.o
    0x00021edc   0x00021edc   0x00000024   Code   RO         4336    i.flash_read_sr     flash.o
    0x00021f00   0x00021f00   0x00000024   Code   RO         4337    i.flash_set_dual_mode  flash.o
    0x00021f24   0x00021f24   0x00000060   Code   RO         4341    i.flash_wp_ALL      flash.o
    0x00021f84   0x00021f84   0x00000060   Code   RO         4342    i.flash_wp_NONE     flash.o
    0x00021fe4   0x00021fe4   0x0000007c   Code   RO         4343    i.flash_write       flash.o
    0x00022060   0x00022060   0x000000d8   Code   RO         4344    i.flash_write_data  flash.o
    0x00022138   0x00022138   0x000000d0   Code   RO         4345    i.flash_write_sr    flash.o
    0x00022208   0x00022208   0x0000001c   Code   RO         1976    i.free_klv_list     tuya_ble_mutli_tsf_protocol.o
    0x00022224   0x00022224   0x0000015c   Code   RO         5423    i.gapc_cmp_evt_handler  app_task.o
    0x00022380   0x00022380   0x00000090   Code   RO         5424    i.gapc_connection_req_ind_handler  app_task.o
    0x00022410   0x00022410   0x0000006c   Code   RO         5425    i.gapc_disconnect_ind_handler  app_task.o
    0x0002247c   0x0002247c   0x00000070   Code   RO         5426    i.gapc_get_dev_info_req_ind_handler  app_task.o
    0x000224ec   0x000224ec   0x000000f4   Code   RO         5427    i.gapc_le_pkt_size_ind_handler  app_task.o
    0x000225e0   0x000225e0   0x00000064   Code   RO         5428    i.gapc_param_update_req_ind_handler  app_task.o
    0x00022644   0x00022644   0x000000b0   Code   RO         5429    i.gapc_param_updated_ind_handler  app_task.o
    0x000226f4   0x000226f4   0x00000024   Code   RO         5430    i.gapc_set_dev_info_req_ind_handler  app_task.o
    0x00022718   0x00022718   0x00000114   Code   RO         5431    i.gapm_cmp_evt_handler  app_task.o
    0x0002282c   0x0002282c   0x00000020   Code   RO         5432    i.gapm_device_ready_ind_handler  app_task.o
    0x0002284c   0x0002284c   0x0000000c   Code   RO         5433    i.gapm_profile_added_ind_handler  app_task.o
    0x00022858   0x00022858   0x00000050   Code   RO         5228    i.gattc_att_info_req_ind_handler  fff0s_task.o
    0x000228a8   0x000228a8   0x00000022   Code   RO         5229    i.gattc_cmp_evt_handler  fff0s_task.o
    0x000228ca   0x000228ca   0x00000002   PAD
    0x000228cc   0x000228cc   0x00000078   Code   RO         5434    i.gattc_mtu_changed_ind_handler  app_task.o
    0x00022944   0x00022944   0x00000090   Code   RO         5230    i.gattc_read_req_ind_handler  fff0s_task.o
    0x000229d4   0x000229d4   0x000000d8   Code   RO         5231    i.gattc_write_req_ind_handler  fff0s_task.o
    0x00022aac   0x00022aac   0x0000002c   Code   RO         4346    i.get_flash_ID      flash.o
    0x00022ad8   0x00022ad8   0x000000dc   Code   RO         3393    i.get_fmt_enabled   elog.o
    0x00022bb4   0x00022bb4   0x00000004   Code   RO         1978    i.get_trsmitr_frame_total_len  tuya_ble_mutli_tsf_protocol.o
    0x00022bb8   0x00022bb8   0x00000004   Code   RO         1980    i.get_trsmitr_subpkg  tuya_ble_mutli_tsf_protocol.o
    0x00022bbc   0x00022bbc   0x00000004   Code   RO         1981    i.get_trsmitr_subpkg_len  tuya_ble_mutli_tsf_protocol.o
    0x00022bc0   0x00022bc0   0x00000034   Code   RO         4243    i.gpio_isr          gpio.o
    0x00022bf4   0x00022bf4   0x00000098   Code   RO         5614    i.hextoascii        tuya_ble_sdk_lib_arm9e-s_little_endian.lib(tuya_ble_secure.o)
    0x00022c8c   0x00022c8c   0x0000000c   Code   RO         4174    i.icu_get_sleep_mode  icu.o
    0x00022c98   0x00022c98   0x0000005c   Code   RO         4175    i.icu_init          icu.o
    0x00022cf4   0x00022cf4   0x00000128   Code   RO         4897    i.init_analog_xvr_reg  rf_xvr.o
    0x00022e1c   0x00022e1c   0x0000017c   Code   RO         4898    i.initial_xver_BK3435V2_openLoop  rf_xvr.o
    0x00022f98   0x00022f98   0x00000024   Code   RO         4510    i.intc_init         intc.o
    0x00022fbc   0x00022fbc   0x00000124   Code   RO         4899    i.kmod_calibration  rf_xvr.o
    0x000230e0   0x000230e0   0x00000090   Code   RO         2315    i.mbedtls_aes_crypt_cbc  aes.o
    0x00023170   0x00023170   0x0000001c   Code   RO         2316    i.mbedtls_aes_crypt_ecb  aes.o
    0x0002318c   0x0002318c   0x00000018   Code   RO         2319    i.mbedtls_aes_free  aes.o
    0x000231a4   0x000231a4   0x0000000c   Code   RO         2320    i.mbedtls_aes_init  aes.o
    0x000231b0   0x000231b0   0x000000d0   Code   RO         2321    i.mbedtls_aes_setkey_dec  aes.o
    0x00023280   0x00023280   0x0000019c   Code   RO         2322    i.mbedtls_aes_setkey_enc  aes.o
    0x0002341c   0x0002341c   0x00000408   Code   RO         2323    i.mbedtls_internal_aes_decrypt  aes.o
    0x00023824   0x00023824   0x0000040c   Code   RO         2324    i.mbedtls_internal_aes_encrypt  aes.o
    0x00023c30   0x00023c30   0x00000848   Code   RO         2388    i.mbedtls_internal_md5_process  md5.o
    0x00024478   0x00024478   0x00000008   Code   RO         2391    i.mbedtls_md5_finish  md5.o
    0x00024480   0x00024480   0x000000de   Code   RO         2392    i.mbedtls_md5_finish_ret  md5.o
    0x0002455e   0x0002455e   0x0000000e   Code   RO         2393    i.mbedtls_md5_free  md5.o
    0x0002456c   0x0002456c   0x0000000a   Code   RO         2394    i.mbedtls_md5_init  md5.o
    0x00024576   0x00024576   0x00000008   Code   RO         2397    i.mbedtls_md5_starts  md5.o
    0x0002457e   0x0002457e   0x00000002   PAD
    0x00024580   0x00024580   0x00000028   Code   RO         2398    i.mbedtls_md5_starts_ret  md5.o
    0x000245a8   0x000245a8   0x00000008   Code   RO         2399    i.mbedtls_md5_update  md5.o
    0x000245b0   0x000245b0   0x0000007c   Code   RO         2400    i.mbedtls_md5_update_ret  md5.o
    0x0002462c   0x0002462c   0x0000006c   Code   RO         3604    i.platform_reset    arch_main.o
    0x00024698   0x00024698   0x00000088   Code   RO         5059    i.prf_add_profile   prf.o
    0x00024720   0x00024720   0x00000034   Code   RO         5060    i.prf_cleanup       prf.o
    0x00024754   0x00024754   0x00000030   Code   RO         5061    i.prf_create        prf.o
    0x00024784   0x00024784   0x00000010   Code   RO         5062    i.prf_dst_task_get  prf.o
    0x00024794   0x00024794   0x00000030   Code   RO         5063    i.prf_env_get       prf.o
    0x000247c4   0x000247c4   0x00000038   Code   RO         5064    i.prf_get_id_from_task  prf.o
    0x000247fc   0x000247fc   0x00000038   Code   RO         5065    i.prf_get_task_from_id  prf.o
    0x00024834   0x00024834   0x00000074   Code   RO         5066    i.prf_init          prf.o
    0x000248a8   0x000248a8   0x00000014   Code   RO         5067    i.prf_itf_get       prf.o
    0x000248bc   0x000248bc   0x00000010   Code   RO         5068    i.prf_src_task_get  prf.o
    0x000248cc   0x000248cc   0x00000044   Code   RO         1293    i.prvHeapInit       tuya_ble_heap.o
    0x00024910   0x00024910   0x0000004c   Code   RO         1294    i.prvInsertBlockIntoFreeList  tuya_ble_heap.o
    0x0002495c   0x0002495c   0x00000098   Code   RO         1295    i.pvTuyaPortMalloc  tuya_ble_heap.o
    0x000249f4   0x000249f4   0x00000010   Code   RO          317    i.reset_with_disconn_outtime_cb  tuya_ble_app_ota.o
    0x00024a04   0x00024a04   0x00000014   Code   RO         4900    i.rf_force_agc_enable  rf_xvr.o
    0x00024a18   0x00024a18   0x00000048   Code   RO         4901    i.rf_init           rf_xvr.o
    0x00024a60   0x00024a60   0x00000002   Code   RO         4902    i.rf_reset          rf_xvr.o
    0x00024a62   0x00024a62   0x00000004   Code   RO         4903    i.rf_rpl_reg_rd     rf_xvr.o
    0x00024a66   0x00024a66   0x00000004   Code   RO         4904    i.rf_rpl_reg_wr     rf_xvr.o
    0x00024a6a   0x00024a6a   0x0000000a   Code   RO         4905    i.rf_rssi_convert   rf_xvr.o
    0x00024a74   0x00024a74   0x0000000e   Code   RO         4906    i.rf_sleep          rf_xvr.o
    0x00024a82   0x00024a82   0x00000004   Code   RO         4907    i.rf_txpwr_dbm_get  rf_xvr.o
    0x00024a86   0x00024a86   0x00000002   PAD
    0x00024a88   0x00024a88   0x000000a4   Code   RO         3606    i.rom_env_init      arch_main.o
    0x00024b2c   0x00024b2c   0x00000024   Code   RO         4999    i.rtc_isr           rtc.o
    0x00024b50   0x00024b50   0x00000068   Code   RO         3607    i.rw_app_enter      arch_main.o
    0x00024bb8   0x00024bb8   0x00000008   Ven    RO         3609    i.rw_main           arch_main.o
    0x00024bc0   0x00024bc0   0x00000190   Code   RO         3609    i.rw_main           arch_main.o
    0x00024d50   0x00024d50   0x0000001c   Code   RO         3961    i.rwble_hl_init     rwble_hl.o
    0x00024d6c   0x00024d6c   0x0000001c   Code   RO         3962    i.rwble_hl_reset    rwble_hl.o
    0x00024d88   0x00024d88   0x0000001c   Code   RO         3808    i.rwble_init        rwble.o
    0x00024da4   0x00024da4   0x000000fc   Code   RO         3809    i.rwble_isr         rwble.o
    0x00024ea0   0x00024ea0   0x00000056   Code   RO         3810    i.rwble_reset       rwble.o
    0x00024ef6   0x00024ef6   0x00000002   PAD
    0x00024ef8   0x00024ef8   0x00000014   Code   RO         3811    i.rwble_sleep_check  rwble.o
    0x00024f0c   0x00024f0c   0x00000022   Code   RO         3997    i.rwip_check_wakeup_boundary  rwip.o
    0x00024f2e   0x00024f2e   0x00000002   PAD
    0x00024f30   0x00024f30   0x00000028   Code   RO         3610    i.rwip_eif_api_init  arch_main.o
    0x00024f58   0x00024f58   0x00000014   Code   RO         3611    i.rwip_eif_get      arch_main.o
    0x00024f6c   0x00024f6c   0x000000d4   Code   RO         3999    i.rwip_init         rwip.o
    0x00025040   0x00025040   0x00000030   Code   RO         4000    i.rwip_prevent_sleep_clear  rwip.o
    0x00025070   0x00025070   0x00000030   Code   RO         4002    i.rwip_prevent_sleep_set  rwip.o
    0x000250a0   0x000250a0   0x0000003c   Code   RO         4003    i.rwip_reset        rwip.o
    0x000250dc   0x000250dc   0x00000014   Code   RO         4004    i.rwip_schedule     rwip.o
    0x000250f0   0x000250f0   0x0000009c   Code   RO         4005    i.rwip_sleep        rwip.o
    0x0002518c   0x0002518c   0x00000024   Code   RO         4007    i.rwip_sleep_lpcycles_2_us  rwip.o
    0x000251b0   0x000251b0   0x00000010   Code   RO         4008    i.rwip_us_2_lpcycles  rwip.o
    0x000251c0   0x000251c0   0x00000012   Code   RO         4010    i.rwip_wakeup       rwip.o
    0x000251d2   0x000251d2   0x00000002   PAD
    0x000251d4   0x000251d4   0x00000010   Code   RO         4011    i.rwip_wakeup_delay_set  rwip.o
    0x000251e4   0x000251e4   0x00000028   Code   RO         4012    i.rwip_wakeup_end   rwip.o
    0x0002520c   0x0002520c   0x00000030   Code   RO         4347    i.set_flash_clk     flash.o
    0x0002523c   0x0002523c   0x00000008   Code   RO         2726    i.suble_adv_start   suble_scan_adv.o
    0x00025244   0x00025244   0x0000002c   Code   RO         2728    i.suble_adv_update_advDataAndScanRsp  suble_scan_adv.o
    0x00025270   0x00025270   0x00000008   Code   RO         2997    i.suble_delay_ms    suble_timer.o
    0x00025278   0x00025278   0x00000018   Code   RO         2650    i.suble_enter_critical  suble_common.o
    0x00025290   0x00025290   0x00000020   Code   RO         2651    i.suble_exit_critical  suble_common.o
    0x000252b0   0x000252b0   0x00000010   Code   RO         2966    i.suble_flash_erase  suble_flash.o
    0x000252c0   0x000252c0   0x00000012   Code   RO         2968    i.suble_flash_read  suble_flash.o
    0x000252d2   0x000252d2   0x00000012   Code   RO         2969    i.suble_flash_write  suble_flash.o
    0x000252e4   0x000252e4   0x0000000a   Code   RO         2762    i.suble_gap_conn_handler  suble_gap.o
    0x000252ee   0x000252ee   0x00000032   Code   RO         2763    i.suble_gap_conn_param_update  suble_gap.o
    0x00025320   0x00025320   0x0000000a   Code   RO         2764    i.suble_gap_disconn_handler  suble_gap.o
    0x0002532a   0x0002532a   0x00000008   Code   RO         2765    i.suble_gap_disconnect  suble_gap.o
    0x00025332   0x00025332   0x00000008   Code   RO         2766    i.suble_gap_disconnect_for_tuya_ble_sdk  suble_gap.o
    0x0002533a   0x0002533a   0x00000002   PAD
    0x0002533c   0x0002533c   0x0000009c   Code   RO         2767    i.suble_gap_get_bt_mac  suble_gap.o
    0x000253d8   0x000253d8   0x00000078   Code   RO         2768    i.suble_gap_init_bt_mac  suble_gap.o
    0x00025450   0x00025450   0x0000002c   Code   RO         2769    i.suble_gap_set_bt_mac  suble_gap.o
    0x0002547c   0x0002547c   0x0000001c   Code   RO         2652    i.suble_init_func   suble_common.o
    0x00025498   0x00025498   0x0000000e   Code   RO         2653    i.suble_log_hexdump  suble_common.o
    0x000254a6   0x000254a6   0x00000008   Code   RO         2655    i.suble_log_hexdump_for_tuya_ble_sdk  suble_common.o
    0x000254ae   0x000254ae   0x0000000c   Code   RO         2656    i.suble_log_init    suble_common.o
    0x000254ba   0x000254ba   0x0000000c   Code   RO         2657    i.suble_mainloop    suble_common.o
    0x000254c6   0x000254c6   0x00000002   PAD
    0x000254c8   0x000254c8   0x000000c0   Code   RO         2820    i.suble_svc_notify  suble_svc.o
    0x00025588   0x00025588   0x00000030   Code   RO         2821    i.suble_svc_notify_handler  suble_svc.o
    0x000255b8   0x000255b8   0x0000000c   Code   RO         2822    i.suble_svc_receive_data  suble_svc.o
    0x000255c4   0x000255c4   0x0000001c   Code   RO         2823    i.suble_svc_send_data_complete  suble_svc.o
    0x000255e0   0x000255e0   0x0000000a   Code   RO         2658    i.suble_system_reset  suble_common.o
    0x000255ea   0x000255ea   0x00000002   Code   RO         3198    i.suble_test_func   suble_test.o
    0x000255ec   0x000255ec   0x00000010   Code   RO         5435    i.suble_timer0_handler  app_task.o
    0x000255fc   0x000255fc   0x00000010   Code   RO         5436    i.suble_timer10_handler  app_task.o
    0x0002560c   0x0002560c   0x00000010   Code   RO         5437    i.suble_timer11_handler  app_task.o
    0x0002561c   0x0002561c   0x00000010   Code   RO         5438    i.suble_timer12_handler  app_task.o
    0x0002562c   0x0002562c   0x00000010   Code   RO         5439    i.suble_timer13_handler  app_task.o
    0x0002563c   0x0002563c   0x00000010   Code   RO         5440    i.suble_timer14_handler  app_task.o
    0x0002564c   0x0002564c   0x0000000e   Code   RO         5441    i.suble_timer15_handler  app_task.o
    0x0002565a   0x0002565a   0x00000002   PAD
    0x0002565c   0x0002565c   0x00000010   Code   RO         5442    i.suble_timer16_handler  app_task.o
    0x0002566c   0x0002566c   0x00000010   Code   RO         5443    i.suble_timer17_handler  app_task.o
    0x0002567c   0x0002567c   0x00000010   Code   RO         5444    i.suble_timer18_handler  app_task.o
    0x0002568c   0x0002568c   0x00000010   Code   RO         5445    i.suble_timer19_handler  app_task.o
    0x0002569c   0x0002569c   0x00000010   Code   RO         5446    i.suble_timer1_handler  app_task.o
    0x000256ac   0x000256ac   0x00000010   Code   RO         5447    i.suble_timer2_handler  app_task.o
    0x000256bc   0x000256bc   0x00000010   Code   RO         5448    i.suble_timer3_handler  app_task.o
    0x000256cc   0x000256cc   0x00000010   Code   RO         5449    i.suble_timer4_handler  app_task.o
    0x000256dc   0x000256dc   0x00000010   Code   RO         5450    i.suble_timer5_handler  app_task.o
    0x000256ec   0x000256ec   0x00000010   Code   RO         5451    i.suble_timer6_handler  app_task.o
    0x000256fc   0x000256fc   0x00000010   Code   RO         5452    i.suble_timer7_handler  app_task.o
    0x0002570c   0x0002570c   0x00000010   Code   RO         5453    i.suble_timer8_handler  app_task.o
    0x0002571c   0x0002571c   0x00000010   Code   RO         5454    i.suble_timer9_handler  app_task.o
    0x0002572c   0x0002572c   0x00000044   Code   RO         3005    i.suble_timer_create  suble_timer.o
    0x00025770   0x00025770   0x00000074   Code   RO         3007    i.suble_timer_handler  suble_timer.o
    0x000257e4   0x000257e4   0x0000009c   Code   RO         3010    i.suble_timer_start  suble_timer.o
    0x00025880   0x00025880   0x00000040   Code   RO         3011    i.suble_timer_start_0  suble_timer.o
    0x000258c0   0x000258c0   0x0000000c   Code   RO         3012    i.suble_timer_stop  suble_timer.o
    0x000258cc   0x000258cc   0x00000030   Code   RO         3013    i.suble_timer_stop_0  suble_timer.o
    0x000258fc   0x000258fc   0x00000018   Code   RO         2926    i.suble_uart1_init  suble_uart.o
    0x00025914   0x00025914   0x00000008   Code   RO         2927    i.suble_uart1_send  suble_uart.o
    0x0002591c   0x0002591c   0x00000018   Code   RO         2928    i.suble_uart2_init  suble_uart.o
    0x00025934   0x00025934   0x0000003c   Code   RO         3121    i.suble_util_crc16  suble_util.o
    0x00025970   0x00025970   0x0000003c   Code   RO         3122    i.suble_util_crc32  suble_util.o
    0x000259ac   0x000259ac   0x0000001e   Code   RO         3124    i.suble_util_reverse_byte  suble_util.o
    0x000259ca   0x000259ca   0x00000098   Code   RO         3126    i.suble_util_str_hexchar2int  suble_util.o
    0x00025a62   0x00025a62   0x00000032   Code   RO         3127    i.suble_util_str_hexstr2hexarray  suble_util.o
    0x00025a94   0x00025a94   0x00000068   Code   RO         4177    i.switch_clk        icu.o
    0x00025afc   0x00025afc   0x0000000c   Code   RO         3612    i.sys_mode_init     arch_main.o
    0x00025b08   0x00025b08   0x0000003a   Code   RO         1566    i.sys_settings_crc_ok  tuya_ble_storage.o
    0x00025b42   0x00025b42   0x00000002   PAD
    0x00025b44   0x00025b44   0x0000001c   Code   RO         4178    i.system_sleep_init  icu.o
    0x00025b60   0x00025b60   0x00000002   Code   RO         4630    i.timer_init        timer.o
    0x00025b62   0x00025b62   0x0000000a   Code   RO         1984    i.trsmitr_init      tuya_ble_mutli_tsf_protocol.o
    0x00025b6c   0x00025b6c   0x0000010c   Code   RO         1985    i.trsmitr_recv_pkg_decode  tuya_ble_mutli_tsf_protocol.o
    0x00025c78   0x00025c78   0x000000fc   Code   RO         1986    i.trsmitr_send_pkg_encode  tuya_ble_mutli_tsf_protocol.o
    0x00025d74   0x00025d74   0x000000b0   Code   RO         5615    i.tuya_ble_Add_Pkcs  tuya_ble_sdk_lib_arm9e-s_little_endian.lib(tuya_ble_secure.o)
    0x00025e24   0x00025e24   0x00000114   Code   RO         1342    i.tuya_ble_adv_change  tuya_ble_main.o
    0x00025f38   0x00025f38   0x00000042   Code   RO          444    i.tuya_ble_aes128_cbc_decrypt  tuya_ble_port_bk3431q.o
    0x00025f7a   0x00025f7a   0x00000042   Code   RO          445    i.tuya_ble_aes128_cbc_encrypt  tuya_ble_port_bk3431q.o
    0x00025fbc   0x00025fbc   0x0000004c   Code   RO          447    i.tuya_ble_aes128_ecb_encrypt  tuya_ble_port_bk3431q.o
    0x00026008   0x00026008   0x0000001c   Code   RO         1675    i.tuya_ble_air_recv_packet_free  tuya_ble_data_handler.o
    0x00026024   0x00026024   0x00000028   Code   RO            5    i.tuya_ble_app_data_process  tuya_ble_app_demo.o
    0x0002604c   0x0002604c   0x00000010   Code   RO            6    i.tuya_ble_app_evt_send  tuya_ble_app_demo.o
    0x0002605c   0x0002605c   0x00000054   Code   RO            8    i.tuya_ble_app_init  tuya_ble_app_demo.o
    0x000260b0   0x000260b0   0x00000140   Code   RO         2182    i.tuya_ble_app_production_test_process  tuya_ble_app_production_test.o
    0x000261f0   0x000261f0   0x00000064   Code   RO         2183    i.tuya_ble_auc_gpio_test  tuya_ble_app_production_test.o
    0x00026254   0x00026254   0x00000090   Code   RO         2184    i.tuya_ble_auc_query_fingerprint  tuya_ble_app_production_test.o
    0x000262e4   0x000262e4   0x00000074   Code   RO         2185    i.tuya_ble_auc_query_hid  tuya_ble_app_production_test.o
    0x00026358   0x00026358   0x00000220   Code   RO         2186    i.tuya_ble_auc_query_info  tuya_ble_app_production_test.o
    0x00026578   0x00026578   0x00000078   Code   RO         2187    i.tuya_ble_auc_rssi_test  tuya_ble_app_production_test.o
    0x000265f0   0x000265f0   0x000000e8   Code   RO         2188    i.tuya_ble_auc_write_auth_info  tuya_ble_app_production_test.o
    0x000266d8   0x000266d8   0x00000098   Code   RO         2189    i.tuya_ble_auc_write_hid  tuya_ble_app_production_test.o
    0x00026770   0x00026770   0x00000020   Code   RO         1145    i.tuya_ble_buffer_value_is_all_x  tuya_ble_utils.o
    0x00026790   0x00026790   0x00000030   Code   RO          637    i.tuya_ble_callback_queue_register  tuya_ble_api.o
    0x000267c0   0x000267c0   0x00000020   Code   RO         1344    i.tuya_ble_cb_event_send  tuya_ble_main.o
    0x000267e0   0x000267e0   0x00000018   Code   RO         1148    i.tuya_ble_check_sum  tuya_ble_utils.o
    0x000267f8   0x000267f8   0x000001cc   Code   RO         1676    i.tuya_ble_commData_send  tuya_ble_data_handler.o
    0x000269c4   0x000269c4   0x00000174   Code   RO         1677    i.tuya_ble_commonData_rx_proc  tuya_ble_data_handler.o
    0x00026b38   0x00026b38   0x00000004   Code   RO          448    i.tuya_ble_common_uart_init  tuya_ble_port_bk3431q.o
    0x00026b3c   0x00026b3c   0x0000000a   Code   RO          449    i.tuya_ble_common_uart_send_data  tuya_ble_port_bk3431q.o
    0x00026b46   0x00026b46   0x00000056   Code   RO          640    i.tuya_ble_common_uart_send_full_instruction_received  tuya_ble_api.o
    0x00026b9c   0x00026b9c   0x00000010   Code   RO          641    i.tuya_ble_connect_monitor_timer_start  tuya_ble_api.o
    0x00026bac   0x00026bac   0x00000010   Code   RO          642    i.tuya_ble_connect_monitor_timer_stop  tuya_ble_api.o
    0x00026bbc   0x00026bbc   0x0000000c   Code   RO         1345    i.tuya_ble_connect_status_get  tuya_ble_main.o
    0x00026bc8   0x00026bc8   0x00000018   Code   RO         1346    i.tuya_ble_connect_status_set  tuya_ble_main.o
    0x00026be0   0x00026be0   0x00000016   Code   RO          643    i.tuya_ble_connected_handler  tuya_ble_api.o
    0x00026bf6   0x00026bf6   0x00000002   PAD
    0x00026bf8   0x00026bf8   0x0000003c   Code   RO         1149    i.tuya_ble_crc16_compute  tuya_ble_utils.o
    0x00026c34   0x00026c34   0x0000003c   Code   RO         1150    i.tuya_ble_crc32_compute  tuya_ble_utils.o
    0x00026c70   0x00026c70   0x00000002   Code   RO          390    i.tuya_ble_custom_app_production_test_process  tuya_ble_app_product_test.o
    0x00026c72   0x00026c72   0x00000002   Code   RO          429    i.tuya_ble_custom_app_uart_common_process  tuya_ble_app_uart_module_handler.o
    0x00026c74   0x00026c74   0x00000030   Code   RO         1347    i.tuya_ble_custom_event_send  tuya_ble_main.o
    0x00026ca4   0x00026ca4   0x00000138   Code   RO         5616    i.tuya_ble_decryption  tuya_ble_sdk_lib_arm9e-s_little_endian.lib(tuya_ble_secure.o)
    0x00026ddc   0x00026ddc   0x00000036   Code   RO         1514    i.tuya_ble_dequeue  tuya_ble_queue.o
    0x00026e12   0x00026e12   0x00000008   Code   RO          450    i.tuya_ble_device_delay_ms  tuya_ble_port_bk3431q.o
    0x00026e1a   0x00026e1a   0x00000008   Code   RO          451    i.tuya_ble_device_enter_critical  tuya_ble_port_bk3431q.o
    0x00026e22   0x00026e22   0x00000008   Code   RO          452    i.tuya_ble_device_exit_critical  tuya_ble_port_bk3431q.o
    0x00026e2a   0x00026e2a   0x0000001a   Code   RO          645    i.tuya_ble_device_factory_reset  tuya_ble_api.o
    0x00026e44   0x00026e44   0x0000008a   Code   RO         1151    i.tuya_ble_device_id_16_to_20  tuya_ble_utils.o
    0x00026ece   0x00026ece   0x00000086   Code   RO         1152    i.tuya_ble_device_id_20_to_16  tuya_ble_utils.o
    0x00026f54   0x00026f54   0x00000090   Code   RO         5617    i.tuya_ble_device_id_encrypt  tuya_ble_sdk_lib_arm9e-s_little_endian.lib(tuya_ble_secure.o)
    0x00026fe4   0x00026fe4   0x00000070   Code   RO         5618    i.tuya_ble_device_id_key_generate  tuya_ble_sdk_lib_arm9e-s_little_endian.lib(tuya_ble_secure.o)
    0x00027054   0x00027054   0x0000000a   Code   RO          453    i.tuya_ble_device_reset  tuya_ble_port_bk3431q.o
    0x0002705e   0x0002705e   0x00000002   PAD
    0x00027060   0x00027060   0x0000002c   Code   RO         1678    i.tuya_ble_device_unbond  tuya_ble_data_handler.o
    0x0002708c   0x0002708c   0x00000016   Code   RO          650    i.tuya_ble_disconnected_handler  tuya_ble_api.o
    0x000270a2   0x000270a2   0x0000007a   Code   RO          651    i.tuya_ble_dp_data_report  tuya_ble_api.o
    0x0002711c   0x0002711c   0x00000088   Code   RO         5619    i.tuya_ble_encrypt_old_with_key  tuya_ble_sdk_lib_arm9e-s_little_endian.lib(tuya_ble_secure.o)
    0x000271a4   0x000271a4   0x000000e0   Code   RO         5620    i.tuya_ble_encryption  tuya_ble_sdk_lib_arm9e-s_little_endian.lib(tuya_ble_secure.o)
    0x00027284   0x00027284   0x00000034   Code   RO         1515    i.tuya_ble_enqueue  tuya_ble_queue.o
    0x000272b8   0x000272b8   0x00000020   Code   RO         1348    i.tuya_ble_event_init  tuya_ble_main.o
    0x000272d8   0x000272d8   0x000001b0   Code   RO         5621    i.tuya_ble_event_process  tuya_ble_sdk_lib_arm9e-s_little_endian.lib(tuya_ble_secure.o)
    0x00027488   0x00027488   0x00000014   Code   RO         1458    i.tuya_ble_event_queue_init  tuya_ble_event.o
    0x0002749c   0x0002749c   0x0000000e   Code   RO         1349    i.tuya_ble_event_send  tuya_ble_main.o
    0x000274aa   0x000274aa   0x00000002   PAD
    0x000274ac   0x000274ac   0x000001b4   Code   RO         1679    i.tuya_ble_evt_process  tuya_ble_data_handler.o
    0x00027660   0x00027660   0x0000000e   Code   RO         1429    i.tuya_ble_free     tuya_ble_mem.o
    0x0002766e   0x0002766e   0x00000012   Code   RO          454    i.tuya_ble_gap_addr_get  tuya_ble_port_bk3431q.o
    0x00027680   0x00027680   0x00000010   Code   RO          455    i.tuya_ble_gap_addr_set  tuya_ble_port_bk3431q.o
    0x00027690   0x00027690   0x00000028   Code   RO          456    i.tuya_ble_gap_advertising_adv_data_update  tuya_ble_port_bk3431q.o
    0x000276b8   0x000276b8   0x00000028   Code   RO          457    i.tuya_ble_gap_advertising_scan_rsp_data_update  tuya_ble_port_bk3431q.o
    0x000276e0   0x000276e0   0x0000000a   Code   RO          458    i.tuya_ble_gap_disconnect  tuya_ble_port_bk3431q.o
    0x000276ea   0x000276ea   0x0000002e   Code   RO          654    i.tuya_ble_gatt_receive_data  tuya_ble_api.o
    0x00027718   0x00027718   0x0000000a   Code   RO          459    i.tuya_ble_gatt_send_data  tuya_ble_port_bk3431q.o
    0x00027722   0x00027722   0x00000002   PAD
    0x00027724   0x00027724   0x00000058   Code   RO         1935    i.tuya_ble_gatt_send_data_enqueue  tuya_ble_gatt_send_queue.o
    0x0002777c   0x0002777c   0x0000007c   Code   RO         1936    i.tuya_ble_gatt_send_data_handle  tuya_ble_gatt_send_queue.o
    0x000277f8   0x000277f8   0x00000028   Code   RO         1937    i.tuya_ble_gatt_send_queue_free  tuya_ble_gatt_send_queue.o
    0x00027820   0x00027820   0x00000020   Code   RO         1938    i.tuya_ble_gatt_send_queue_init  tuya_ble_gatt_send_queue.o
    0x00027840   0x00027840   0x00000080   Code   RO         5622    i.tuya_ble_generate_key1  tuya_ble_sdk_lib_arm9e-s_little_endian.lib(tuya_ble_secure.o)
    0x000278c0   0x000278c0   0x00000010   Code   RO         1350    i.tuya_ble_get_adv_connect_request_bit_status  tuya_ble_main.o
    0x000278d0   0x000278d0   0x00000004   Code   RO         1516    i.tuya_ble_get_queue_used  tuya_ble_queue.o
    0x000278d4   0x000278d4   0x00000002   Code   RO         1812    i.tuya_ble_handle_anomaly_unbound_response_evt  tuya_ble_event_handler.o
    0x000278d6   0x000278d6   0x0000001e   Code   RO         1813    i.tuya_ble_handle_ble_cmd_evt  tuya_ble_event_handler.o
    0x000278f4   0x000278f4   0x00000008   Code   RO         1814    i.tuya_ble_handle_ble_data_evt  tuya_ble_event_handler.o
    0x000278fc   0x000278fc   0x00000068   Code   RO         1815    i.tuya_ble_handle_connect_change_evt  tuya_ble_event_handler.o
    0x00027964   0x00027964   0x0000003c   Code   RO         1817    i.tuya_ble_handle_data_passthrough_evt  tuya_ble_event_handler.o
    0x000279a0   0x000279a0   0x00000040   Code   RO         1818    i.tuya_ble_handle_data_prod_test_response_evt  tuya_ble_event_handler.o
    0x000279e0   0x000279e0   0x000000e8   Code   RO         1680    i.tuya_ble_handle_dev_info_req  tuya_ble_data_handler.o
    0x00027ac8   0x00027ac8   0x00000038   Code   RO         1819    i.tuya_ble_handle_device_info_update_evt  tuya_ble_event_handler.o
    0x00027b00   0x00027b00   0x00000064   Code   RO         1681    i.tuya_ble_handle_device_reset_req  tuya_ble_data_handler.o
    0x00027b64   0x00027b64   0x00000002   Code   RO         1820    i.tuya_ble_handle_device_reset_response_evt  tuya_ble_event_handler.o
    0x00027b66   0x00027b66   0x00000002   PAD
    0x00027b68   0x00027b68   0x00000030   Code   RO         1821    i.tuya_ble_handle_dp_data_reported_evt  tuya_ble_event_handler.o
    0x00027b98   0x00027b98   0x00000074   Code   RO         1822    i.tuya_ble_handle_dp_data_with_time_reported_evt  tuya_ble_event_handler.o
    0x00027c0c   0x00027c0c   0x0000006c   Code   RO         1823    i.tuya_ble_handle_dp_data_with_time_string_reported_evt  tuya_ble_event_handler.o
    0x00027c78   0x00027c78   0x00000072   Code   RO         1682    i.tuya_ble_handle_dp_query_req  tuya_ble_data_handler.o
    0x00027cea   0x00027cea   0x000000a6   Code   RO         1683    i.tuya_ble_handle_dp_write_req  tuya_ble_data_handler.o
    0x00027d90   0x00027d90   0x0000002c   Code   RO         1824    i.tuya_ble_handle_factory_reset_evt  tuya_ble_event_handler.o
    0x00027dbc   0x00027dbc   0x00000082   Code   RO         1684    i.tuya_ble_handle_net_config_info_req  tuya_ble_data_handler.o
    0x00027e3e   0x00027e3e   0x0000002c   Code   RO         1825    i.tuya_ble_handle_net_config_response_evt  tuya_ble_event_handler.o
    0x00027e6a   0x00027e6a   0x00000088   Code   RO         1685    i.tuya_ble_handle_ota_req  tuya_ble_data_handler.o
    0x00027ef2   0x00027ef2   0x0000004c   Code   RO         1826    i.tuya_ble_handle_ota_response_evt  tuya_ble_event_handler.o
    0x00027f3e   0x00027f3e   0x00000002   PAD
    0x00027f40   0x00027f40   0x00000120   Code   RO         1686    i.tuya_ble_handle_pair_req  tuya_ble_data_handler.o
    0x00028060   0x00028060   0x00000034   Code   RO         1827    i.tuya_ble_handle_time_request_evt  tuya_ble_event_handler.o
    0x00028094   0x00028094   0x0000004e   Code   RO         1828    i.tuya_ble_handle_uart_cmd_evt  tuya_ble_event_handler.o
    0x000280e2   0x000280e2   0x00000002   Code   RO         1829    i.tuya_ble_handle_unbound_response_evt  tuya_ble_event_handler.o
    0x000280e4   0x000280e4   0x00000080   Code   RO         1687    i.tuya_ble_handle_unix_time_char_ms_resp  tuya_ble_data_handler.o
    0x00028164   0x00028164   0x0000008c   Code   RO         1688    i.tuya_ble_handle_unix_time_date_resp  tuya_ble_data_handler.o
    0x000281f0   0x000281f0   0x0000002a   Code   RO         1351    i.tuya_ble_inter_event_response  tuya_ble_main.o
    0x0002821a   0x0002821a   0x00000002   PAD
    0x0002821c   0x0002821c   0x0000000c   Code   RO         2191    i.tuya_ble_internal_production_test_with_ble_flag_clear  tuya_ble_app_production_test.o
    0x00028228   0x00028228   0x0000000c   Code   RO         1158    i.tuya_ble_is_word_aligned_tuya  tuya_ble_utils.o
    0x00028234   0x00028234   0x000002f8   Code   RO         5623    i.tuya_ble_key_generate  tuya_ble_sdk_lib_arm9e-s_little_endian.lib(tuya_ble_secure.o)
    0x0002852c   0x0002852c   0x00000008   Code   RO         1352    i.tuya_ble_main_tasks_exec  tuya_ble_main.o
    0x00028534   0x00028534   0x00000016   Code   RO         1431    i.tuya_ble_malloc   tuya_ble_mem.o
    0x0002854a   0x0002854a   0x00000034   Code   RO          462    i.tuya_ble_md5_crypt  tuya_ble_port_bk3431q.o
    0x0002857e   0x0002857e   0x00000002   PAD
    0x00028580   0x00028580   0x00000010   Code   RO         1459    i.tuya_ble_message_send  tuya_ble_event.o
    0x00028590   0x00028590   0x0000007c   Code   RO         1632    i.tuya_ble_mytime_2_utc_sec  tuya_ble_unix_time.o
    0x0002860c   0x0002860c   0x00000014   Code   RO          463    i.tuya_ble_nv_erase  tuya_ble_port_bk3431q.o
    0x00028620   0x00028620   0x00000004   Code   RO          464    i.tuya_ble_nv_init  tuya_ble_port_bk3431q.o
    0x00028624   0x00028624   0x0000000a   Code   RO          465    i.tuya_ble_nv_read  tuya_ble_port_bk3431q.o
    0x0002862e   0x0002862e   0x0000000a   Code   RO          466    i.tuya_ble_nv_write  tuya_ble_port_bk3431q.o
    0x00028638   0x00028638   0x0000005c   Code   RO          656    i.tuya_ble_ota_response  tuya_ble_api.o
    0x00028694   0x00028694   0x0000001c   Code   RO         1691    i.tuya_ble_pair_rand_clear  tuya_ble_data_handler.o
    0x000286b0   0x000286b0   0x0000000c   Code   RO         1692    i.tuya_ble_pair_rand_valid_get  tuya_ble_data_handler.o
    0x000286bc   0x000286bc   0x0000008c   Code   RO         2192    i.tuya_ble_prod_asciitohex  tuya_ble_app_production_test.o
    0x00028748   0x00028748   0x0000000a   Code   RO          391    i.tuya_ble_prod_beacon_get_rssi_avg  tuya_ble_app_product_test.o
    0x00028752   0x00028752   0x00000004   Code   RO          392    i.tuya_ble_prod_beacon_scan_start  tuya_ble_app_product_test.o
    0x00028756   0x00028756   0x00000004   Code   RO          393    i.tuya_ble_prod_beacon_scan_stop  tuya_ble_app_product_test.o
    0x0002875a   0x0002875a   0x00000004   Code   RO          394    i.tuya_ble_prod_gpio_test  tuya_ble_app_product_test.o
    0x0002875e   0x0002875e   0x0000001c   Code   RO         1517    i.tuya_ble_queue_decrease  tuya_ble_queue.o
    0x0002877a   0x0002877a   0x0000000a   Code   RO         1518    i.tuya_ble_queue_flush  tuya_ble_queue.o
    0x00028784   0x00028784   0x00000022   Code   RO         1519    i.tuya_ble_queue_get  tuya_ble_queue.o
    0x000287a6   0x000287a6   0x0000001e   Code   RO         1520    i.tuya_ble_queue_init  tuya_ble_queue.o
    0x000287c4   0x000287c4   0x0000003a   Code   RO          467    i.tuya_ble_rand_generator  tuya_ble_port_bk3431q.o
    0x000287fe   0x000287fe   0x00000002   PAD
    0x00028800   0x00028800   0x0000003c   Code   RO         5624    i.tuya_ble_register_key_generate  tuya_ble_sdk_lib_arm9e-s_little_endian.lib(tuya_ble_secure.o)
    0x0002883c   0x0002883c   0x0000001c   Code   RO         1693    i.tuya_ble_reset_ble_sn  tuya_ble_data_handler.o
    0x00028858   0x00028858   0x00000004   Code   RO          469    i.tuya_ble_rtc_set_timestamp  tuya_ble_port_bk3431q.o
    0x0002885c   0x0002885c   0x00000064   Code   RO         1460    i.tuya_ble_sched_event_put  tuya_ble_event.o
    0x000288c0   0x000288c0   0x0000002c   Code   RO         1461    i.tuya_ble_sched_init  tuya_ble_event.o
    0x000288ec   0x000288ec   0x000002f8   Code   RO            9    i.tuya_ble_sdk_callback  tuya_ble_app_demo.o
    0x00028be4   0x00028be4   0x000000e4   Code   RO          661    i.tuya_ble_sdk_init  tuya_ble_api.o
    0x00028cc8   0x00028cc8   0x0000000c   Code   RO         1694    i.tuya_ble_set_device_version  tuya_ble_data_handler.o
    0x00028cd4   0x00028cd4   0x0000001c   Code   RO         1695    i.tuya_ble_set_external_mcu_version  tuya_ble_data_handler.o
    0x00028cf0   0x00028cf0   0x00000060   Code   RO         1567    i.tuya_ble_storage_init  tuya_ble_storage.o
    0x00028d50   0x00028d50   0x0000017c   Code   RO         1568    i.tuya_ble_storage_load_settings  tuya_ble_storage.o
    0x00028ecc   0x00028ecc   0x0000005c   Code   RO         1570    i.tuya_ble_storage_save_auth_settings  tuya_ble_storage.o
    0x00028f28   0x00028f28   0x00000060   Code   RO         1571    i.tuya_ble_storage_save_sys_settings  tuya_ble_storage.o
    0x00028f88   0x00028f88   0x000000b0   Code   RO         1572    i.tuya_ble_storage_write_auth_key_device_id_mac  tuya_ble_storage.o
    0x00029038   0x00029038   0x00000038   Code   RO         1573    i.tuya_ble_storage_write_hid  tuya_ble_storage.o
    0x00029070   0x00029070   0x0000000a   Code   RO          470    i.tuya_ble_timer_create  tuya_ble_port_bk3431q.o
    0x0002907a   0x0002907a   0x0000000a   Code   RO          473    i.tuya_ble_timer_start  tuya_ble_port_bk3431q.o
    0x00029084   0x00029084   0x0000000a   Code   RO          474    i.tuya_ble_timer_stop  tuya_ble_port_bk3431q.o
    0x0002908e   0x0002908e   0x00000002   PAD
    0x00029090   0x00029090   0x000000e4   Code   RO         2285    i.tuya_ble_uart_common_mcu_ota_data_from_ble_handler  tuya_ble_app_uart_common_handler.o
    0x00029174   0x00029174   0x000000b0   Code   RO         2286    i.tuya_ble_uart_common_mcu_ota_data_from_uart_handler  tuya_ble_app_uart_common_handler.o
    0x00029224   0x00029224   0x0000002c   Code   RO         2287    i.tuya_ble_uart_common_process  tuya_ble_app_uart_common_handler.o
    0x00029250   0x00029250   0x00000054   Code   RO         2197    i.tuya_ble_uart_prod_send  tuya_ble_app_production_test.o
    0x000292a4   0x000292a4   0x00000014   Code   RO          663    i.tuya_ble_vtimer_conncet_monitor_callback  tuya_ble_api.o
    0x000292b8   0x000292b8   0x00000010   Code   RO         2198    i.tuya_ble_vtimer_prod_monitor_callback  tuya_ble_app_production_test.o
    0x000292c8   0x000292c8   0x00000044   Code   RO         1465    i.tuya_sched_execute  tuya_ble_event.o
    0x0002930c   0x0002930c   0x00000008   Code   RO         2930    i.uart1_rx_handler  suble_uart.o
    0x00029314   0x00029314   0x00000010   Code   RO         4679    i.uart2_cb_register  uart.o
    0x00029324   0x00029324   0x000000c4   Code   RO         4680    i.uart2_init        uart.o
    0x000293e8   0x000293e8   0x00000080   Code   RO         4681    i.uart2_isr         uart.o
    0x00029468   0x00029468   0x00000044   Code   RO         4682    i.uart2_printf      uart.o
    0x000294ac   0x000294ac   0x00000028   Code   RO         4684    i.uart2_putchar     uart.o
    0x000294d4   0x000294d4   0x00000008   Code   RO         2931    i.uart2_rx_handler  suble_uart.o
    0x000294dc   0x000294dc   0x00000010   Code   RO         4687    i.uart_cb_register  uart.o
    0x000294ec   0x000294ec   0x00000024   Code   RO         4688    i.uart_clear_rxfifo  uart.o
    0x00029510   0x00029510   0x0000001c   Code   RO         4689    i.uart_finish_transfers  uart.o
    0x0002952c   0x0002952c   0x00000004   Code   RO         4690    i.uart_flow_off     uart.o
    0x00029530   0x00029530   0x00000002   Code   RO         4691    i.uart_flow_on      uart.o
    0x00029532   0x00029532   0x00000002   PAD
    0x00029534   0x00029534   0x000000c4   Code   RO         4692    i.uart_init         uart.o
    0x000295f8   0x000295f8   0x00000100   Code   RO         4693    i.uart_isr          uart.o
    0x000296f8   0x000296f8   0x00000044   Code   RO         4695    i.uart_printf       uart.o
    0x0002973c   0x0002973c   0x00000028   Code   RO         4697    i.uart_putchar      uart.o
    0x00029764   0x00029764   0x0000000c   Code   RO         4698    i.uart_read         uart.o
    0x00029770   0x00029770   0x00000020   Code   RO         4699    i.uart_send         uart.o
    0x00029790   0x00029790   0x00000048   Code   RO         4700    i.uart_write        uart.o
    0x000297d8   0x000297d8   0x0000006c   Code   RO         4348    i.udi_exchange_fdata_to_adjoining_next_sector  flash.o
    0x00029844   0x00029844   0x00000068   Code   RO         4349    i.udi_exchange_fdata_to_adjoining_previous_sector  flash.o
    0x000298ac   0x000298ac   0x0000003c   Code   RO         1296    i.vTuyaPortFree     tuya_ble_heap.o
    0x000298e8   0x000298e8   0x00000024   Code   RO         4867    i.wdt_disable       wdt.o
    0x0002990c   0x0002990c   0x0000002c   Code   RO         4868    i.wdt_enable        wdt.o
    0x00029938   0x00029938   0x00000024   Code   RO         4869    i.wdt_feed          wdt.o
    0x0002995c   0x0002995c   0x00000068   Data   RO           11    .constdata          tuya_ble_app_demo.o
    0x000299c4   0x000299c4   0x00000083   Data   RO          319    .constdata          tuya_ble_app_ota.o
    0x00029a47   0x00029a47   0x00000001   PAD
    0x00029a48   0x00029a48   0x00000004   Data   RO         1167    .constdata          tuya_ble_utils.o
    0x00029a4c   0x00029a4c   0x0000003a   Data   RO         1354    .constdata          tuya_ble_main.o
    0x00029a86   0x00029a86   0x0000000c   Data   RO         1635    .constdata          tuya_ble_unix_time.o
    0x00029a92   0x00029a92   0x00000002   PAD
    0x00029a94   0x00029a94   0x00000054   Data   RO         2199    .constdata          tuya_ble_app_production_test.o
    0x00029ae8   0x00029ae8   0x00002228   Data   RO         2325    .constdata          aes.o
    0x0002bd10   0x0002bd10   0x00000015   Data   RO         2770    .constdata          suble_gap.o
    0x0002bd25   0x0002bd25   0x00000011   Data   RO         2825    .constdata          suble_svc.o
    0x0002bd36   0x0002bd36   0x00000026   Data   RO         3016    .constdata          suble_timer.o
    0x0002bd5c   0x0002bd5c   0x00000004   Data   RO         3131    .constdata          suble_util.o
    0x0002bd60   0x0002bd60   0x0000008c   Data   RO         3395    .constdata          elog.o
    0x0002bdec   0x0002bdec   0x00000023   Data   RO         3525    .constdata          elog_utils.o
    0x0002be0f   0x0002be0f   0x0000005b   Data   RO         3614    .constdata          arch_main.o
    0x0002be6a   0x0002be6a   0x00000002   PAD
    0x0002be6c   0x0002be6c   0x00000040   Data   RO         5169    .constdata          fff0s.o
    0x0002beac   0x0002beac   0x00000028   Data   RO         5232    .constdata          fff0s_task.o
    0x0002bed4   0x0002bed4   0x00000008   Data   RO         5233    .constdata          fff0s_task.o
    0x0002bedc   0x0002bedc   0x00000075   Data   RO         5276    .constdata          app.o
    0x0002bf51   0x0002bf51   0x00000003   PAD
    0x0002bf54   0x0002bf54   0x00000020   Data   RO         5368    .constdata          app_fff0.o
    0x0002bf74   0x0002bf74   0x00000008   Data   RO         5369    .constdata          app_fff0.o
    0x0002bf7c   0x0002bf7c   0x0000001a   Data   RO         5370    .constdata          app_fff0.o
    0x0002bf96   0x0002bf96   0x00000002   PAD
    0x0002bf98   0x0002bf98   0x00000108   Data   RO         5455    .constdata          app_task.o
    0x0002c0a0   0x0002c0a0   0x00000008   Data   RO         5456    .constdata          app_task.o
    0x0002c0a8   0x0002c0a8   0x000000e2   Data   RO         5457    .constdata          app_task.o
    0x0002c18a   0x0002c18a   0x00000050   Data   RO         5708    .constdata          bk3435_fcc_mode.lib(rf_test.o)
    0x0002c1da   0x0002c1da   0x00000081   Data   RO         6042    .constdata          mc_5.l(ctype_o.o)
    0x0002c25b   0x0002c25b   0x00000001   PAD
    0x0002c25c   0x0002c25c   0x00000004   Data   RO         6043    .constdata          mc_5.l(ctype_o.o)
    0x0002c260   0x0002c260   0x00000091   Data   RO           12    .conststring        tuya_ble_app_demo.o
    0x0002c2f1   0x0002c2f1   0x00000003   PAD
    0x0002c2f4   0x0002c2f4   0x00000048   Data   RO          320    .conststring        tuya_ble_app_ota.o
    0x0002c33c   0x0002c33c   0x00000017   Data   RO         3396    .conststring        elog.o


    Execution Region RAM_DATA (Exec base: 0x00400800, Load base: 0x0002c354, Size: 0x00000384, Max: 0xffffffff, ABSOLUTE)

    Exec Addr    Load Addr    Size         Type   Attr      Idx    E Section Name        Object

    0x00400800   0x0002c354   0x00000070   Data   RW           13    .data               tuya_ble_app_demo.o
    0x00400870   0x0002c3c4   0x00000014   Data   RW          321    .data               tuya_ble_app_ota.o
    0x00400884   0x0002c3d8   0x00000010   Data   RW          665    .data               tuya_ble_api.o
    0x00400894   0x0002c3e8   0x00000018   Data   RW         1301    .data               tuya_ble_heap.o
    0x004008ac   0x0002c400   0x00000008   Data   RW         1355    .data               tuya_ble_main.o
    0x004008b4   0x0002c408   0x0000000c   Data   RW         1467    .data               tuya_ble_event.o
    0x004008c0   0x0002c414   0x00000034   Data   RW         1697    .data               tuya_ble_data_handler.o
    0x004008f4   0x0002c448   0x00000001   Data   RW         1940    .data               tuya_ble_gatt_send_queue.o
    0x004008f5   0x0002c449   0x00000001   Data   RW         1987    .data               tuya_ble_mutli_tsf_protocol.o
    0x004008f6   0x0002c44a   0x00000002   PAD
    0x004008f8   0x0002c44c   0x00000008   Data   RW         2200    .data               tuya_ble_app_production_test.o
    0x00400900   0x0002c454   0x00000001   Data   RW         2289    .data               tuya_ble_app_uart_common_handler.o
    0x00400901   0x0002c455   0x00000003   PAD
    0x00400904   0x0002c458   0x00000004   Data   RW         2326    .data               aes.o
    0x00400908   0x0002c45c   0x00000001   Data   RW         2659    .data               suble_common.o
    0x00400909   0x0002c45d   0x00000003   PAD
    0x0040090c   0x0002c460   0x00000008   Data   RW         2660    .data               suble_common.o
    0x00400914   0x0002c468   0x00000047   Data   RW         2729    .data               suble_scan_adv.o
    0x0040095b   0x0002c4af   0x00000013   Data   RW         2730    .data               suble_scan_adv.o
    0x0040096e   0x0002c4c2   0x0000000c   Data   RW         2771    .data               suble_gap.o
    0x0040097a   0x0002c4ce   0x00000002   PAD
    0x0040097c   0x0002c4d0   0x0000000c   Data   RW         2826    .data               suble_svc.o
    0x00400988   0x0002c4dc   0x0000014c   Data   RW         3017    .data               suble_timer.o
    0x00400ad4   0x0002c628   0x0000001c   Data   RW         3397    .data               elog.o
    0x00400af0   0x0002c644   0x00000001   Data   RW         3615    .data               arch_main.o
    0x00400af1   0x0002c645   0x00000002   Data   RW         4179    .data               icu.o
    0x00400af3   0x0002c647   0x00000001   PAD
    0x00400af4   0x0002c648   0x0000002c   Data   RW         4251    .data               gpio.o
    0x00400b20   0x0002c674   0x0000000c   Data   RW         4351    .data               flash.o
    0x00400b2c   0x0002c680   0x00000018   Data   RW         4704    .data               uart.o
    0x00400b44   0x0002c698   0x00000001   Data   RW         4870    .data               wdt.o
    0x00400b45   0x0002c699   0x00000003   PAD
    0x00400b48   0x0002c69c   0x00000004   Data   RW         5001    .data               rtc.o
    0x00400b4c   0x0002c6a0   0x00000001   Data   RW         5458    .data               app_task.o
    0x00400b4d   0x0002c6a1   0x00000009   Data   RW         5709    .data               bk3435_fcc_mode.lib(rf_test.o)
    0x00400b56   0x0002c6aa   0x00000002   PAD
    0x00400b58   0x0002c6ac   0x00000026   Data   RW         5712    .data               bk3435_pn9_mode.lib(rf_pn9_test.o)
    0x00400b7e   0x0002c6d2   0x00000002   PAD
    0x00400b80   0x0002c6d4   0x00000004   Data   RW         6025    .data               mc_5.l(errno.o)


    Execution Region RAM_BSS (Exec base: 0x00400b84, Load base: 0x0002c6d8, Size: 0x00002384, Max: 0xffffffff, ABSOLUTE)

    Exec Addr    Load Addr    Size         Type   Attr      Idx    E Section Name        Object

    0x00400b84        -       0x00000206   Zero   RW           10    .bss                tuya_ble_app_demo.o
    0x00400d8a        -       0x000000f0   Zero   RW          318    .bss                tuya_ble_app_ota.o
    0x00400e7a        -       0x00000600   Zero   RW         1300    .bss                tuya_ble_heap.o
    0x0040147a   0x0002c6d8   0x00000002   PAD
    0x0040147c        -       0x0000023a   Zero   RW         1353    .bss                tuya_ble_main.o
    0x004016b6   0x0002c6d8   0x00000002   PAD
    0x004016b8        -       0x000003a0   Zero   RW         1466    .bss                tuya_ble_event.o
    0x00401a58        -       0x00000064   Zero   RW         1696    .bss                tuya_ble_data_handler.o
    0x00401abc        -       0x000000ac   Zero   RW         1939    .bss                tuya_ble_gatt_send_queue.o
    0x00401b68        -       0x00000048   Zero   RW         2288    .bss                tuya_ble_app_uart_common_handler.o
    0x00401bb0        -       0x00000600   Zero   RW         2824    .bss                suble_svc.o
    0x004021b0        -       0x000000a0   Zero   RW         3015    .bss                suble_timer.o
    0x00402250        -       0x00000250   Zero   RW         3394    .bss                elog.o
    0x004024a0        -       0x00000010   Zero   RW         3613    .bss                arch_main.o
    0x004024b0        -       0x00000010   Zero   RW         4013    .bss                rwip.o
    0x004024c0        -       0x0000000c   Zero   RW         4350    .bss                flash.o
    0x004024cc        -       0x00000828   Zero   RW         4701    .bss                uart.o
    0x00402cf4        -       0x00000040   Zero   RW         4908    .bss                rf_xvr.o
    0x00402d34        -       0x0000011c   Zero   RW         5069    .bss                prf.o
    0x00402e50        -       0x00000028   Zero   RW         5275    .bss                app.o
    0x00402e78        -       0x00000090   Zero   RW         5625    .bss                tuya_ble_sdk_lib_arm9e-s_little_endian.lib(tuya_ble_secure.o)


    Execution Region RAM_STACK_UNUSED (Exec base: 0x0040b70c, Load base: 0x0002c6d8, Size: 0x00000020, Max: 0x00000020, ABSOLUTE)

    Exec Addr    Load Addr    Size         Type   Attr      Idx    E Section Name        Object

    0x0040b70c        -       0x00000020   Zero   RW            1    RAM_STACK_UNUSED.bss  anon$$obj.o


    Execution Region RAM_STACK_SVC (Exec base: 0x0040b72c, Load base: 0x0002c6d8, Size: 0x000004f0, Max: 0x000004f0, ABSOLUTE)

    Exec Addr    Load Addr    Size         Type   Attr      Idx    E Section Name        Object

    0x0040b72c        -       0x000004f0   Zero   RW            2    RAM_STACK_SVC.bss   anon$$obj.o


    Execution Region RAM_STACK_IRQ (Exec base: 0x0040bc1c, Load base: 0x0002c6d8, Size: 0x000001f0, Max: 0x000001f0, ABSOLUTE)

    Exec Addr    Load Addr    Size         Type   Attr      Idx    E Section Name        Object

    0x0040bc1c        -       0x000001f0   Zero   RW            3    RAM_STACK_IRQ.bss   anon$$obj.o


    Execution Region RAM_STACK_FIQ (Exec base: 0x0040be0c, Load base: 0x0002c6d8, Size: 0x000001f0, Max: 0x000001f0, ABSOLUTE)

    Exec Addr    Load Addr    Size         Type   Attr      Idx    E Section Name        Object

    0x0040be0c        -       0x000001f0   Zero   RW            4    RAM_STACK_FIQ.bss   anon$$obj.o


    Execution Region RAM_BSS_1 (Exec base: 0x00815000, Load base: 0x0002c6d8, Size: 0x00001258, Max: 0xffffffff, ABSOLUTE)

    Exec Addr    Load Addr    Size         Type   Attr      Idx    E Section Name        Object

    0x00815000        -       0x00001258   Zero   RW         4014    ke_heap             rwip.o


==============================================================================

Image component sizes


      Code (inc. data)   RO Data    RW Data    ZI Data      Debug   Object Name

      2896         80       8744          4          0      20462   aes.o
       616        120        117          0         40      10191   app.o
       152         26         66          0          0       6497   app_fff0.o
      2114        804        498          1          0      21929   app_task.o
      1372        658         91          1         16      12482   arch_main.o
       500         76          0          0          0        432   boot_handlers.o
        92         32          0          0          0        380   boot_vectors.o
      1956        680        163         28        592      15600   elog.o
         0          0          0          0          0       3067   elog_async.o
        84         40          0          0          0       4145   elog_port.o
       276        126         35          0          0       3065   elog_utils.o
        24          4          0          0          0        587   emi.o
       416         16         64          0          0       9335   fff0s.o
       530         22         48          0          0       7916   fff0s_task.o
      1814        234          0         12         12      15637   flash.o
        52         14          0         44          0       8893   gpio.o
       392         72          0          2          0       5155   icu.o
       192         20          0          0          0     111110   intc.o
      2554        266          0          0          0       8899   md5.o
       564         30          0          0        284       9268   prf.o
         0          0          0          0          0       8415   prf_utils.o
      1130        284          0          0         64     114096   rf_xvr.o
        36         10          0          4          0       1322   rtc.o
       386         24          0          0          0     111055   rwble.o
        56          0          0          0          0       2181   rwble_hl.o
       704         78          0          0       4712     116295   rwip.o
       140         12          0          9          0       5612   suble_common.o
        52          0          0          0          0       2343   suble_flash.o
       406        134         21         12          0       5872   suble_gap.o
        52          4          0         90          0       2302   suble_scan_adv.o
       280        126         17         12       1536       3802   suble_svc.o
         2          0          0          0          0        514   suble_test.o
       520        160         38        332        160       8252   suble_timer.o
        72         12          0          0          0       3289   suble_uart.o
       352         34          4          0          0       4902   suble_util.o
         2          0          0          0          0        481   timer.o
       744         42          0         16          0      27225   tuya_ble_api.o
       900        494        249        112        518      89972   tuya_ble_app_demo.o
      2544        884        203         20        240      11739   tuya_ble_app_ota.o
        24          0          0          0          0       3807   tuya_ble_app_product_test.o
      1980        428         84          8          0      12518   tuya_ble_app_production_test.o
       448         28          0          1         72       4556   tuya_ble_app_uart_common_handler.o
         2          0          0          0          0       1234   tuya_ble_app_uart_module_handler.o
      3130        144          0         52        100      24191   tuya_ble_data_handler.o
       248         32          0         12        928       5739   tuya_ble_event.o
       894         48          0          0          0      14181   tuya_ble_event_handler.o
       284         34          0          1        172       5571   tuya_ble_gatt_send_queue.o
       356         22          0         24       1536       4471   tuya_ble_heap.o
       504         56         58          8        570       8720   tuya_ble_main.o
        36          0          0          0          0       1962   tuya_ble_mem.o
       782          4          0          1          0      10908   tuya_ble_mutli_tsf_protocol.o
       578         12          0          0          0      19345   tuya_ble_port_bk3431q.o
       212          0          0          0          0       6204   tuya_ble_queue.o
      1012         32          0          0          0       9289   tuya_ble_storage.o
       208         14         12          0          0       4188   tuya_ble_unix_time.o
       460         14          4          0          0       7140   tuya_ble_utils.o
      1250        228          0         24       2088      34041   uart.o
       116         24          0          1          0       1822   wdt.o

    ----------------------------------------------------------------------
     37608       6758      10530        845      15932     974606   Object Totals
        48         20          0          0       2288          0   (incl. Generated)
        62          0         14         14          4          0   (incl. Padding)

    ----------------------------------------------------------------------

      Code (inc. data)   RO Data    RW Data    ZI Data      Debug   Library Member Name

      1164        268         80          9          0        236   rf_test.o
       764        190          0         38          0        344   rf_pn9_test.o
       138          0          0          0          0         80   __strtoll.o
        30          0          0          0          0         60   _chval.o
       216          0          0          0          0         84   _strtoull.o
        26          0          0          0          0         72   atoll.o
         8          4        133          0          0         60   ctype_o.o
         8          4          0          4          0         60   errno.o
         0          0          0          0          0          0   iusefp.o
       126          0          0          0          0         84   llmul.o
        32          0          0          0          0         68   llshl.o
        38          0          0          0          0         68   llsshr.o
        34          0          0          0          0         68   llushr.o
        38          0          0          0          0        100   memseta.o
      2432        108          0          0          0        760   printfa.o
        14          0          0          0          0         60   strlen.o
        30          0          0          0          0         72   strncmp.o
        26          0          0          0          0         68   strncpy.o
        40          0          0          0          0         72   strstr.o
        96          0          0          0          0         84   uldiv.o
        20          0          0          0          0         60   uread4.o
        28          0          0          0          0         68   uread8.o
        18          0          0          0          0         60   uwrite4.o
        40          2          0          0          0         68   cdrcmple.o
       356          4          0          0          0        140   dadd.o
       240          6          0          0          0         84   ddiv.o
       190          0          0          0          0        156   depilogue.o
        60         10          0          0          0         68   dfixui.o
        64         10          0          0          0         68   dfixul.o
        28          4          0          0          0         68   dfltui.o
       208          6          0          0          0         88   dmul.o
        44          0          0          0          0         72   dscalb.o
      2636         28          0          0        144      19947   tuya_ble_secure.o

    ----------------------------------------------------------------------
      9196        644        214         55        144      23447   Library Totals
         4          0          1          4          0          0   (incl. Padding)

    ----------------------------------------------------------------------

      Code (inc. data)   RO Data    RW Data    ZI Data      Debug   Library Name

      1164        268         80          9          0        236   bk3435_fcc_mode.lib
       764        190          0         38          0        344   bk3435_pn9_mode.lib
      3398        116        133          4          0       2108   mc_5.l
      1230         42          0          0          0        812   mf_5.l
      2636         28          0          0        144      19947   tuya_ble_sdk_lib_arm9e-s_little_endian.lib

    ----------------------------------------------------------------------
      9196        644        214         55        144      23447   Library Totals

    ----------------------------------------------------------------------

==============================================================================


      Code (inc. data)   RO Data    RW Data    ZI Data      Debug   

     46804       7402      10744        900      16076     977725   Grand Totals
     46804       7402      10744        900      16076     977725   ELF Image Totals
     46804       7402      10744        900          0          0   ROM Totals

==============================================================================

    Total RO  Size (Code + RO Data)                57548 (  56.20kB)
    Total RW  Size (RW Data + ZI Data)             16976 (  16.58kB)
    Total ROM Size (Code + RO Data + RW Data)      58448 (  57.08kB)

==============================================================================

