Component: ARM Compiler 5.06 update 6 (build 750) Tool: armlink [4d35ed]

==============================================================================

Section Cross References

    tuya_ble_app_demo.o(i.tuya_ble_app_data_process) refers to tuya_ble_api.o(i.tuya_ble_connected_handler) for tuya_ble_connected_handler
    tuya_ble_app_demo.o(i.tuya_ble_app_data_process) refers to tuya_ble_app_ota.o(i.app_ota_disconn_handler) for app_ota_disconn_handler
    tuya_ble_app_demo.o(i.tuya_ble_app_data_process) refers to tuya_ble_api.o(i.tuya_ble_disconnected_handler) for tuya_ble_disconnected_handler
    tuya_ble_app_demo.o(i.tuya_ble_app_data_process) refers to tuya_ble_mem.o(i.tuya_ble_free) for tuya_ble_free
    tuya_ble_app_demo.o(i.tuya_ble_app_evt_send) refers to tuya_ble_main.o(i.tuya_ble_custom_event_send) for tuya_ble_custom_event_send
    tuya_ble_app_demo.o(i.tuya_ble_app_evt_send) refers to tuya_ble_app_demo.o(i.tuya_ble_app_data_process) for tuya_ble_app_data_process
    tuya_ble_app_demo.o(i.tuya_ble_app_evt_send_with_data) refers to tuya_ble_mem.o(i.tuya_ble_malloc) for tuya_ble_malloc
    tuya_ble_app_demo.o(i.tuya_ble_app_evt_send_with_data) refers to uwrite4.o(.text) for __aeabi_uwrite4
    tuya_ble_app_demo.o(i.tuya_ble_app_evt_send_with_data) refers to tuya_ble_main.o(i.tuya_ble_custom_event_send) for tuya_ble_custom_event_send
    tuya_ble_app_demo.o(i.tuya_ble_app_evt_send_with_data) refers to elog.o(i.elog_output) for elog_output
    tuya_ble_app_demo.o(i.tuya_ble_app_evt_send_with_data) refers to tuya_ble_app_demo.o(i.tuya_ble_app_data_process) for tuya_ble_app_data_process
    tuya_ble_app_demo.o(i.tuya_ble_app_evt_send_with_data) refers to tuya_ble_app_demo.o(.constdata) for __FUNCTION__
    tuya_ble_app_demo.o(i.tuya_ble_app_evt_send_with_data) refers to tuya_ble_app_demo.o(.conststring) for .conststring
    tuya_ble_app_demo.o(i.tuya_ble_app_init) refers to tuya_ble_api.o(i.tuya_ble_sdk_init) for tuya_ble_sdk_init
    tuya_ble_app_demo.o(i.tuya_ble_app_init) refers to tuya_ble_api.o(i.tuya_ble_callback_queue_register) for tuya_ble_callback_queue_register
    tuya_ble_app_demo.o(i.tuya_ble_app_init) refers to tuya_ble_app_ota.o(i.app_ota_init) for app_ota_init
    tuya_ble_app_demo.o(i.tuya_ble_app_init) refers to tuya_ble_app_demo.o(.data) for tuya_ble_device_param
    tuya_ble_app_demo.o(i.tuya_ble_app_init) refers to tuya_ble_app_demo.o(.constdata) for device_id_test
    tuya_ble_app_demo.o(i.tuya_ble_app_init) refers to tuya_ble_app_demo.o(i.tuya_ble_sdk_callback) for tuya_ble_sdk_callback
    tuya_ble_app_demo.o(i.tuya_ble_sdk_callback) refers to elog.o(i.elog_output) for elog_output
    tuya_ble_app_demo.o(i.tuya_ble_sdk_callback) refers to suble_common.o(i.suble_log_hexdump_for_tuya_ble_sdk) for suble_log_hexdump_for_tuya_ble_sdk
    tuya_ble_app_demo.o(i.tuya_ble_sdk_callback) refers to tuya_ble_api.o(i.tuya_ble_dp_data_report) for tuya_ble_dp_data_report
    tuya_ble_app_demo.o(i.tuya_ble_sdk_callback) refers to tuya_ble_app_ota.o(i.app_ota_handler) for app_ota_handler
    tuya_ble_app_demo.o(i.tuya_ble_sdk_callback) refers to tuya_ble_app_demo.o(.constdata) for __FUNCTION__
    tuya_ble_app_demo.o(i.tuya_ble_sdk_callback) refers to tuya_ble_app_demo.o(.conststring) for .conststring
    tuya_ble_app_demo.o(i.tuya_ble_sdk_callback) refers to tuya_ble_app_demo.o(.bss) for g_demo_cmd
    tuya_ble_app_ota.o(i.app_ota_data_handler) refers to elog.o(i.elog_output) for elog_output
    tuya_ble_app_ota.o(i.app_ota_data_handler) refers to tuya_ble_app_ota.o(i.app_ota_rsp) for app_ota_rsp
    tuya_ble_app_ota.o(i.app_ota_data_handler) refers to tuya_ble_app_ota.o(i.app_ota_exit) for app_ota_exit
    tuya_ble_app_ota.o(i.app_ota_data_handler) refers to suble_util.o(i.suble_util_reverse_byte) for suble_util_reverse_byte
    tuya_ble_app_ota.o(i.app_ota_data_handler) refers to suble_util.o(i.suble_util_crc16) for suble_util_crc16
    tuya_ble_app_ota.o(i.app_ota_data_handler) refers to suble_flash.o(i.suble_flash_write) for suble_flash_write
    tuya_ble_app_ota.o(i.app_ota_data_handler) refers to uread4.o(.text) for __aeabi_uread4
    tuya_ble_app_ota.o(i.app_ota_data_handler) refers to suble_util.o(i.suble_util_crc32) for suble_util_crc32
    tuya_ble_app_ota.o(i.app_ota_data_handler) refers to tuya_ble_app_ota.o(.data) for s_ota_state
    tuya_ble_app_ota.o(i.app_ota_data_handler) refers to tuya_ble_app_ota.o(.constdata) for __FUNCTION__
    tuya_ble_app_ota.o(i.app_ota_data_handler) refers to tuya_ble_app_ota.o(.conststring) for .conststring
    tuya_ble_app_ota.o(i.app_ota_data_handler) refers to tuya_ble_app_ota.o(.bss) for s_file
    tuya_ble_app_ota.o(i.app_ota_disconn_handler) refers to tuya_ble_app_ota.o(i.app_ota_exit) for app_ota_exit
    tuya_ble_app_ota.o(i.app_ota_disconn_handler) refers to tuya_ble_app_ota.o(.data) for s_ota_state
    tuya_ble_app_ota.o(i.app_ota_end_handler) refers to elog.o(i.elog_output) for elog_output
[...]
    tuya_ble_set_device_version              0x0002b045   Thumb Code    10  tuya_ble_data_handler.o(i.tuya_ble_set_device_version)
    tuya_ble_set_external_mcu_version        0x0002b059   Thumb Code    24  tuya_ble_data_handler.o(i.tuya_ble_set_external_mcu_version)
    tuya_ble_storage_init                    0x0002b079   Thumb Code    90  tuya_ble_storage.o(i.tuya_ble_storage_init)
    tuya_ble_storage_load_settings           0x0002b0d9   Thumb Code   420  tuya_ble_storage.o(i.tuya_ble_storage_load_settings)
    tuya_ble_storage_save_auth_settings      0x0002b285   Thumb Code   108  tuya_ble_storage.o(i.tuya_ble_storage_save_auth_settings)
    tuya_ble_storage_save_sys_settings       0x0002b2f5   Thumb Code   108  tuya_ble_storage.o(i.tuya_ble_storage_save_sys_settings)
    tuya_ble_storage_write_auth_key_device_id_mac 0x0002b365   Thumb Code   188  tuya_ble_storage.o(i.tuya_ble_storage_write_auth_key_device_id_mac)
    tuya_ble_storage_write_hid               0x0002b425   Thumb Code    54  tuya_ble_storage.o(i.tuya_ble_storage_write_hid)
    tuya_ble_timer_create                    0x0002b461   Thumb Code    26  tuya_ble_port_bk3431q.o(i.tuya_ble_timer_create)
    tuya_ble_timer_start                     0x0002b47b   Thumb Code    14  tuya_ble_port_bk3431q.o(i.tuya_ble_timer_start)
    tuya_ble_timer_stop                      0x0002b489   Thumb Code    14  tuya_ble_port_bk3431q.o(i.tuya_ble_timer_stop)
    tuya_ble_uart_common_mcu_ota_data_from_ble_handler 0x0002b499   Thumb Code   262  tuya_ble_app_uart_common_handler.o(i.tuya_ble_uart_common_mcu_ota_data_from_ble_handler)
    tuya_ble_uart_common_process             0x0002b68d   Thumb Code    76  tuya_ble_app_uart_common_handler.o(i.tuya_ble_uart_common_process)
    tuya_sched_execute                       0x0002b761   Thumb Code    78  tuya_ble_event.o(i.tuya_sched_execute)
    uart2_cb_register                        0x0002b7d5   Thumb Code    10  uart.o(i.uart2_cb_register)
    uart2_init                               0x0002b7e5   Thumb Code   214  uart.o(i.uart2_init)
    uart2_isr                                0x0002b8e5   Thumb Code   188  uart.o(i.uart2_isr)
    uart2_printf                             0x0002b9b5   Thumb Code    54  uart.o(i.uart2_printf)
    uart2_putchar                            0x0002ba01   Thumb Code    42  uart.o(i.uart2_putchar)
    uart_cb_register                         0x0002ba41   Thumb Code    10  uart.o(i.uart_cb_register)
    uart_clear_rxfifo                        0x0002ba51   Thumb Code    38  uart.o(i.uart_clear_rxfifo)
    uart_finish_transfers                    0x0002ba81   Thumb Code    42  uart.o(i.uart_finish_transfers)
    uart_flow_off                            0x0002bab1   Thumb Code     4  uart.o(i.uart_flow_off)
    uart_flow_on                             0x0002bab5   Thumb Code     2  uart.o(i.uart_flow_on)
    uart_init                                0x0002bab9   Thumb Code   212  uart.o(i.uart_init)
    uart_isr                                 0x0002bbb5   Thumb Code   404  uart.o(i.uart_isr)
    uart_printf                              0x0002bd69   Thumb Code    54  uart.o(i.uart_printf)
    uart_putchar                             0x0002bdb5   Thumb Code    42  uart.o(i.uart_putchar)
    uart_read                                0x0002bde5   Thumb Code    10  uart.o(i.uart_read)
    uart_send                                0x0002bdf5   Thumb Code    26  uart.o(i.uart_send)
    uart_write                               0x0002be31   Thumb Code    78  uart.o(i.uart_write)
    udi_exchange_fdata_to_adjoining_next_sector 0x0002be89   Thumb Code   138  flash.o(i.udi_exchange_fdata_to_adjoining_next_sector)
    udi_exchange_fdata_to_adjoining_previous_sector 0x0002bf19   Thumb Code   138  flash.o(i.udi_exchange_fdata_to_adjoining_previous_sector)
    vTuyaPortFree                            0x0002bfa9   Thumb Code    70  tuya_ble_heap.o(i.vTuyaPortFree)
    wdt_disable                              0x0002bff9   Thumb Code    28  wdt.o(i.wdt_disable)
    wdt_enable                               0x0002c01d   Thumb Code    38  wdt.o(i.wdt_enable)
    wdt_feed                                 0x0002c04d   Thumb Code    28  wdt.o(i.wdt_feed)
    fff0_att_db                              0x0002e580   Data          48  fff0s.o(.constdata)
    fff0s_itf                                0x0002e5b0   Data          16  fff0s.o(.constdata)
    fff0s_default_state                      0x0002e5c0   Data          40  fff0s_task.o(.constdata)
    fff0s_default_handler                    0x0002e5e8   Data           8  fff0s_task.o(.constdata)
    app_fff0_msg_handler_list                0x0002e668   Data          32  app_fff0.o(.constdata)
    app_fff0_table_handler                   0x0002e688   Data           8  app_fff0.o(.constdata)
    appm_default_state                       0x0002e6ac   Data         264  app_task.o(.constdata)
    appm_default_handler                     0x0002e7b4   Data           8  app_task.o(.constdata)
    RF_CHANNEL_TABLE                         0x0002e89e   Data          80  rf_test.o(.constdata)
    __ctype_table                            0x0002e8ee   Data         129  ctype_o.o(.constdata)
    Load$$RAM_DATA$$Base                     0x0002ea68   Number         0  anon$$obj.o ABSOLUTE
    co_default_bdaddr                        0x00400024   Data           0  peripheral_stack_symbol.txt ABSOLUTE
    llc_env                                  0x0040002c   Data           0  peripheral_stack_symbol.txt ABSOLUTE
    llc_state                                0x00400030   Data           0  peripheral_stack_symbol.txt ABSOLUTE
    latency_disable_state                    0x00400031   Data           0  peripheral_stack_symbol.txt ABSOLUTE
    system_sleep_flag                        0x00400032   Data           0  peripheral_stack_symbol.txt ABSOLUTE
    lld_sleep_env                            0x00400034   Data           0  peripheral_stack_symbol.txt ABSOLUTE
    system_mode                              0x00400038   Data           0  peripheral_stack_symbol.txt ABSOLUTE
    llm_state                                0x00400039   Data           0  peripheral_stack_symbol.txt ABSOLUTE
    gapc_env                                 0x0040003c   Data           0  peripheral_stack_symbol.txt ABSOLUTE
    gapc_state                               0x00400040   Data           0  peripheral_stack_symbol.txt ABSOLUTE
    gapm_state                               0x00400041   Data           0  peripheral_stack_symbol.txt ABSOLUTE
    gattc_env                                0x00400044   Data           0  peripheral_stack_symbol.txt ABSOLUTE
    gattc_state                              0x00400048   Data           0  peripheral_stack_symbol.txt ABSOLUTE
    gattm_state                              0x00400049   Data           0  peripheral_stack_symbol.txt ABSOLUTE
    l2cc_env                                 0x0040004c   Data           0  peripheral_stack_symbol.txt ABSOLUTE
    l2cc_state                               0x00400050   Data           0  peripheral_stack_symbol.txt ABSOLUTE
    ahi_state                                0x00400051   Data           0  peripheral_stack_symbol.txt ABSOLUTE
    ke_env                                   0x0040007c   Data           0  peripheral_stack_symbol.txt ABSOLUTE
    rwip_rf                                  0x00400130   Data           0  peripheral_stack_symbol.txt ABSOLUTE
    rom_env                                  0x00400164   Data           0  peripheral_stack_symbol.txt ABSOLUTE
    em_buf_env                               0x004001b0   Data           0  peripheral_stack_symbol.txt ABSOLUTE
    lld_evt_env                              0x004004f8   Data           0  peripheral_stack_symbol.txt ABSOLUTE
    llm_le_env                               0x00400524   Data           0  peripheral_stack_symbol.txt ABSOLUTE
    gapm_env                                 0x004005a0   Data           0  peripheral_stack_symbol.txt ABSOLUTE
    gattm_env                                0x004005d8   Data           0  peripheral_stack_symbol.txt ABSOLUTE
    l2cm_env                                 0x004005f8   Data           0  peripheral_stack_symbol.txt ABSOLUTE
    hci_env                                  0x00400604   Data           0  peripheral_stack_symbol.txt ABSOLUTE
    hci_fc_env                               0x00400614   Data           0  peripheral_stack_symbol.txt ABSOLUTE
    ahi_env                                  0x00400664   Data           0  peripheral_stack_symbol.txt ABSOLUTE
    Image$$RAM_DATA$$Base                    0x00400800   Number         0  anon$$obj.o ABSOLUTE
    app_ota_timer                            0x00400884   Data           4  tuya_ble_app_ota.o(.data)
    tuya_ble_xtimer_connect_monitor          0x00400894   Data           4  tuya_ble_api.o(.data)
    m_cb_table                               0x004008b4   Data           4  tuya_ble_main.o(.data)
    tuya_ble_pair_rand                       0x004008d4   Data           6  tuya_ble_data_handler.o(.data)
    tuya_ble_pair_rand_valid                 0x004008da   Data           1  tuya_ble_data_handler.o(.data)
    tuya_ble_ota_status                      0x004008e4   Data           1  tuya_ble_data_handler.o(.data)
    tuya_ble_xTimer_prod_monitor             0x00400900   Data           4  tuya_ble_app_production_test.o(.data)
    g_system_sleep                           0x0040090c   Data           1  suble_common.o(.data)
    g_adv_data                               0x00400918   Data          35  suble_scan_adv.o(.data)
    g_scan_rsp                               0x0040093b   Data          35  suble_scan_adv.o(.data)
    g_adv_param                              0x0040095e   Data          19  suble_scan_adv.o(.data)
    g_adv_restart_glag                       0x00400971   Data           1  suble_scan_adv.o(.data)
    elog_assert_hook                         0x00400af0   Data           4  elog.o(.data)
    rc_sleep_flag                            0x00400af4   Data           1  arch_main.o(.data)
    GPIO_CFG                                 0x00400af8   Data          20  gpio.o(.data)
    GPIO_DATA                                0x00400b0c   Data          20  gpio.o(.data)
    flash_enable_write_flag1                 0x00400b24   Data           1  flash.o(.data)
    flash_enable_write_flag2                 0x00400b25   Data           1  flash.o(.data)
    flash_enable_write_flag3                 0x00400b26   Data           1  flash.o(.data)
    flash_enable_write_flag4                 0x00400b27   Data           1  flash.o(.data)
    flash_enable_erase_flag1                 0x00400b28   Data           1  flash.o(.data)
    flash_enable_erase_flag2                 0x00400b29   Data           1  flash.o(.data)
    flash_mid                                0x00400b2c   Data           4  flash.o(.data)
    uart_rx_done                             0x00400b30   Data           1  uart.o(.data)
    uart_rx_index                            0x00400b34   Data           4  uart.o(.data)
    cur_read_buf_idx                         0x00400b38   Data           1  uart.o(.data)
    uart2_rx_done                            0x00400b39   Data           1  uart.o(.data)
    uart2_rx_index                           0x00400b3c   Data           4  uart.o(.data)
    cur_read_buf_idx2                        0x00400b40   Data           1  uart.o(.data)
    uart_dut_reg_flag                        0x00400b4c   Data           1  uart.o(.data)
    appm_state                               0x00400b58   Data           1  app_task.o(.data)
    ch_status                                0x00400b59   Data           1  rf_test.o(.data)
    freq                                     0x00400b5a   Data           1  rf_test.o(.data)
    powerlevel                               0x00400b5b   Data           1  rf_test.o(.data)
    p_mode                                   0x00400b5c   Data           1  rf_test.o(.data)
    d_mode                                   0x00400b5d   Data           1  rf_test.o(.data)
    hopping                                  0x00400b5e   Data           1  rf_test.o(.data)
    freq_value                               0x00400b5f   Data           1  rf_test.o(.data)
    temp                                     0x00400b60   Data           1  rf_test.o(.data)
    index                                    0x00400b61   Data           1  rf_test.o(.data)
    p_APB_XVER_ADDR                          0x00400b68   Data           4  rf_pn9_test.o(.data)
    tx_rsp_buffer                            0x00400b6c   Data           7  rf_pn9_test.o(.data)
    rx_rsp_buffer                            0x00400b73   Data           7  rf_pn9_test.o(.data)
    error_cmd_rsp                            0x00400b7a   Data           7  rf_pn9_test.o(.data)
    test_end_rsp_buffer                      0x00400b81   Data           9  rf_pn9_test.o(.data)
    Image$$RAM_BSS$$Base                     0x00400b90   Number         0  anon$$obj.o ABSOLUTE
    g_demo_cmd                               0x00400b90   Data         259  tuya_ble_app_demo.o(.bss)
    g_demo_rsp                               0x00400c93   Data         259  tuya_ble_app_demo.o(.bss)
    tuya_ble_current_para                    0x00401488   Data         468  tuya_ble_main.o(.bss)
    uart_api                                 0x004024ac   Data          16  arch_main.o(.bss)
    flash_env                                0x004024cc   Data          12  flash.o(.bss)
    uart_rx_buf                              0x004024d8   Data         512  uart.o(.bss)
    uart_tx_buf                              0x004026d8   Data         512  uart.o(.bss)
    uart2_rx_buf                             0x004028d8   Data         512  uart.o(.bss)
    uart2_tx_buf                             0x00402ad8   Data         512  uart.o(.bss)
    uart_env                                 0x00402cd8   Data          20  uart.o(.bss)
    uart_buff                                0x00402cec   Data         512  uart.o(.bss)
    uart2_env                                0x00402eec   Data          20  uart.o(.bss)
    uart2_buff                               0x00402f00   Data         512  uart.o(.bss)
    XVR_ANALOG_REG_BAK                       0x00403100   Data          64  rf_xvr.o(.bss)
    prf_env                                  0x00403140   Data         284  prf.o(.bss)
    app_env                                  0x0040325c   Data          40  app.o(.bss)
    Image$$RAM_STACK_UNUSED$$Base            0x0040b70c   Number         0  anon$$obj.o ABSOLUTE
    Image$$RAM_STACK_SVC$$Base               0x0040b72c   Number         0  anon$$obj.o ABSOLUTE
    Image$$RAM_STACK_IRQ$$Base               0x0040bc1c   Number         0  anon$$obj.o ABSOLUTE
    Image$$RAM_STACK_FIQ$$Base               0x0040be0c   Number         0  anon$$obj.o ABSOLUTE
    rwip_heap_env                            0x00815000   Data         708  rwip.o(ke_heap)
    rwip_heap_db                             0x008152c4   Data        1036  rwip.o(ke_heap)
    rwip_heap_msg                            0x008156d0   Data        1404  rwip.o(ke_heap)
    rwip_heap_non_ret                        0x00815c4c   Data        1548  rwip.o(ke_heap)



==============================================================================

Memory Map of the image

  Image Entry point : 0x0001e284

  Load Region SECTIONS (Base: 0x0001e200, Size: 0x00010bf8, Max: 0xffffffff, ABSOLUTE)

    Execution Region ROM_SYS (Exec base: 0x0001e200, Load base: 0x0001e200, Size: 0x00000278, Max: 0xffffffff, ABSOLUTE)

    Exec Addr    Load Addr    Size         Type   Attr      Idx    E Section Name        Object

    0x0001e200   0x0001e200   0x0000005c   Code   RO         4012  * SYS_BOOT            boot_vectors.o
    0x0001e25c   0x0001e25c   0x000001f4   Code   RO         4008  * SYS_BOOT            boot_handlers.o
    0x0001e450   0x0001e450   0x00000008   Ven    RO         6313    Veneer$$Code        anon$$obj.o
    0x0001e458   0x0001e458   0x00000008   Ven    RO         6314    Veneer$$Code        anon$$obj.o
    0x0001e460   0x0001e460   0x00000008   Ven    RO         6315    Veneer$$Code        anon$$obj.o
    0x0001e468   0x0001e468   0x00000008   Ven    RO         6316    Veneer$$Code        anon$$obj.o
    0x0001e470   0x0001e470   0x00000008   Ven    RO         6317    Veneer$$Code        anon$$obj.o


    Execution Region FAST_CALL_SEG (Exec base: 0x0001e500, Load base: 0x0001e500, Size: 0x00000030, Max: 0xffffffff, ABSOLUTE, FIXED)

    Exec Addr    Load Addr    Size         Type   Attr      Idx    E Section Name        Object

    0x0001e500   0x0001e500   0x00000010   Code   RO         4738    sys_fiq_entry       intc.o
    0x0001e510   0x0001e510   0x00000010   PAD
    0x0001e520   0x0001e520   0x00000010   Code   RO         4739    sys_irq_entry       intc.o


    Execution Region ROM (Exec base: 0x0001e530, Load base: 0x0001e530, Size: 0x00010538, Max: 0xffffffff, ABSOLUTE)

    Exec Addr    Load Addr    Size         Type   Attr      Idx    E Section Name        Object

    0x0001e530   0x0001e530   0x0000048c   Code   RO         5944    .text               bk3435_fcc_mode.lib(rf_test.o)
    0x0001e9bc   0x0001e9bc   0x000002fc   Code   RO         5948    .text               bk3435_pn9_mode.lib(rf_pn9_test.o)
    0x0001ecb8   0x0001ecb8   0x00000060   Code   RO         5953    .text               mc_5.l(uldiv.o)
    0x0001ed18   0x0001ed18   0x00000026   Code   RO         5957    .text               mc_5.l(memseta.o)
    0x0001ed3e   0x0001ed3e   0x00000028   Code   RO         5959    .text               mc_5.l(strstr.o)
    0x0001ed66   0x0001ed66   0x0000001a   Code   RO         5961    .text               mc_5.l(strncpy.o)
    0x0001ed80   0x0001ed80   0x0000000e   Code   RO         5963    .text               mc_5.l(strlen.o)
    0x0001ed8e   0x0001ed8e   0x0000001e   Code   RO         5967    .text               mc_5.l(strncmp.o)
    0x0001edac   0x0001edac   0x00000014   Code   RO         6230    .text               mc_5.l(uread4.o)
    0x0001edc0   0x0001edc0   0x0000001c   Code   RO         6232    .text               mc_5.l(uread8.o)
    0x0001eddc   0x0001eddc   0x00000012   Code   RO         6234    .text               mc_5.l(uwrite4.o)
    0x0001edee   0x0001edee   0x0000001a   Code   RO         6236    .text               mc_5.l(atoll.o)
    0x0001ee08   0x0001ee08   0x00000164   Code   RO         6238    .text               mf_5.l(dadd.o)
    0x0001ef6c   0x0001ef6c   0x000000d0   Code   RO         6240    .text               mf_5.l(dmul.o)
    0x0001f03c   0x0001f03c   0x000000f0   Code   RO         6242    .text               mf_5.l(ddiv.o)
    0x0001f12c   0x0001f12c   0x0000001c   Code   RO         6244    .text               mf_5.l(dfltui.o)
    0x0001f148   0x0001f148   0x0000003c   Code   RO         6246    .text               mf_5.l(dfixui.o)
    0x0001f184   0x0001f184   0x00000020   Code   RO         6251    .text               mc_5.l(llshl.o)
    0x0001f1a4   0x0001f1a4   0x00000022   Code   RO         6253    .text               mc_5.l(llushr.o)
    0x0001f1c6   0x0001f1c6   0x00000026   Code   RO         6255    .text               mc_5.l(llsshr.o)
    0x0001f1ec   0x0001f1ec   0x0000008a   Code   RO         6264    .text               mc_5.l(__strtoll.o)
    0x0001f276   0x0001f276   0x00000002   PAD
    0x0001f278   0x0001f278   0x00000000   Code   RO         6266    .text               mc_5.l(iusefp.o)
    0x0001f278   0x0001f278   0x000000be   Code   RO         6267    .text               mf_5.l(depilogue.o)
    0x0001f336   0x0001f336   0x00000002   PAD
    0x0001f338   0x0001f338   0x00000040   Code   RO         6271    .text               mf_5.l(dfixul.o)
    0x0001f378   0x0001f378   0x00000028   Code   RO         6273    .text               mf_5.l(cdrcmple.o)
    0x0001f3a0   0x0001f3a0   0x00000008   Code   RO         6276    .text               mc_5.l(ctype_o.o)
    0x0001f3a8   0x0001f3a8   0x000000d8   Code   RO         6304    .text               mc_5.l(_strtoull.o)
    0x0001f480   0x0001f480   0x0000007e   Code   RO         6307    .text               mc_5.l(llmul.o)
    0x0001f4fe   0x0001f4fe   0x0000001e   Code   RO         6309    .text               mc_5.l(_chval.o)
    0x0001f51c   0x0001f51c   0x0000001c   Code   RO         5131    i.Delay_ms          rf_xvr.o
    0x0001f538   0x0001f538   0x00000048   Code   RO         4733    i.FIQ_Exception     intc.o
    0x0001f580   0x0001f580   0x0000009c   Code   RO         4734    i.IRQ_Exception     intc.o
    0x0001f61c   0x0001f61c   0x0000001c   Code   RO         4899    i.Read_Uart_Buf     uart.o
    0x0001f638   0x0001f638   0x0000013c   Code   RO         3805    i.Stack_Integrity_Check  arch_main.o
    0x0001f774   0x0001f774   0x00000010   Code   RO         4900    i.Uart_Read_Byte    uart.o
    0x0001f784   0x0001f784   0x00000034   Code   RO         6203    i.__0snprintf       mc_5.l(printfa.o)
    0x0001f7b8   0x0001f7b8   0x00000028   Code   RO         6204    i.__0sprintf        mc_5.l(printfa.o)
    0x0001f7e0   0x0001f7e0   0x0000002c   Code   RO         6207    i.__0vsnprintf      mc_5.l(printfa.o)
    0x0001f80c   0x0001f80c   0x00000024   Code   RO         6208    i.__0vsprintf       mc_5.l(printfa.o)
    0x0001f830   0x0001f830   0x00000008   Code   RO         6257    i.__aeabi_errno_addr  mc_5.l(errno.o)
    0x0001f838   0x0001f838   0x00000174   Code   RO         6209    i._fp_digits        mc_5.l(printfa.o)
    0x0001f9ac   0x0001f9ac   0x000006f4   Code   RO         6210    i._printf_core      mc_5.l(printfa.o)
    0x000200a0   0x000200a0   0x00000020   Code   RO         6211    i._printf_post_padding  mc_5.l(printfa.o)
    0x000200c0   0x000200c0   0x0000002c   Code   RO         6212    i._printf_pre_padding  mc_5.l(printfa.o)
    0x000200ec   0x000200ec   0x00000016   Code   RO         6213    i._snputc           mc_5.l(printfa.o)
    0x00020102   0x00020102   0x0000000a   Code   RO         6214    i._sputc            mc_5.l(printfa.o)
    0x0002010c   0x0002010c   0x00000048   Code   RO         3143    i.acquire_timer     suble_timer.o
    0x00020154   0x00020154   0x00000038   Code   RO         5597    i.app_fff0_add_fff0s  app_fff0.o
    0x0002018c   0x0002018c   0x00000024   Code   RO         5599    i.app_fff0_msg_dflt_handler  app_fff0.o
    0x000201b0   0x000201b0   0x00000034   Code   RO         5600    i.app_fff1_send_lvl  app_fff0.o
    0x000201e4   0x000201e4   0x00000284   Code   RO          305    i.app_ota_data_handler  tuya_ble_app_ota.o
    0x00020468   0x00020468   0x00000018   Code   RO          306    i.app_ota_disconn_handler  tuya_ble_app_ota.o
    0x00020480   0x00020480   0x00000220   Code   RO          307    i.app_ota_end_handler  tuya_ble_app_ota.o
    0x000206a0   0x000206a0   0x00000068   Code   RO          308    i.app_ota_enter     tuya_ble_app_ota.o
    0x00020708   0x00020708   0x00000014   Code   RO          309    i.app_ota_exit      tuya_ble_app_ota.o
    0x0002071c   0x0002071c   0x0000023c   Code   RO          310    i.app_ota_file_info_handler  tuya_ble_app_ota.o
    0x00020958   0x00020958   0x0000017c   Code   RO          311    i.app_ota_file_offset_handler  tuya_ble_app_ota.o
    0x00020ad4   0x00020ad4   0x00000070   Code   RO          312    i.app_ota_get_crc32_in_flash  tuya_ble_app_ota.o
    0x00020b44   0x00020b44   0x000000c0   Code   RO          314    i.app_ota_handler   tuya_ble_app_ota.o
    0x00020c04   0x00020c04   0x00000004   Code   RO          315    i.app_ota_init      tuya_ble_app_ota.o
    0x00020c08   0x00020c08   0x00000144   Code   RO          316    i.app_ota_req_handler  tuya_ble_app_ota.o
    0x00020d4c   0x00020d4c   0x00000014   Code   RO          317    i.app_ota_rsp       tuya_ble_app_ota.o
    0x00020d60   0x00020d60   0x00000024   Code   RO          318    i.app_ota_timer_creat_and_start  tuya_ble_app_ota.o
    0x00020d84   0x00020d84   0x0000003e   Code   RO         1665    i.applib_dt_is_leap_year  tuya_ble_unix_time.o
    0x00020dc2   0x00020dc2   0x00000002   PAD
    0x00020dc4   0x00020dc4   0x00000044   Code   RO         1666    i.applib_dt_last_day_of_mon  tuya_ble_unix_time.o
    0x00020e08   0x00020e08   0x00000030   Code   RO         5503    i.appm_add_svc      app.o
    0x00020e38   0x00020e38   0x00000030   Code   RO         5504    i.appm_disconnect   app.o
    0x00020e68   0x00020e68   0x0000001c   Code   RO         5505    i.appm_get_dev_name  app.o
    0x00020e84   0x00020e84   0x00000054   Code   RO         5656    i.appm_get_handler  app_task.o
    0x00020ed8   0x00020ed8   0x00000064   Code   RO         5506    i.appm_init         app.o
    0x00020f3c   0x00020f3c   0x0000003c   Code   RO         5657    i.appm_msg_handler  app_task.o
    0x00020f78   0x00020f78   0x00000134   Code   RO         5507    i.appm_start_advertising  app.o
    0x000210ac   0x000210ac   0x0000005c   Code   RO         5509    i.appm_update_adv_data  app.o
    0x00021108   0x00021108   0x00000048   Code   RO         5510    i.appm_update_param  app.o
    0x00021150   0x00021150   0x00000068   Code   RO         3806    i.assert_err        arch_main.o
    0x000211b8   0x000211b8   0x0000007c   Code   RO         3807    i.assert_param      arch_main.o
    0x00021234   0x00021234   0x00000010   Code   RO         1585    i.auth_settings_crc_get  tuya_ble_storage.o
    0x00021244   0x00021244   0x0000003c   Code   RO         1586    i.auth_settings_crc_ok  tuya_ble_storage.o
    0x00021280   0x00021280   0x0000005c   Code   RO         1708    i.ble_cmd_data_crc_check  tuya_ble_data_handler.o
    0x000212dc   0x000212dc   0x0000013c   Code   RO         1709    i.ble_data_unpack   tuya_ble_data_handler.o
    0x00021418   0x00021418   0x00000024   Code   RO         1710    i.buffer_value_is_all_x  tuya_ble_data_handler.o
    0x0002143c   0x0002143c   0x00000018   Code   RO         4901    i.check_uart_stop   uart.o
    0x00021454   0x00021454   0x0000007c   Code   RO         4551    i.clr_flash_qwfr    flash.o
    0x000214d0   0x000214d0   0x00000008   Code   RO         4393    i.cpu_idle_sleep    icu.o
    0x000214d8   0x000214d8   0x00000080   Code   RO         4394    i.cpu_reduce_voltage_sleep  icu.o
    0x00021558   0x00021558   0x00000058   Code   RO         4395    i.cpu_wakeup        icu.o
    0x000215b0   0x000215b0   0x0000011e   Code   RO         2055    i.data_2_klvlist    tuya_ble_mutli_tsf_protocol.o
    0x000216ce   0x000216ce   0x00000002   PAD
    0x000216d0   0x000216d0   0x000001a8   Code   RO         3581    i.elog_hexdump      elog.o
    0x00021878   0x00021878   0x00000030   Code   RO         3582    i.elog_init         elog.o
    0x000218a8   0x000218a8   0x000003cc   Code   RO         3583    i.elog_output       elog.o
    0x00021c74   0x00021c74   0x00000024   Code   RO         3584    i.elog_output_lock  elog.o
    0x00021c98   0x00021c98   0x00000040   Code   RO         3585    i.elog_output_lock_enabled  elog.o
    0x00021cd8   0x00021cd8   0x00000024   Code   RO         3586    i.elog_output_unlock  elog.o
    0x00021cfc   0x00021cfc   0x00000010   Code   RO         3753    i.elog_port_get_p_info  elog_port.o
    0x00021d0c   0x00021d0c   0x0000000c   Code   RO         3754    i.elog_port_get_t_info  elog_port.o
    0x00021d18   0x00021d18   0x00000010   Code   RO         3755    i.elog_port_get_time  elog_port.o
    0x00021d28   0x00021d28   0x00000004   Code   RO         3756    i.elog_port_init    elog_port.o
    0x00021d2c   0x00021d2c   0x0000001c   Code   RO         3757    i.elog_port_output  elog_port.o
    0x00021d48   0x00021d48   0x00000008   Code   RO         3758    i.elog_port_output_lock  elog_port.o
    0x00021d50   0x00021d50   0x00000008   Code   RO         3759    i.elog_port_output_unlock  elog_port.o
    0x00021d58   0x00021d58   0x000000dc   Code   RO         3590    i.elog_set_filter_lvl  elog.o
    0x00021e34   0x00021e34   0x000000e8   Code   RO         3593    i.elog_set_output_enabled  elog.o
    0x00021f1c   0x00021f1c   0x0000009c   Code   RO         3594    i.elog_start        elog.o
    0x00021fb8   0x00021fb8   0x00000124   Code   RO         3730    i.elog_strcpy       elog_utils.o
    0x000220dc   0x000220dc   0x0000001c   Code   RO         4691    i.emi_init          emi.o
    0x000220f8   0x000220f8   0x00000012   Code   RO         5398    i.fff0s_cleanup     fff0s.o
    0x0002210a   0x0002210a   0x00000010   Code   RO         5399    i.fff0s_create      fff0s.o
    0x0002211a   0x0002211a   0x0000001e   Code   RO         5400    i.fff0s_destroy     fff0s.o
    0x00022138   0x00022138   0x00000008   Code   RO         5601    i.fff0s_fff1_level_ntf_cfg_ind_handler  app_fff0.o
    0x00022140   0x00022140   0x0000003c   Code   RO         5464    i.fff0s_fff1_level_upd_req_handler  fff0s_task.o
    0x0002217c   0x0002217c   0x0000003c   Code   RO         5401    i.fff0s_get_att_handle  fff0s.o
    0x000221b8   0x000221b8   0x00000052   Code   RO         5402    i.fff0s_get_att_idx  fff0s.o
    0x0002220a   0x0002220a   0x00000002   PAD
    0x0002220c   0x0002220c   0x000000c8   Code   RO         5403    i.fff0s_init        fff0s.o
    0x000222d4   0x000222d4   0x00000048   Code   RO         5404    i.fff0s_notify_fff1_lvl  fff0s.o
    0x0002231c   0x0002231c   0x00000008   Code   RO         5405    i.fff0s_prf_itf_get  fff0s.o
    0x00022324   0x00022324   0x00000008   Code   RO         5602    i.fff1_level_upd_handler  app_fff0.o
    0x0002232c   0x0002232c   0x00000018   Code   RO         5603    i.fff2_writer_req_handler  app_fff0.o
    0x00022344   0x00022344   0x00000030   Code   RO         3144    i.find_timer_ms     suble_timer.o
    0x00022374   0x00022374   0x000000b0   Code   RO         4552    i.flash_advance_init  flash.o
    0x00022424   0x00022424   0x000000fc   Code   RO         4553    i.flash_erase       flash.o
    0x00022520   0x00022520   0x00000060   Code   RO         4554    i.flash_erase_sector  flash.o
    0x00022580   0x00022580   0x00000034   Code   RO         4555    i.flash_init        flash.o
    0x000225b4   0x000225b4   0x00000054   Code   RO         4556    i.flash_read        flash.o
    0x00022608   0x00022608   0x000000ac   Code   RO         4557    i.flash_read_data   flash.o
    0x000226b4   0x000226b4   0x00000034   Code   RO         4558    i.flash_read_sr     flash.o
    0x000226e8   0x000226e8   0x00000034   Code   RO         4559    i.flash_set_dual_mode  flash.o
    0x0002271c   0x0002271c   0x00000002   Code   RO         4560    i.flash_set_line_mode  flash.o
    0x0002271e   0x0002271e   0x00000002   PAD
    0x00022720   0x00022720   0x00000094   Code   RO         4563    i.flash_wp_ALL      flash.o
    0x000227b4   0x000227b4   0x00000098   Code   RO         4564    i.flash_wp_NONE     flash.o
    0x0002284c   0x0002284c   0x000000ac   Code   RO         4565    i.flash_write       flash.o
    0x000228f8   0x000228f8   0x00000128   Code   RO         4566    i.flash_write_data  flash.o
    0x00022a20   0x00022a20   0x00000134   Code   RO         4567    i.flash_write_sr    flash.o
    0x00022b54   0x00022b54   0x00000028   Code   RO         2057    i.free_klv_list     tuya_ble_mutli_tsf_protocol.o
    0x00022b7c   0x00022b7c   0x000001dc   Code   RO         5658    i.gapc_cmp_evt_handler  app_task.o
    0x00022d58   0x00022d58   0x000000a0   Code   RO         5659    i.gapc_connection_req_ind_handler  app_task.o
    0x00022df8   0x00022df8   0x00000074   Code   RO         5660    i.gapc_disconnect_ind_handler  app_task.o
    0x00022e6c   0x00022e6c   0x00000090   Code   RO         5661    i.gapc_get_dev_info_req_ind_handler  app_task.o
    0x00022efc   0x00022efc   0x00000104   Code   RO         5662    i.gapc_le_pkt_size_ind_handler  app_task.o
    0x00023000   0x00023000   0x00000068   Code   RO         5663    i.gapc_param_update_req_ind_handler  app_task.o
    0x00023068   0x00023068   0x000000d4   Code   RO         5664    i.gapc_param_updated_ind_handler  app_task.o
    0x0002313c   0x0002313c   0x0000002c   Code   RO         5665    i.gapc_set_dev_info_req_ind_handler  app_task.o
    0x00023168   0x00023168   0x00000134   Code   RO         5666    i.gapm_cmp_evt_handler  app_task.o
    0x0002329c   0x0002329c   0x00000028   Code   RO         5667    i.gapm_device_ready_ind_handler  app_task.o
    0x000232c4   0x000232c4   0x0000001e   Code   RO         5668    i.gapm_profile_added_ind_handler  app_task.o
    0x000232e2   0x000232e2   0x00000002   PAD
    0x000232e4   0x000232e4   0x00000054   Code   RO         5465    i.gattc_att_info_req_ind_handler  fff0s_task.o
    0x00023338   0x00023338   0x00000028   Code   RO         5466    i.gattc_cmp_evt_handler  fff0s_task.o
    0x00023360   0x00023360   0x00000084   Code   RO         5669    i.gattc_mtu_changed_ind_handler  app_task.o
    0x000233e4   0x000233e4   0x000000c8   Code   RO         5467    i.gattc_read_req_ind_handler  fff0s_task.o
    0x000234ac   0x000234ac   0x0000011c   Code   RO         5468    i.gattc_write_req_ind_handler  fff0s_task.o
    0x000235c8   0x000235c8   0x00000020   Code   RO         1711    i.get_ble_send_sn   tuya_ble_data_handler.o
    0x000235e8   0x000235e8   0x00000044   Code   RO         4568    i.get_flash_ID      flash.o
    0x0002362c   0x0002362c   0x000000ec   Code   RO         3595    i.get_fmt_enabled   elog.o
    0x00023718   0x00023718   0x00000020   Code   RO         2058    i.get_frame_seq     tuya_ble_mutli_tsf_protocol.o
    0x00023738   0x00023738   0x00000006   Code   RO         2060    i.get_trsmitr_frame_total_len  tuya_ble_mutli_tsf_protocol.o
    0x0002373e   0x0002373e   0x00000008   Code   RO         2062    i.get_trsmitr_subpkg  tuya_ble_mutli_tsf_protocol.o
    0x00023746   0x00023746   0x00000006   Code   RO         2063    i.get_trsmitr_subpkg_len  tuya_ble_mutli_tsf_protocol.o
    0x0002374c   0x0002374c   0x00000040   Code   RO         4465    i.gpio_isr          gpio.o
    0x0002378c   0x0002378c   0x00000098   Code   RO         5851    i.hextoascii        tuya_ble_sdk_lib_arm9e-s_little_endian.lib(tuya_ble_secure.o)
    0x00023824   0x00023824   0x0000000c   Code   RO         4396    i.icu_get_sleep_mode  icu.o
    0x00023830   0x00023830   0x00000088   Code   RO         4397    i.icu_init          icu.o
    0x000238b8   0x000238b8   0x00000194   Code   RO         5133    i.init_analog_xvr_reg  rf_xvr.o
    0x00023a4c   0x00023a4c   0x000001c0   Code   RO         5134    i.initial_xver_BK3435V2_openLoop  rf_xvr.o
    0x00023c0c   0x00023c0c   0x0000003c   Code   RO         4735    i.intc_init         intc.o
    0x00023c48   0x00023c48   0x00000188   Code   RO         5135    i.kmod_calibration  rf_xvr.o
    0x00023dd0   0x00023dd0   0x000000b0   Code   RO         2426    i.mbedtls_aes_crypt_cbc  aes.o
    0x00023e80   0x00023e80   0x00000036   Code   RO         2427    i.mbedtls_aes_crypt_ecb  aes.o
    0x00023eb6   0x00023eb6   0x00000018   Code   RO         2430    i.mbedtls_aes_free  aes.o
    0x00023ece   0x00023ece   0x00000014   Code   RO         2431    i.mbedtls_aes_init  aes.o
    0x00023ee2   0x00023ee2   0x00000002   PAD
    0x00023ee4   0x00023ee4   0x000000e0   Code   RO         2432    i.mbedtls_aes_setkey_dec  aes.o
    0x00023fc4   0x00023fc4   0x00000200   Code   RO         2433    i.mbedtls_aes_setkey_enc  aes.o
    0x000241c4   0x000241c4   0x00000448   Code   RO         2434    i.mbedtls_internal_aes_decrypt  aes.o
    0x0002460c   0x0002460c   0x00000448   Code   RO         2435    i.mbedtls_internal_aes_encrypt  aes.o
    0x00024a54   0x00024a54   0x00000930   Code   RO         2506    i.mbedtls_internal_md5_process  md5.o
    0x00025384   0x00025384   0x00000010   Code   RO         2509    i.mbedtls_md5_finish  md5.o
    0x00025394   0x00025394   0x00000128   Code   RO         2510    i.mbedtls_md5_finish_ret  md5.o
    0x000254bc   0x000254bc   0x00000016   Code   RO         2511    i.mbedtls_md5_free  md5.o
    0x000254d2   0x000254d2   0x0000000e   Code   RO         2512    i.mbedtls_md5_init  md5.o
    0x000254e0   0x000254e0   0x0000000c   Code   RO         2515    i.mbedtls_md5_starts  md5.o
    0x000254ec   0x000254ec   0x00000028   Code   RO         2516    i.mbedtls_md5_starts_ret  md5.o
    0x00025514   0x00025514   0x00000014   Code   RO         2517    i.mbedtls_md5_update  md5.o
    0x00025528   0x00025528   0x0000009c   Code   RO         2518    i.mbedtls_md5_update_ret  md5.o
    0x000255c4   0x000255c4   0x00000018   Code   RO         2436    i.mbedtls_platform_zeroize  aes.o
    0x000255dc   0x000255dc   0x0000001c   Code   RO         1473    i.next_index        tuya_ble_event.o
    0x000255f8   0x000255f8   0x00000074   Code   RO         3810    i.platform_reset    arch_main.o
    0x0002566c   0x0002566c   0x000000b0   Code   RO         5296    i.prf_add_profile   prf.o
    0x0002571c   0x0002571c   0x00000040   Code   RO         5297    i.prf_cleanup       prf.o
    0x0002575c   0x0002575c   0x0000003c   Code   RO         5298    i.prf_create        prf.o
    0x00025798   0x00025798   0x0000001e   Code   RO         5299    i.prf_dst_task_get  prf.o
    0x000257b6   0x000257b6   0x00000002   PAD
    0x000257b8   0x000257b8   0x00000034   Code   RO         5300    i.prf_env_get       prf.o
    0x000257ec   0x000257ec   0x00000040   Code   RO         5301    i.prf_get_id_from_task  prf.o
    0x0002582c   0x0002582c   0x00000040   Code   RO         5302    i.prf_get_task_from_id  prf.o
    0x0002586c   0x0002586c   0x000000dc   Code   RO         5303    i.prf_init          prf.o
    0x00025948   0x00025948   0x0000001e   Code   RO         5304    i.prf_itf_get       prf.o
    0x00025966   0x00025966   0x0000001e   Code   RO         5305    i.prf_src_task_get  prf.o
    0x00025984   0x00025984   0x0000007c   Code   RO         1308    i.prvHeapInit       tuya_ble_heap.o
    0x00025a00   0x00025a00   0x00000068   Code   RO         1309    i.prvInsertBlockIntoFreeList  tuya_ble_heap.o
    0x00025a68   0x00025a68   0x000000d4   Code   RO         1310    i.pvTuyaPortMalloc  tuya_ble_heap.o
    0x00025b3c   0x00025b3c   0x00000012   Code   RO          319    i.reset_with_disconn_outtime_cb  tuya_ble_app_ota.o
    0x00025b4e   0x00025b4e   0x00000002   PAD
    0x00025b50   0x00025b50   0x0000001c   Code   RO         5136    i.rf_force_agc_enable  rf_xvr.o
    0x00025b6c   0x00025b6c   0x00000048   Code   RO         5137    i.rf_init           rf_xvr.o
    0x00025bb4   0x00025bb4   0x00000002   Code   RO         5138    i.rf_reset          rf_xvr.o
    0x00025bb6   0x00025bb6   0x00000006   Code   RO         5139    i.rf_rpl_reg_rd     rf_xvr.o
    0x00025bbc   0x00025bbc   0x00000004   Code   RO         5140    i.rf_rpl_reg_wr     rf_xvr.o
    0x00025bc0   0x00025bc0   0x00000012   Code   RO         5141    i.rf_rssi_convert   rf_xvr.o
    0x00025bd2   0x00025bd2   0x0000001c   Code   RO         5142    i.rf_sleep          rf_xvr.o
    0x00025bee   0x00025bee   0x00000006   Code   RO         5143    i.rf_txpwr_dbm_get  rf_xvr.o
    0x00025bf4   0x00025bf4   0x000000a4   Code   RO         3812    i.rom_env_init      arch_main.o
    0x00025c98   0x00025c98   0x0000002c   Code   RO         5236    i.rtc_isr           rtc.o
    0x00025cc4   0x00025cc4   0x0000007c   Code   RO         3813    i.rw_app_enter      arch_main.o
    0x00025d40   0x00025d40   0x00000008   Code   RO         3814    i.rw_dut_enter      arch_main.o
    0x00025d48   0x00025d48   0x00000008   Ven    RO         3815    i.rw_main           arch_main.o
    0x00025d50   0x00025d50   0x000001ac   Code   RO         3815    i.rw_main           arch_main.o
    0x00025efc   0x00025efc   0x00000002   Code   RO         4016    i.rwble_diagport_init  rwble.o
    0x00025efe   0x00025efe   0x0000001c   Code   RO         4174    i.rwble_hl_init     rwble_hl.o
    0x00025f1a   0x00025f1a   0x0000001c   Code   RO         4175    i.rwble_hl_reset    rwble_hl.o
    0x00025f36   0x00025f36   0x00000020   Code   RO         4017    i.rwble_init        rwble.o
    0x00025f56   0x00025f56   0x00000002   PAD
    0x00025f58   0x00025f58   0x000001b8   Code   RO         4018    i.rwble_isr         rwble.o
    0x00026110   0x00026110   0x00000080   Code   RO         4019    i.rwble_reset       rwble.o
    0x00026190   0x00026190   0x0000001c   Code   RO         4020    i.rwble_sleep_check  rwble.o
    0x000261ac   0x000261ac   0x00000034   Code   RO         4210    i.rwip_check_wakeup_boundary  rwip.o
    0x000261e0   0x000261e0   0x00000028   Code   RO         3816    i.rwip_eif_api_init  arch_main.o
    0x00026208   0x00026208   0x00000020   Code   RO         3817    i.rwip_eif_get      arch_main.o
    0x00026228   0x00026228   0x000000e4   Code   RO         4212    i.rwip_init         rwip.o
    0x0002630c   0x0002630c   0x00000034   Code   RO         4213    i.rwip_prevent_sleep_clear  rwip.o
    0x00026340   0x00026340   0x00000034   Code   RO         4215    i.rwip_prevent_sleep_set  rwip.o
    0x00026374   0x00026374   0x00000040   Code   RO         4216    i.rwip_reset        rwip.o
    0x000263b4   0x000263b4   0x00000018   Code   RO         4217    i.rwip_schedule     rwip.o
    0x000263cc   0x000263cc   0x000000c0   Code   RO         4218    i.rwip_sleep        rwip.o
    0x0002648c   0x0002648c   0x00000034   Code   RO         4220    i.rwip_sleep_lpcycles_2_us  rwip.o
    0x000264c0   0x000264c0   0x00000014   Code   RO         4221    i.rwip_slot_2_lpcycles  rwip.o
    0x000264d4   0x000264d4   0x00000018   Code   RO         4222    i.rwip_us_2_lpcycles  rwip.o
    0x000264ec   0x000264ec   0x00000012   Code   RO         4224    i.rwip_wakeup       rwip.o
    0x000264fe   0x000264fe   0x00000002   PAD
    0x00026500   0x00026500   0x00000014   Code   RO         4225    i.rwip_wakeup_delay_set  rwip.o
    0x00026514   0x00026514   0x0000002c   Code   RO         4226    i.rwip_wakeup_end   rwip.o
    0x00026540   0x00026540   0x00000018   Code   RO         1712    i.set_ble_receive_sn  tuya_ble_data_handler.o
    0x00026558   0x00026558   0x00000040   Code   RO         4569    i.set_flash_clk     flash.o
    0x00026598   0x00026598   0x00000008   Code   RO         2848    i.suble_adv_start   suble_scan_adv.o
    0x000265a0   0x000265a0   0x00000030   Code   RO         2850    i.suble_adv_update_advDataAndScanRsp  suble_scan_adv.o
    0x000265d0   0x000265d0   0x0000000c   Code   RO         3146    i.suble_delay_ms    suble_timer.o
    0x000265dc   0x000265dc   0x0000001c   Code   RO         2773    i.suble_enter_critical  suble_common.o
    0x000265f8   0x000265f8   0x00000024   Code   RO         2774    i.suble_exit_critical  suble_common.o
    0x0002661c   0x0002661c   0x00000014   Code   RO         3113    i.suble_flash_erase  suble_flash.o
    0x00026630   0x00026630   0x00000018   Code   RO         3115    i.suble_flash_read  suble_flash.o
    0x00026648   0x00026648   0x00000018   Code   RO         3116    i.suble_flash_write  suble_flash.o
    0x00026660   0x00026660   0x0000000a   Code   RO         2883    i.suble_gap_conn_handler  suble_gap.o
    0x0002666a   0x0002666a   0x00000042   Code   RO         2884    i.suble_gap_conn_param_update  suble_gap.o
    0x000266ac   0x000266ac   0x0000000a   Code   RO         2885    i.suble_gap_disconn_handler  suble_gap.o
    0x000266b6   0x000266b6   0x0000000c   Code   RO         2886    i.suble_gap_disconnect  suble_gap.o
    0x000266c2   0x000266c2   0x00000008   Code   RO         2887    i.suble_gap_disconnect_for_tuya_ble_sdk  suble_gap.o
    0x000266ca   0x000266ca   0x00000002   PAD
    0x000266cc   0x000266cc   0x000000a4   Code   RO         2888    i.suble_gap_get_bt_mac  suble_gap.o
    0x00026770   0x00026770   0x0000007c   Code   RO         2889    i.suble_gap_init_bt_mac  suble_gap.o
    0x000267ec   0x000267ec   0x0000002c   Code   RO         2890    i.suble_gap_set_bt_mac  suble_gap.o
    0x00026818   0x00026818   0x0000002a   Code   RO         2775    i.suble_init_func   suble_common.o
    0x00026842   0x00026842   0x00000016   Code   RO         2776    i.suble_log_hexdump  suble_common.o
    0x00026858   0x00026858   0x00000018   Code   RO         2778    i.suble_log_hexdump_for_tuya_ble_sdk  suble_common.o
    0x00026870   0x00026870   0x0000000c   Code   RO         2779    i.suble_log_init    suble_common.o
    0x0002687c   0x0002687c   0x0000000c   Code   RO         2780    i.suble_mainloop    suble_common.o
    0x00026888   0x00026888   0x0000000e   Code   RO         2940    i.suble_next_idx    suble_svc.o
    0x00026896   0x00026896   0x00000002   PAD
    0x00026898   0x00026898   0x0000001c   Code   RO         2941    i.suble_queue_empty  suble_svc.o
    0x000268b4   0x000268b4   0x00000024   Code   RO         2942    i.suble_queue_full  suble_svc.o
    0x000268d8   0x000268d8   0x000000c4   Code   RO         2944    i.suble_svc_notify  suble_svc.o
    0x0002699c   0x0002699c   0x00000044   Code   RO         2945    i.suble_svc_notify_handler  suble_svc.o
    0x000269e0   0x000269e0   0x00000012   Code   RO         2946    i.suble_svc_receive_data  suble_svc.o
    0x000269f2   0x000269f2   0x00000012   Code   RO         2947    i.suble_svc_send_data  suble_svc.o
    0x00026a04   0x00026a04   0x00000020   Code   RO         2948    i.suble_svc_send_data_complete  suble_svc.o
    0x00026a24   0x00026a24   0x0000000a   Code   RO         2781    i.suble_system_reset  suble_common.o
    0x00026a2e   0x00026a2e   0x00000002   Code   RO         3370    i.suble_test_func   suble_test.o
    0x00026a30   0x00026a30   0x00000018   Code   RO         5670    i.suble_timer0_handler  app_task.o
    0x00026a48   0x00026a48   0x00000018   Code   RO         5671    i.suble_timer10_handler  app_task.o
    0x00026a60   0x00026a60   0x00000018   Code   RO         5672    i.suble_timer11_handler  app_task.o
    0x00026a78   0x00026a78   0x00000018   Code   RO         5673    i.suble_timer12_handler  app_task.o
    0x00026a90   0x00026a90   0x00000018   Code   RO         5674    i.suble_timer13_handler  app_task.o
    0x00026aa8   0x00026aa8   0x00000018   Code   RO         5675    i.suble_timer14_handler  app_task.o
    0x00026ac0   0x00026ac0   0x00000016   Code   RO         5676    i.suble_timer15_handler  app_task.o
    0x00026ad6   0x00026ad6   0x00000002   PAD
    0x00026ad8   0x00026ad8   0x00000018   Code   RO         5677    i.suble_timer16_handler  app_task.o
    0x00026af0   0x00026af0   0x00000018   Code   RO         5678    i.suble_timer17_handler  app_task.o
    0x00026b08   0x00026b08   0x00000018   Code   RO         5679    i.suble_timer18_handler  app_task.o
    0x00026b20   0x00026b20   0x00000018   Code   RO         5680    i.suble_timer19_handler  app_task.o
    0x00026b38   0x00026b38   0x00000018   Code   RO         5681    i.suble_timer1_handler  app_task.o
    0x00026b50   0x00026b50   0x00000018   Code   RO         5682    i.suble_timer2_handler  app_task.o
    0x00026b68   0x00026b68   0x00000018   Code   RO         5683    i.suble_timer3_handler  app_task.o
    0x00026b80   0x00026b80   0x00000018   Code   RO         5684    i.suble_timer4_handler  app_task.o
    0x00026b98   0x00026b98   0x00000018   Code   RO         5685    i.suble_timer5_handler  app_task.o
    0x00026bb0   0x00026bb0   0x00000018   Code   RO         5686    i.suble_timer6_handler  app_task.o
    0x00026bc8   0x00026bc8   0x00000018   Code   RO         5687    i.suble_timer7_handler  app_task.o
    0x00026be0   0x00026be0   0x00000018   Code   RO         5688    i.suble_timer8_handler  app_task.o
    0x00026bf8   0x00026bf8   0x00000018   Code   RO         5689    i.suble_timer9_handler  app_task.o
    0x00026c10   0x00026c10   0x00000038   Code   RO         3155    i.suble_timer_app_handler  suble_timer.o
    0x00026c48   0x00026c48   0x0000005c   Code   RO         3156    i.suble_timer_continue  suble_timer.o
    0x00026ca4   0x00026ca4   0x00000032   Code   RO         3157    i.suble_timer_create  suble_timer.o
    0x00026cd6   0x00026cd6   0x00000002   PAD
    0x00026cd8   0x00026cd8   0x00000024   Code   RO         3159    i.suble_timer_handler  suble_timer.o
    0x00026cfc   0x00026cfc   0x000000a0   Code   RO         3162    i.suble_timer_start  suble_timer.o
    0x00026d9c   0x00026d9c   0x0000004c   Code   RO         3163    i.suble_timer_start_0  suble_timer.o
    0x00026de8   0x00026de8   0x00000010   Code   RO         3164    i.suble_timer_stop  suble_timer.o
    0x00026df8   0x00026df8   0x0000003c   Code   RO         3165    i.suble_timer_stop_0  suble_timer.o
    0x00026e34   0x00026e34   0x00000018   Code   RO         3073    i.suble_uart1_init  suble_uart.o
    0x00026e4c   0x00026e4c   0x00000010   Code   RO         3074    i.suble_uart1_send  suble_uart.o
    0x00026e5c   0x00026e5c   0x00000018   Code   RO         3075    i.suble_uart2_init  suble_uart.o
    0x00026e74   0x00026e74   0x00000048   Code   RO         3293    i.suble_util_crc16  suble_util.o
    0x00026ebc   0x00026ebc   0x00000050   Code   RO         3294    i.suble_util_crc32  suble_util.o
    0x00026f0c   0x00026f0c   0x00000028   Code   RO         3296    i.suble_util_reverse_byte  suble_util.o
    0x00026f34   0x00026f34   0x000000aa   Code   RO         3298    i.suble_util_str_hexchar2int  suble_util.o
    0x00026fde   0x00026fde   0x00000040   Code   RO         3299    i.suble_util_str_hexstr2hexarray  suble_util.o
    0x0002701e   0x0002701e   0x00000002   PAD
    0x00027020   0x00027020   0x000000a8   Code   RO         4399    i.switch_clk        icu.o
    0x000270c8   0x000270c8   0x00000010   Code   RO         3818    i.sys_mode_init     arch_main.o
    0x000270d8   0x000270d8   0x00000010   Code   RO         1588    i.sys_settings_crc_get  tuya_ble_storage.o
    0x000270e8   0x000270e8   0x0000003c   Code   RO         1589    i.sys_settings_crc_ok  tuya_ble_storage.o
    0x00027124   0x00027124   0x00000020   Code   RO         4400    i.system_sleep_init  icu.o
    0x00027144   0x00027144   0x00000002   Code   RO         4856    i.timer_init        timer.o
    0x00027146   0x00027146   0x0000000e   Code   RO         2066    i.trsmitr_init      tuya_ble_mutli_tsf_protocol.o
    0x00027154   0x00027154   0x00000180   Code   RO         2067    i.trsmitr_recv_pkg_decode  tuya_ble_mutli_tsf_protocol.o
    0x000272d4   0x000272d4   0x00000156   Code   RO         2068    i.trsmitr_send_pkg_encode  tuya_ble_mutli_tsf_protocol.o
    0x0002742a   0x0002742a   0x00000002   PAD
    0x0002742c   0x0002742c   0x000000b0   Code   RO         5852    i.tuya_ble_Add_Pkcs  tuya_ble_sdk_lib_arm9e-s_little_endian.lib(tuya_ble_secure.o)
    0x000274dc   0x000274dc   0x00000148   Code   RO         1357    i.tuya_ble_adv_change  tuya_ble_main.o
    0x00027624   0x00027624   0x0000004e   Code   RO          454    i.tuya_ble_aes128_cbc_decrypt  tuya_ble_port_bk3431q.o
    0x00027672   0x00027672   0x0000004e   Code   RO          455    i.tuya_ble_aes128_cbc_encrypt  tuya_ble_port_bk3431q.o
    0x000276c0   0x000276c0   0x0000005a   Code   RO          457    i.tuya_ble_aes128_ecb_encrypt  tuya_ble_port_bk3431q.o
    0x0002771a   0x0002771a   0x00000002   PAD
    0x0002771c   0x0002771c   0x00000024   Code   RO         1713    i.tuya_ble_air_recv_packet_free  tuya_ble_data_handler.o
    0x00027740   0x00027740   0x00000032   Code   RO            5    i.tuya_ble_app_data_process  tuya_ble_app_demo.o
    0x00027772   0x00027772   0x00000002   PAD
    0x00027774   0x00027774   0x0000001c   Code   RO            6    i.tuya_ble_app_evt_send  tuya_ble_app_demo.o
    0x00027790   0x00027790   0x00000054   Code   RO            8    i.tuya_ble_app_init  tuya_ble_app_demo.o
    0x000277e4   0x000277e4   0x000000ec   Code   RO         2268    i.tuya_ble_app_production_test_process  tuya_ble_app_production_test.o
    0x000278d0   0x000278d0   0x00000044   Code   RO         2269    i.tuya_ble_auc_enter  tuya_ble_app_production_test.o
    0x00027914   0x00027914   0x00000090   Code   RO         2270    i.tuya_ble_auc_gpio_test  tuya_ble_app_production_test.o
    0x000279a4   0x000279a4   0x000000a8   Code   RO         2271    i.tuya_ble_auc_query_fingerprint  tuya_ble_app_production_test.o
    0x00027a4c   0x00027a4c   0x0000008c   Code   RO         2272    i.tuya_ble_auc_query_hid  tuya_ble_app_production_test.o
    0x00027ad8   0x00027ad8   0x000003fc   Code   RO         2273    i.tuya_ble_auc_query_info  tuya_ble_app_production_test.o
    0x00027ed4   0x00027ed4   0x00000050   Code   RO         2274    i.tuya_ble_auc_reset  tuya_ble_app_production_test.o
    0x00027f24   0x00027f24   0x0000008c   Code   RO         2275    i.tuya_ble_auc_rssi_test  tuya_ble_app_production_test.o
    0x00027fb0   0x00027fb0   0x00000134   Code   RO         2276    i.tuya_ble_auc_write_auth_info  tuya_ble_app_production_test.o
    0x000280e4   0x000280e4   0x000000e0   Code   RO         2277    i.tuya_ble_auc_write_hid  tuya_ble_app_production_test.o
    0x000281c4   0x000281c4   0x00000024   Code   RO         1160    i.tuya_ble_buffer_value_is_all_x  tuya_ble_utils.o
    0x000281e8   0x000281e8   0x0000003c   Code   RO          647    i.tuya_ble_callback_queue_register  tuya_ble_api.o
    0x00028224   0x00028224   0x00000024   Code   RO         1359    i.tuya_ble_cb_event_send  tuya_ble_main.o
    0x00028248   0x00028248   0x0000001e   Code   RO         1163    i.tuya_ble_check_sum  tuya_ble_utils.o
    0x00028266   0x00028266   0x00000002   PAD
    0x00028268   0x00028268   0x00000298   Code   RO         1714    i.tuya_ble_commData_send  tuya_ble_data_handler.o
    0x00028500   0x00028500   0x000001e8   Code   RO         1715    i.tuya_ble_commonData_rx_proc  tuya_ble_data_handler.o
    0x000286e8   0x000286e8   0x00000004   Code   RO          458    i.tuya_ble_common_uart_init  tuya_ble_port_bk3431q.o
    0x000286ec   0x000286ec   0x00000012   Code   RO          459    i.tuya_ble_common_uart_send_data  tuya_ble_port_bk3431q.o
    0x000286fe   0x000286fe   0x00000060   Code   RO          650    i.tuya_ble_common_uart_send_full_instruction_received  tuya_ble_api.o
    0x0002875e   0x0002875e   0x00000002   PAD
    0x00028760   0x00028760   0x0000001c   Code   RO          651    i.tuya_ble_connect_monitor_timer_init  tuya_ble_api.o
    0x0002877c   0x0002877c   0x00000010   Code   RO          652    i.tuya_ble_connect_monitor_timer_start  tuya_ble_api.o
    0x0002878c   0x0002878c   0x00000010   Code   RO          653    i.tuya_ble_connect_monitor_timer_stop  tuya_ble_api.o
    0x0002879c   0x0002879c   0x0000000c   Code   RO         1360    i.tuya_ble_connect_status_get  tuya_ble_main.o
    0x000287a8   0x000287a8   0x00000018   Code   RO         1361    i.tuya_ble_connect_status_set  tuya_ble_main.o
    0x000287c0   0x000287c0   0x00000016   Code   RO          654    i.tuya_ble_connected_handler  tuya_ble_api.o
    0x000287d6   0x000287d6   0x00000002   PAD
    0x000287d8   0x000287d8   0x00000048   Code   RO         1164    i.tuya_ble_crc16_compute  tuya_ble_utils.o
    0x00028820   0x00028820   0x00000050   Code   RO         1165    i.tuya_ble_crc32_compute  tuya_ble_utils.o
    0x00028870   0x00028870   0x00000048   Code   RO          400    i.tuya_ble_custom_app_production_test_process  tuya_ble_app_product_test.o
    0x000288b8   0x000288b8   0x0000007c   Code   RO          439    i.tuya_ble_custom_app_uart_common_process  tuya_ble_app_uart_module_handler.o
    0x00028934   0x00028934   0x00000034   Code   RO         1362    i.tuya_ble_custom_event_send  tuya_ble_main.o
    0x00028968   0x00028968   0x00000138   Code   RO         5853    i.tuya_ble_decryption  tuya_ble_sdk_lib_arm9e-s_little_endian.lib(tuya_ble_secure.o)
    0x00028aa0   0x00028aa0   0x00000038   Code   RO         1534    i.tuya_ble_dequeue  tuya_ble_queue.o
    0x00028ad8   0x00028ad8   0x0000000c   Code   RO          460    i.tuya_ble_device_delay_ms  tuya_ble_port_bk3431q.o
    0x00028ae4   0x00028ae4   0x00000008   Code   RO          461    i.tuya_ble_device_enter_critical  tuya_ble_port_bk3431q.o
    0x00028aec   0x00028aec   0x00000008   Code   RO          462    i.tuya_ble_device_exit_critical  tuya_ble_port_bk3431q.o
    0x00028af4   0x00028af4   0x0000001e   Code   RO          656    i.tuya_ble_device_factory_reset  tuya_ble_api.o
    0x00028b12   0x00028b12   0x00000136   Code   RO         1166    i.tuya_ble_device_id_16_to_20  tuya_ble_utils.o
    0x00028c48   0x00028c48   0x0000012a   Code   RO         1167    i.tuya_ble_device_id_20_to_16  tuya_ble_utils.o
    0x00028d72   0x00028d72   0x00000002   PAD
    0x00028d74   0x00028d74   0x00000090   Code   RO         5854    i.tuya_ble_device_id_encrypt  tuya_ble_sdk_lib_arm9e-s_little_endian.lib(tuya_ble_secure.o)
    0x00028e04   0x00028e04   0x00000070   Code   RO         5855    i.tuya_ble_device_id_key_generate  tuya_ble_sdk_lib_arm9e-s_little_endian.lib(tuya_ble_secure.o)
    0x00028e74   0x00028e74   0x0000000a   Code   RO          463    i.tuya_ble_device_reset  tuya_ble_port_bk3431q.o
    0x00028e7e   0x00028e7e   0x00000002   PAD
    0x00028e80   0x00028e80   0x0000002c   Code   RO         1716    i.tuya_ble_device_unbond  tuya_ble_data_handler.o
    0x00028eac   0x00028eac   0x00000016   Code   RO          661    i.tuya_ble_disconnected_handler  tuya_ble_api.o
    0x00028ec2   0x00028ec2   0x00000084   Code   RO          662    i.tuya_ble_dp_data_report  tuya_ble_api.o
    0x00028f46   0x00028f46   0x00000002   PAD
    0x00028f48   0x00028f48   0x00000088   Code   RO         5856    i.tuya_ble_encrypt_old_with_key  tuya_ble_sdk_lib_arm9e-s_little_endian.lib(tuya_ble_secure.o)
    0x00028fd0   0x00028fd0   0x000000e0   Code   RO         5857    i.tuya_ble_encryption  tuya_ble_sdk_lib_arm9e-s_little_endian.lib(tuya_ble_secure.o)
    0x000290b0   0x000290b0   0x0000003a   Code   RO         1535    i.tuya_ble_enqueue  tuya_ble_queue.o
    0x000290ea   0x000290ea   0x00000002   PAD
    0x000290ec   0x000290ec   0x00000024   Code   RO         1363    i.tuya_ble_event_init  tuya_ble_main.o
    0x00029110   0x00029110   0x000001b0   Code   RO         5858    i.tuya_ble_event_process  tuya_ble_sdk_lib_arm9e-s_little_endian.lib(tuya_ble_secure.o)
    0x000292c0   0x000292c0   0x00000018   Code   RO         1474    i.tuya_ble_event_queue_init  tuya_ble_event.o
    0x000292d8   0x000292d8   0x00000014   Code   RO         1364    i.tuya_ble_event_send  tuya_ble_main.o
    0x000292ec   0x000292ec   0x0000011c   Code   RO         1717    i.tuya_ble_evt_process  tuya_ble_data_handler.o
    0x00029408   0x00029408   0x00000014   Code   RO         1444    i.tuya_ble_free     tuya_ble_mem.o
    0x0002941c   0x0002941c   0x00000010   Code   RO          464    i.tuya_ble_gap_addr_get  tuya_ble_port_bk3431q.o
    0x0002942c   0x0002942c   0x0000000e   Code   RO          465    i.tuya_ble_gap_addr_set  tuya_ble_port_bk3431q.o
    0x0002943a   0x0002943a   0x00000002   PAD
    0x0002943c   0x0002943c   0x00000028   Code   RO          466    i.tuya_ble_gap_advertising_adv_data_update  tuya_ble_port_bk3431q.o
    0x00029464   0x00029464   0x00000028   Code   RO          467    i.tuya_ble_gap_advertising_scan_rsp_data_update  tuya_ble_port_bk3431q.o
    0x0002948c   0x0002948c   0x0000000a   Code   RO          468    i.tuya_ble_gap_disconnect  tuya_ble_port_bk3431q.o
    0x00029496   0x00029496   0x0000003e   Code   RO          665    i.tuya_ble_gatt_receive_data  tuya_ble_api.o
    0x000294d4   0x000294d4   0x0000001c   Code   RO          469    i.tuya_ble_gatt_send_data  tuya_ble_port_bk3431q.o
    0x000294f0   0x000294f0   0x00000064   Code   RO         2016    i.tuya_ble_gatt_send_data_enqueue  tuya_ble_gatt_send_queue.o
    0x00029554   0x00029554   0x0000008c   Code   RO         2017    i.tuya_ble_gatt_send_data_handle  tuya_ble_gatt_send_queue.o
    0x000295e0   0x000295e0   0x00000034   Code   RO         2018    i.tuya_ble_gatt_send_queue_free  tuya_ble_gatt_send_queue.o
    0x00029614   0x00029614   0x00000024   Code   RO         2019    i.tuya_ble_gatt_send_queue_init  tuya_ble_gatt_send_queue.o
    0x00029638   0x00029638   0x00000080   Code   RO         5859    i.tuya_ble_generate_key1  tuya_ble_sdk_lib_arm9e-s_little_endian.lib(tuya_ble_secure.o)
    0x000296b8   0x000296b8   0x00000010   Code   RO         1365    i.tuya_ble_get_adv_connect_request_bit_status  tuya_ble_main.o
    0x000296c8   0x000296c8   0x00000006   Code   RO         1536    i.tuya_ble_get_queue_used  tuya_ble_queue.o
    0x000296ce   0x000296ce   0x00000060   Code   RO         1718    i.tuya_ble_handle_anomaly_unbond_req  tuya_ble_data_handler.o
    0x0002972e   0x0002972e   0x00000002   Code   RO         1893    i.tuya_ble_handle_anomaly_unbound_response_evt  tuya_ble_event_handler.o
    0x00029730   0x00029730   0x00000020   Code   RO         1894    i.tuya_ble_handle_ble_cmd_evt  tuya_ble_event_handler.o
    0x00029750   0x00029750   0x00000010   Code   RO         1895    i.tuya_ble_handle_ble_data_evt  tuya_ble_event_handler.o
    0x00029760   0x00029760   0x00000062   Code   RO         1719    i.tuya_ble_handle_ble_factory_test_req  tuya_ble_data_handler.o
    0x000297c2   0x000297c2   0x0000004e   Code   RO         1720    i.tuya_ble_handle_ble_passthrough_data_req  tuya_ble_data_handler.o
    0x00029810   0x00029810   0x0000007c   Code   RO         1896    i.tuya_ble_handle_connect_change_evt  tuya_ble_event_handler.o
    0x0002988c   0x0002988c   0x00000040   Code   RO         1898    i.tuya_ble_handle_data_passthrough_evt  tuya_ble_event_handler.o
    0x000298cc   0x000298cc   0x00000048   Code   RO         1899    i.tuya_ble_handle_data_prod_test_response_evt  tuya_ble_event_handler.o
    0x00029914   0x00029914   0x00000168   Code   RO         1721    i.tuya_ble_handle_dev_info_req  tuya_ble_data_handler.o
    0x00029a7c   0x00029a7c   0x00000060   Code   RO         1900    i.tuya_ble_handle_device_info_update_evt  tuya_ble_event_handler.o
    0x00029adc   0x00029adc   0x0000006c   Code   RO         1722    i.tuya_ble_handle_device_reset_req  tuya_ble_data_handler.o
    0x00029b48   0x00029b48   0x00000002   Code   RO         1901    i.tuya_ble_handle_device_reset_response_evt  tuya_ble_event_handler.o
    0x00029b4a   0x00029b4a   0x0000001a   Code   RO         1723    i.tuya_ble_handle_dp_data_report_res  tuya_ble_data_handler.o
    0x00029b64   0x00029b64   0x00000034   Code   RO         1902    i.tuya_ble_handle_dp_data_reported_evt  tuya_ble_event_handler.o
    0x00029b98   0x00029b98   0x0000001a   Code   RO         1724    i.tuya_ble_handle_dp_data_with_time_report_res  tuya_ble_data_handler.o
    0x00029bb2   0x00029bb2   0x00000002   PAD
    0x00029bb4   0x00029bb4   0x00000084   Code   RO         1903    i.tuya_ble_handle_dp_data_with_time_reported_evt  tuya_ble_event_handler.o
    0x00029c38   0x00029c38   0x00000078   Code   RO         1904    i.tuya_ble_handle_dp_data_with_time_string_reported_evt  tuya_ble_event_handler.o
    0x00029cb0   0x00029cb0   0x00000080   Code   RO         1725    i.tuya_ble_handle_dp_query_req  tuya_ble_data_handler.o
    0x00029d30   0x00029d30   0x000000ce   Code   RO         1726    i.tuya_ble_handle_dp_write_req  tuya_ble_data_handler.o
    0x00029dfe   0x00029dfe   0x00000002   PAD
    0x00029e00   0x00029e00   0x00000030   Code   RO         1905    i.tuya_ble_handle_factory_reset_evt  tuya_ble_event_handler.o
    0x00029e30   0x00029e30   0x000000ac   Code   RO         1727    i.tuya_ble_handle_net_config_info_req  tuya_ble_data_handler.o
    0x00029edc   0x00029edc   0x00000032   Code   RO         1906    i.tuya_ble_handle_net_config_response_evt  tuya_ble_event_handler.o
    0x00029f0e   0x00029f0e   0x0000009e   Code   RO         1728    i.tuya_ble_handle_ota_req  tuya_ble_data_handler.o
    0x00029fac   0x00029fac   0x0000005e   Code   RO         1907    i.tuya_ble_handle_ota_response_evt  tuya_ble_event_handler.o
    0x0002a00a   0x0002a00a   0x00000002   PAD
    0x0002a00c   0x0002a00c   0x0000012c   Code   RO         1729    i.tuya_ble_handle_pair_req  tuya_ble_data_handler.o
    0x0002a138   0x0002a138   0x00000038   Code   RO         1908    i.tuya_ble_handle_time_request_evt  tuya_ble_event_handler.o
    0x0002a170   0x0002a170   0x0000005c   Code   RO         1909    i.tuya_ble_handle_uart_cmd_evt  tuya_ble_event_handler.o
    0x0002a1cc   0x0002a1cc   0x00000060   Code   RO         1730    i.tuya_ble_handle_unbond_req  tuya_ble_data_handler.o
    0x0002a22c   0x0002a22c   0x00000002   Code   RO         1910    i.tuya_ble_handle_unbound_response_evt  tuya_ble_event_handler.o
    0x0002a22e   0x0002a22e   0x00000002   PAD
    0x0002a230   0x0002a230   0x000000a4   Code   RO         1731    i.tuya_ble_handle_unix_time_char_ms_resp  tuya_ble_data_handler.o
    0x0002a2d4   0x0002a2d4   0x00000098   Code   RO         1732    i.tuya_ble_handle_unix_time_date_resp  tuya_ble_data_handler.o
    0x0002a36c   0x0002a36c   0x0000007c   Code   RO         1366    i.tuya_ble_inter_event_response  tuya_ble_main.o
    0x0002a3e8   0x0002a3e8   0x0000000c   Code   RO         2279    i.tuya_ble_internal_production_test_with_ble_flag_clear  tuya_ble_app_production_test.o
    0x0002a3f4   0x0002a3f4   0x00000012   Code   RO         1173    i.tuya_ble_is_word_aligned_tuya  tuya_ble_utils.o
    0x0002a406   0x0002a406   0x00000002   PAD
    0x0002a408   0x0002a408   0x000002f8   Code   RO         5860    i.tuya_ble_key_generate  tuya_ble_sdk_lib_arm9e-s_little_endian.lib(tuya_ble_secure.o)
    0x0002a700   0x0002a700   0x00000008   Code   RO         1367    i.tuya_ble_main_tasks_exec  tuya_ble_main.o
    0x0002a708   0x0002a708   0x0000001c   Code   RO         1446    i.tuya_ble_malloc   tuya_ble_mem.o
    0x0002a724   0x0002a724   0x00000034   Code   RO          472    i.tuya_ble_md5_crypt  tuya_ble_port_bk3431q.o
    0x0002a758   0x0002a758   0x00000014   Code   RO         1475    i.tuya_ble_message_send  tuya_ble_event.o
    0x0002a76c   0x0002a76c   0x00000090   Code   RO         1667    i.tuya_ble_mytime_2_utc_sec  tuya_ble_unix_time.o
    0x0002a7fc   0x0002a7fc   0x0000001e   Code   RO          473    i.tuya_ble_nv_erase  tuya_ble_port_bk3431q.o
    0x0002a81a   0x0002a81a   0x00000004   Code   RO          474    i.tuya_ble_nv_init  tuya_ble_port_bk3431q.o
    0x0002a81e   0x0002a81e   0x00000016   Code   RO          475    i.tuya_ble_nv_read  tuya_ble_port_bk3431q.o
    0x0002a834   0x0002a834   0x00000016   Code   RO          476    i.tuya_ble_nv_write  tuya_ble_port_bk3431q.o
    0x0002a84a   0x0002a84a   0x00000002   PAD
    0x0002a84c   0x0002a84c   0x00000064   Code   RO          667    i.tuya_ble_ota_response  tuya_ble_api.o
    0x0002a8b0   0x0002a8b0   0x0000000c   Code   RO         1733    i.tuya_ble_ota_status_get  tuya_ble_data_handler.o
    0x0002a8bc   0x0002a8bc   0x00000024   Code   RO         1735    i.tuya_ble_pair_rand_clear  tuya_ble_data_handler.o
    0x0002a8e0   0x0002a8e0   0x0000000c   Code   RO         1736    i.tuya_ble_pair_rand_valid_get  tuya_ble_data_handler.o
    0x0002a8ec   0x0002a8ec   0x000000b6   Code   RO         2280    i.tuya_ble_prod_asciitohex  tuya_ble_app_production_test.o
    0x0002a9a2   0x0002a9a2   0x0000000c   Code   RO          401    i.tuya_ble_prod_beacon_get_rssi_avg  tuya_ble_app_product_test.o
    0x0002a9ae   0x0002a9ae   0x00000004   Code   RO          402    i.tuya_ble_prod_beacon_scan_start  tuya_ble_app_product_test.o
    0x0002a9b2   0x0002a9b2   0x00000004   Code   RO          403    i.tuya_ble_prod_beacon_scan_stop  tuya_ble_app_product_test.o
    0x0002a9b6   0x0002a9b6   0x00000004   Code   RO          404    i.tuya_ble_prod_gpio_test  tuya_ble_app_product_test.o
    0x0002a9ba   0x0002a9ba   0x00000002   PAD
    0x0002a9bc   0x0002a9bc   0x0000001c   Code   RO         2285    i.tuya_ble_prod_monitor_timer_init  tuya_ble_app_production_test.o
    0x0002a9d8   0x0002a9d8   0x00000010   Code   RO         2286    i.tuya_ble_prod_monitor_timer_start  tuya_ble_app_production_test.o
    0x0002a9e8   0x0002a9e8   0x0000001e   Code   RO         1537    i.tuya_ble_queue_decrease  tuya_ble_queue.o
    0x0002aa06   0x0002aa06   0x0000000a   Code   RO         1538    i.tuya_ble_queue_flush  tuya_ble_queue.o
    0x0002aa10   0x0002aa10   0x00000026   Code   RO         1539    i.tuya_ble_queue_get  tuya_ble_queue.o
    0x0002aa36   0x0002aa36   0x00000022   Code   RO         1540    i.tuya_ble_queue_init  tuya_ble_queue.o
    0x0002aa58   0x0002aa58   0x00000054   Code   RO          477    i.tuya_ble_rand_generator  tuya_ble_port_bk3431q.o
    0x0002aaac   0x0002aaac   0x0000003c   Code   RO         5861    i.tuya_ble_register_key_generate  tuya_ble_sdk_lib_arm9e-s_little_endian.lib(tuya_ble_secure.o)
    0x0002aae8   0x0002aae8   0x00000020   Code   RO         1737    i.tuya_ble_reset_ble_sn  tuya_ble_data_handler.o
    0x0002ab08   0x0002ab08   0x00000006   Code   RO          479    i.tuya_ble_rtc_set_timestamp  tuya_ble_port_bk3431q.o
    0x0002ab0e   0x0002ab0e   0x00000002   PAD
    0x0002ab10   0x0002ab10   0x00000084   Code   RO         1476    i.tuya_ble_sched_event_put  tuya_ble_event.o
    0x0002ab94   0x0002ab94   0x00000044   Code   RO         1477    i.tuya_ble_sched_init  tuya_ble_event.o
    0x0002abd8   0x0002abd8   0x00000390   Code   RO            9    i.tuya_ble_sdk_callback  tuya_ble_app_demo.o
    0x0002af68   0x0002af68   0x000000dc   Code   RO          672    i.tuya_ble_sdk_init  tuya_ble_api.o
    0x0002b044   0x0002b044   0x00000014   Code   RO         1738    i.tuya_ble_set_device_version  tuya_ble_data_handler.o
    0x0002b058   0x0002b058   0x00000020   Code   RO         1739    i.tuya_ble_set_external_mcu_version  tuya_ble_data_handler.o
    0x0002b078   0x0002b078   0x00000060   Code   RO         1590    i.tuya_ble_storage_init  tuya_ble_storage.o
    0x0002b0d8   0x0002b0d8   0x000001ac   Code   RO         1591    i.tuya_ble_storage_load_settings  tuya_ble_storage.o
    0x0002b284   0x0002b284   0x00000070   Code   RO         1593    i.tuya_ble_storage_save_auth_settings  tuya_ble_storage.o
    0x0002b2f4   0x0002b2f4   0x00000070   Code   RO         1594    i.tuya_ble_storage_save_sys_settings  tuya_ble_storage.o
    0x0002b364   0x0002b364   0x000000c0   Code   RO         1595    i.tuya_ble_storage_write_auth_key_device_id_mac  tuya_ble_storage.o
    0x0002b424   0x0002b424   0x0000003c   Code   RO         1596    i.tuya_ble_storage_write_hid  tuya_ble_storage.o
    0x0002b460   0x0002b460   0x0000001a   Code   RO          480    i.tuya_ble_timer_create  tuya_ble_port_bk3431q.o
    0x0002b47a   0x0002b47a   0x0000000e   Code   RO          483    i.tuya_ble_timer_start  tuya_ble_port_bk3431q.o
    0x0002b488   0x0002b488   0x0000000e   Code   RO          484    i.tuya_ble_timer_stop  tuya_ble_port_bk3431q.o
    0x0002b496   0x0002b496   0x00000002   PAD
    0x0002b498   0x0002b498   0x0000010c   Code   RO         2396    i.tuya_ble_uart_common_mcu_ota_data_from_ble_handler  tuya_ble_app_uart_common_handler.o
    0x0002b5a4   0x0002b5a4   0x000000e8   Code   RO         2397    i.tuya_ble_uart_common_mcu_ota_data_from_uart_handler  tuya_ble_app_uart_common_handler.o
    0x0002b68c   0x0002b68c   0x0000004c   Code   RO         2398    i.tuya_ble_uart_common_process  tuya_ble_app_uart_common_handler.o
    0x0002b6d8   0x0002b6d8   0x0000005e   Code   RO         2288    i.tuya_ble_uart_prod_send  tuya_ble_app_production_test.o
    0x0002b736   0x0002b736   0x00000018   Code   RO          674    i.tuya_ble_vtimer_conncet_monitor_callback  tuya_ble_api.o
    0x0002b74e   0x0002b74e   0x00000012   Code   RO         2289    i.tuya_ble_vtimer_prod_monitor_callback  tuya_ble_app_production_test.o
    0x0002b760   0x0002b760   0x00000064   Code   RO         1481    i.tuya_sched_execute  tuya_ble_event.o
    0x0002b7c4   0x0002b7c4   0x00000010   Code   RO         3077    i.uart1_rx_handler  suble_uart.o
    0x0002b7d4   0x0002b7d4   0x00000010   Code   RO         4905    i.uart2_cb_register  uart.o
    0x0002b7e4   0x0002b7e4   0x00000100   Code   RO         4906    i.uart2_init        uart.o
    0x0002b8e4   0x0002b8e4   0x000000d0   Code   RO         4907    i.uart2_isr         uart.o
    0x0002b9b4   0x0002b9b4   0x0000004c   Code   RO         4908    i.uart2_printf      uart.o
    0x0002ba00   0x0002ba00   0x00000030   Code   RO         4910    i.uart2_putchar     uart.o
    0x0002ba30   0x0002ba30   0x00000010   Code   RO         3078    i.uart2_rx_handler  suble_uart.o
    0x0002ba40   0x0002ba40   0x00000010   Code   RO         4914    i.uart_cb_register  uart.o
    0x0002ba50   0x0002ba50   0x00000030   Code   RO         4915    i.uart_clear_rxfifo  uart.o
    0x0002ba80   0x0002ba80   0x00000030   Code   RO         4916    i.uart_finish_transfers  uart.o
    0x0002bab0   0x0002bab0   0x00000004   Code   RO         4917    i.uart_flow_off     uart.o
    0x0002bab4   0x0002bab4   0x00000002   Code   RO         4918    i.uart_flow_on      uart.o
    0x0002bab6   0x0002bab6   0x00000002   PAD
    0x0002bab8   0x0002bab8   0x000000fc   Code   RO         4919    i.uart_init         uart.o
    0x0002bbb4   0x0002bbb4   0x000001b4   Code   RO         4920    i.uart_isr          uart.o
    0x0002bd68   0x0002bd68   0x0000004c   Code   RO         4922    i.uart_printf       uart.o
    0x0002bdb4   0x0002bdb4   0x00000030   Code   RO         4924    i.uart_putchar      uart.o
    0x0002bde4   0x0002bde4   0x00000010   Code   RO         4925    i.uart_read         uart.o
    0x0002bdf4   0x0002bdf4   0x0000001a   Code   RO         4926    i.uart_send         uart.o
    0x0002be0e   0x0002be0e   0x00000002   PAD
    0x0002be10   0x0002be10   0x00000020   Code   RO         4927    i.uart_send_byte    uart.o
    0x0002be30   0x0002be30   0x00000058   Code   RO         4928    i.uart_write        uart.o
    0x0002be88   0x0002be88   0x00000090   Code   RO         4570    i.udi_exchange_fdata_to_adjoining_next_sector  flash.o
    0x0002bf18   0x0002bf18   0x00000090   Code   RO         4571    i.udi_exchange_fdata_to_adjoining_previous_sector  flash.o
    0x0002bfa8   0x0002bfa8   0x00000050   Code   RO         1311    i.vTuyaPortFree     tuya_ble_heap.o
    0x0002bff8   0x0002bff8   0x00000024   Code   RO         5103    i.wdt_disable       wdt.o
    0x0002c01c   0x0002c01c   0x00000030   Code   RO         5104    i.wdt_enable        wdt.o
    0x0002c04c   0x0002c04c   0x00000024   Code   RO         5105    i.wdt_feed          wdt.o
    0x0002c070   0x0002c070   0x00000068   Data   RO           11    .constdata          tuya_ble_app_demo.o
    0x0002c0d8   0x0002c0d8   0x00000083   Data   RO          321    .constdata          tuya_ble_app_ota.o
    0x0002c15b   0x0002c15b   0x00000001   PAD
    0x0002c15c   0x0002c15c   0x00000004   Data   RO         1182    .constdata          tuya_ble_utils.o
    0x0002c160   0x0002c160   0x0000003a   Data   RO         1369    .constdata          tuya_ble_main.o
    0x0002c19a   0x0002c19a   0x0000000c   Data   RO         1670    .constdata          tuya_ble_unix_time.o
    0x0002c1a6   0x0002c1a6   0x00000002   PAD
    0x0002c1a8   0x0002c1a8   0x00000054   Data   RO         2290    .constdata          tuya_ble_app_production_test.o
    0x0002c1fc   0x0002c1fc   0x00002228   Data   RO         2437    .constdata          aes.o
    0x0002e424   0x0002e424   0x00000015   Data   RO         2891    .constdata          suble_gap.o
    0x0002e439   0x0002e439   0x00000011   Data   RO         2950    .constdata          suble_svc.o
    0x0002e44a   0x0002e44a   0x00000026   Data   RO         3168    .constdata          suble_timer.o
    0x0002e470   0x0002e470   0x00000004   Data   RO         3303    .constdata          suble_util.o
    0x0002e474   0x0002e474   0x0000008c   Data   RO         3597    .constdata          elog.o
    0x0002e500   0x0002e500   0x00000023   Data   RO         3731    .constdata          elog_utils.o
    0x0002e523   0x0002e523   0x0000005b   Data   RO         3820    .constdata          arch_main.o
    0x0002e57e   0x0002e57e   0x00000002   PAD
    0x0002e580   0x0002e580   0x00000040   Data   RO         5406    .constdata          fff0s.o
    0x0002e5c0   0x0002e5c0   0x00000030   Data   RO         5469    .constdata          fff0s_task.o
    0x0002e5f0   0x0002e5f0   0x00000075   Data   RO         5512    .constdata          app.o
    0x0002e665   0x0002e665   0x00000003   PAD
    0x0002e668   0x0002e668   0x00000042   Data   RO         5604    .constdata          app_fff0.o
    0x0002e6aa   0x0002e6aa   0x00000002   PAD
    0x0002e6ac   0x0002e6ac   0x000001f2   Data   RO         5690    .constdata          app_task.o
    0x0002e89e   0x0002e89e   0x00000050   Data   RO         5945    .constdata          bk3435_fcc_mode.lib(rf_test.o)
    0x0002e8ee   0x0002e8ee   0x00000081   Data   RO         6277    .constdata          mc_5.l(ctype_o.o)
    0x0002e96f   0x0002e96f   0x00000001   PAD
    0x0002e970   0x0002e970   0x00000004   Data   RO         6278    .constdata          mc_5.l(ctype_o.o)
    0x0002e974   0x0002e974   0x00000091   Data   RO           12    .conststring        tuya_ble_app_demo.o
    0x0002ea05   0x0002ea05   0x00000003   PAD
    0x0002ea08   0x0002ea08   0x00000048   Data   RO          322    .conststring        tuya_ble_app_ota.o
    0x0002ea50   0x0002ea50   0x00000017   Data   RO         3598    .conststring        elog.o


    Execution Region RAM_DATA (Exec base: 0x00400800, Load base: 0x0002ea68, Size: 0x00000390, Max: 0xffffffff, ABSOLUTE)

    Exec Addr    Load Addr    Size         Type   Attr      Idx    E Section Name        Object

    0x00400800   0x0002ea68   0x00000070   Data   RW           13    .data               tuya_ble_app_demo.o
    0x00400870   0x0002ead8   0x00000018   Data   RW          323    .data               tuya_ble_app_ota.o
    0x00400888   0x0002eaf0   0x00000010   Data   RW          676    .data               tuya_ble_api.o
    0x00400898   0x0002eb00   0x00000018   Data   RW         1316    .data               tuya_ble_heap.o
    0x004008b0   0x0002eb18   0x00000008   Data   RW         1370    .data               tuya_ble_main.o
    0x004008b8   0x0002eb20   0x0000000a   Data   RW         1483    .data               tuya_ble_event.o
    0x004008c2   0x0002eb2a   0x00000002   PAD
    0x004008c4   0x0002eb2c   0x00000034   Data   RW         1741    .data               tuya_ble_data_handler.o
    0x004008f8   0x0002eb60   0x00000001   Data   RW         2021    .data               tuya_ble_gatt_send_queue.o
    0x004008f9   0x0002eb61   0x00000001   Data   RW         2069    .data               tuya_ble_mutli_tsf_protocol.o
    0x004008fa   0x0002eb62   0x00000002   PAD
    0x004008fc   0x0002eb64   0x00000008   Data   RW         2291    .data               tuya_ble_app_production_test.o
    0x00400904   0x0002eb6c   0x00000001   Data   RW         2400    .data               tuya_ble_app_uart_common_handler.o
    0x00400905   0x0002eb6d   0x00000003   PAD
    0x00400908   0x0002eb70   0x00000004   Data   RW         2438    .data               aes.o
    0x0040090c   0x0002eb74   0x0000000c   Data   RW         2782    .data               suble_common.o
    0x00400918   0x0002eb80   0x0000005a   Data   RW         2851    .data               suble_scan_adv.o
    0x00400972   0x0002ebda   0x0000000c   Data   RW         2892    .data               suble_gap.o
    0x0040097e   0x0002ebe6   0x00000002   PAD
    0x00400980   0x0002ebe8   0x00000009   Data   RW         2951    .data               suble_svc.o
    0x00400989   0x0002ebf1   0x00000003   PAD
    0x0040098c   0x0002ebf4   0x0000014c   Data   RW         3169    .data               suble_timer.o
    0x00400ad8   0x0002ed40   0x0000001c   Data   RW         3599    .data               elog.o
    0x00400af4   0x0002ed5c   0x00000001   Data   RW         3821    .data               arch_main.o
    0x00400af5   0x0002ed5d   0x00000002   Data   RW         4401    .data               icu.o
    0x00400af7   0x0002ed5f   0x00000001   PAD
    0x00400af8   0x0002ed60   0x0000002c   Data   RW         4473    .data               gpio.o
    0x00400b24   0x0002ed8c   0x0000000c   Data   RW         4573    .data               flash.o
    0x00400b30   0x0002ed98   0x00000020   Data   RW         4930    .data               uart.o
    0x00400b50   0x0002edb8   0x00000001   Data   RW         5106    .data               wdt.o
    0x00400b51   0x0002edb9   0x00000003   PAD
    0x00400b54   0x0002edbc   0x00000004   Data   RW         5238    .data               rtc.o
    0x00400b58   0x0002edc0   0x00000001   Data   RW         5691    .data               app_task.o
    0x00400b59   0x0002edc1   0x00000009   Data   RW         5946    .data               bk3435_fcc_mode.lib(rf_test.o)
    0x00400b62   0x0002edca   0x00000002   PAD
    0x00400b64   0x0002edcc   0x00000026   Data   RW         5949    .data               bk3435_pn9_mode.lib(rf_pn9_test.o)
    0x00400b8a   0x0002edf2   0x00000002   PAD
    0x00400b8c   0x0002edf4   0x00000004   Data   RW         6260    .data               mc_5.l(errno.o)


    Execution Region RAM_BSS (Exec base: 0x00400b90, Load base: 0x0002edf8, Size: 0x00002784, Max: 0xffffffff, ABSOLUTE)

    Exec Addr    Load Addr    Size         Type   Attr      Idx    E Section Name        Object

    0x00400b90        -       0x00000206   Zero   RW           10    .bss                tuya_ble_app_demo.o
    0x00400d96        -       0x000000f0   Zero   RW          320    .bss                tuya_ble_app_ota.o
    0x00400e86        -       0x00000600   Zero   RW         1315    .bss                tuya_ble_heap.o
    0x00401486   0x0002edf8   0x00000002   PAD
    0x00401488        -       0x0000023c   Zero   RW         1368    .bss                tuya_ble_main.o
    0x004016c4        -       0x000003a0   Zero   RW         1482    .bss                tuya_ble_event.o
    0x00401a64        -       0x00000064   Zero   RW         1740    .bss                tuya_ble_data_handler.o
    0x00401ac8        -       0x000000ac   Zero   RW         2020    .bss                tuya_ble_gatt_send_queue.o
    0x00401b74        -       0x00000048   Zero   RW         2399    .bss                tuya_ble_app_uart_common_handler.o
    0x00401bbc        -       0x00000600   Zero   RW         2949    .bss                suble_svc.o
    0x004021bc        -       0x000000a0   Zero   RW         3167    .bss                suble_timer.o
    0x0040225c        -       0x00000250   Zero   RW         3596    .bss                elog.o
    0x004024ac        -       0x00000010   Zero   RW         3819    .bss                arch_main.o
    0x004024bc        -       0x00000010   Zero   RW         4227    .bss                rwip.o
    0x004024cc        -       0x0000000c   Zero   RW         4572    .bss                flash.o
    0x004024d8        -       0x00000c28   Zero   RW         4929    .bss                uart.o
    0x00403100        -       0x00000040   Zero   RW         5144    .bss                rf_xvr.o
    0x00403140        -       0x0000011c   Zero   RW         5306    .bss                prf.o
    0x0040325c        -       0x00000028   Zero   RW         5511    .bss                app.o
    0x00403284        -       0x00000090   Zero   RW         5862    .bss                tuya_ble_sdk_lib_arm9e-s_little_endian.lib(tuya_ble_secure.o)


    Execution Region RAM_STACK_UNUSED (Exec base: 0x0040b70c, Load base: 0x0002edf8, Size: 0x00000020, Max: 0x00000020, ABSOLUTE)

    Exec Addr    Load Addr    Size         Type   Attr      Idx    E Section Name        Object

    0x0040b70c        -       0x00000020   Zero   RW            1    RAM_STACK_UNUSED.bss  anon$$obj.o


    Execution Region RAM_STACK_SVC (Exec base: 0x0040b72c, Load base: 0x0002edf8, Size: 0x000004f0, Max: 0x000004f0, ABSOLUTE)

    Exec Addr    Load Addr    Size         Type   Attr      Idx    E Section Name        Object

    0x0040b72c        -       0x000004f0   Zero   RW            2    RAM_STACK_SVC.bss   anon$$obj.o


    Execution Region RAM_STACK_IRQ (Exec base: 0x0040bc1c, Load base: 0x0002edf8, Size: 0x000001f0, Max: 0x000001f0, ABSOLUTE)

    Exec Addr    Load Addr    Size         Type   Attr      Idx    E Section Name        Object

    0x0040bc1c        -       0x000001f0   Zero   RW            3    RAM_STACK_IRQ.bss   anon$$obj.o


    Execution Region RAM_STACK_FIQ (Exec base: 0x0040be0c, Load base: 0x0002edf8, Size: 0x000001f0, Max: 0x000001f0, ABSOLUTE)

    Exec Addr    Load Addr    Size         Type   Attr      Idx    E Section Name        Object

    0x0040be0c        -       0x000001f0   Zero   RW            4    RAM_STACK_FIQ.bss   anon$$obj.o


    Execution Region RAM_BSS_1 (Exec base: 0x00815000, Load base: 0x0002edf8, Size: 0x00001258, Max: 0xffffffff, ABSOLUTE)

    Exec Addr    Load Addr    Size         Type   Attr      Idx    E Section Name        Object

    0x00815000        -       0x00001258   Zero   RW         4228    ke_heap             rwip.o


==============================================================================

Image component sizes


      Code (inc. data)   RO Data    RW Data    ZI Data      Debug   Object Name

      3226         74       8744          4          0      21190   aes.o
       696        120        117          0         40      10227   app.o
       184         22         66          0          0       6985   app_fff0.o
      2648        794        498          1          0      26361   app_task.o
      1472        658         91          1         16      13002   arch_main.o
       500         76          0          0          0        432   boot_handlers.o
        92         32          0          0          0        380   boot_vectors.o
      2424        836        163         28        592      16185   elog.o
         0          0          0          0          0       3067   elog_async.o
        92         42          0          0          0       4173   elog_port.o
       292        124         35          0          0       2937   elog_utils.o
        28          6          0          0          0        543   emi.o
       486         16         64          0          0       9123   fff0s.o
       668         22         48          0          0       7792   fff0s_task.o
      2558        284          0         12         12      16611   flash.o
        64         14          0         44          0       8881   gpio.o
       572        104          0          2          0       5071   icu.o
       320         18          0          0          0     110170   intc.o
      2928        266          0          0          0       9055   md5.o
       790         36          0          0        284       8804   prf.o
         0          0          0          0          0       8415   prf_utils.o
      1436        278          0          0         64     114322   rf_xvr.o
        44          8          0          4          0       1318   rtc.o
       630         26          0          0          0     112023   rwble.o
        56          0          0          0          0       2181   rwble_hl.o
       842         76          0          0       4712     116879   rwip.o
       186         16          0         12          0       5708   suble_common.o
        68          0          0          0          0       2451   suble_flash.o
       438        142         21         12          0       5932   suble_gap.o
        56          8          0         90          0       2306   suble_scan_adv.o
       410        152         17          9       1536       5734   suble_svc.o
         2          0          0          0          0        514   suble_test.o
       678        148         38        332        160       9572   suble_timer.o
        96         12          0          0          0       3365   suble_uart.o
       426         36          4          0          0       4666   suble_util.o
         2          0          0          0          0        481   timer.o
       828         42          0         16          0      27593   tuya_ble_api.o
      1074        496        249        112        518      89916   tuya_ble_app_demo.o
      2994        948        203         24        240      12611   tuya_ble_app_ota.o
        96          0          0          0          0       4055   tuya_ble_app_product_test.o
      2878        448         84          8          0      15022   tuya_ble_app_production_test.o
       576         40          0          1         72       4496   tuya_ble_app_uart_common_handler.o
       124         18          0          0          0       1334   tuya_ble_app_uart_module_handler.o
      4328        214          0         52        100      29727   tuya_ble_data_handler.o
       372         78          0         10        928       6183   tuya_ble_event.o
      1054         48          0          0          0      14261   tuya_ble_event_handler.o
       328         42          0          1        172       5575   tuya_ble_gatt_send_queue.o
       520         64          0         24       1536       4475   tuya_ble_heap.o
       656         74         58          8        572       8740   tuya_ble_main.o
        48          0          0          0          0       2002   tuya_ble_mem.o
      1118          4          0          1          0      11156   tuya_ble_mutli_tsf_protocol.o
       728         12          0          0          0      19633   tuya_ble_port_bk3431q.o
       232          0          0          0          0       6160   tuya_ble_queue.o
      1152         32          0          0          0       9957   tuya_ble_storage.o
       274         16         12          0          0       4096   tuya_ble_unix_time.o
       844         16          4          0          0       6604   tuya_ble_utils.o
      1764        262          0         32       3112      35207   uart.o
       120         26          0          1          0       1818   wdt.o

    ----------------------------------------------------------------------
     47656       7346      10530        857      16956     997477   Object Totals
        48         20          0          0       2288          0   (incl. Generated)
        90          0         14         16          2          0   (incl. Padding)

    ----------------------------------------------------------------------

      Code (inc. data)   RO Data    RW Data    ZI Data      Debug   Library Member Name

      1164        268         80          9          0        236   rf_test.o
       764        190          0         38          0        344   rf_pn9_test.o
       138          0          0          0          0         80   __strtoll.o
        30          0          0          0          0         60   _chval.o
       216          0          0          0          0         84   _strtoull.o
        26          0          0          0          0         72   atoll.o
         8          4        133          0          0         60   ctype_o.o
         8          4          0          4          0         60   errno.o
         0          0          0          0          0          0   iusefp.o
       126          0          0          0          0         84   llmul.o
        32          0          0          0          0         68   llshl.o
        38          0          0          0          0         68   llsshr.o
        34          0          0          0          0         68   llushr.o
        38          0          0          0          0        100   memseta.o
      2432        108          0          0          0        760   printfa.o
        14          0          0          0          0         60   strlen.o
        30          0          0          0          0         72   strncmp.o
        26          0          0          0          0         68   strncpy.o
        40          0          0          0          0         72   strstr.o
        96          0          0          0          0         84   uldiv.o
        20          0          0          0          0         60   uread4.o
        28          0          0          0          0         68   uread8.o
        18          0          0          0          0         60   uwrite4.o
        40          2          0          0          0         68   cdrcmple.o
       356          4          0          0          0        140   dadd.o
       240          6          0          0          0         84   ddiv.o
       190          0          0          0          0        156   depilogue.o
        60         10          0          0          0         68   dfixui.o
        64         10          0          0          0         68   dfixul.o
        28          4          0          0          0         68   dfltui.o
       208          6          0          0          0         88   dmul.o
      2636         28          0          0        144      19947   tuya_ble_secure.o

    ----------------------------------------------------------------------
      9152        644        214         55        144      23375   Library Totals
         4          0          1          4          0          0   (incl. Padding)

    ----------------------------------------------------------------------

      Code (inc. data)   RO Data    RW Data    ZI Data      Debug   Library Name

      1164        268         80          9          0        236   bk3435_fcc_mode.lib
       764        190          0         38          0        344   bk3435_pn9_mode.lib
      3398        116        133          4          0       2108   mc_5.l
      1186         42          0          0          0        740   mf_5.l
      2636         28          0          0        144      19947   tuya_ble_sdk_lib_arm9e-s_little_endian.lib

    ----------------------------------------------------------------------
      9152        644        214         55        144      23375   Library Totals

    ----------------------------------------------------------------------

==============================================================================


      Code (inc. data)   RO Data    RW Data    ZI Data      Debug   

     56808       7990      10744        912      17100     999072   Grand Totals
     56808       7990      10744        912      17100     999072   ELF Image Totals
     56808       7990      10744        912          0          0   ROM Totals

==============================================================================

    Total RO  Size (Code + RO Data)                67552 (  65.97kB)
    Total RW  Size (RW Data + ZI Data)             18012 (  17.59kB)
    Total ROM Size (Code + RO Data + RW Data)      68464 (  66.86kB)

==============================================================================

